<html>
<body>
<pre>
<h1>礦ision Build Log</h1>
<h2>Tool Versions:</h2>
IDE-Version: μVision V5.35.0.0
Copyright (C) 2021 ARM Ltd and ARM Germany GmbH. All rights reserved.
License Information: aaa 1229162, HP Inc., LIC=MPPLD-8IA13-BSXYX-H57RU-7LG2P-YFCZN
 
Tool Versions:
Toolchain:       MDK-ARM Plus  Version: 5.35.0.2
Toolchain Path:  D:\keil 5\1\ARM\ARMCC\Bin
C Compiler:      Armcc.exe V5.06 update 7 (build 960)
Assembler:       Armasm.exe V5.06 update 7 (build 960)
Linker/Locator:  ArmLink.exe V5.06 update 7 (build 960)
Library Manager: ArmAr.exe V5.06 update 7 (build 960)
Hex Converter:   FromElf.exe V5.06 update 7 (build 960)
CPU DLL:         SARMCM3.DLL V5.35.0.2
Dialog DLL:      DCM.DLL V1.17.3.0
Target DLL:      CMSIS_AGDI.dll V1.33.0.0
Dialog DLL:      TCM.DLL V1.53.0.0
 
<h2>Project:</h2>
C:\Users\12291\Desktop\人体健康检测\1.项目代码\BH-F103\Project\RVMDK（uv5）\Fire_FreeRTOS.uvprojx
Project File Date:  06/15/2023

<h2>Output:</h2>
*** Using Compiler 'V5.06 update 7 (build 960)', folder: 'D:\keil 5\1\ARM\ARMCC\Bin'
Build target 'Fire_FreeRTOS'
compiling main.c...
..\..\User\inc\core_delay.h(22): warning:  #47-D: incompatible redefinition of macro "Delay_ms"  (declared at line 9 of "..\..\User\inc\bsp_SysTick.h")
  #define Delay_ms(ms)  	CPU_TS_Tmr_Delay_MS(ms)
..\..\User\inc\max30102.h(101): warning:  #1295-D: Deprecated declaration max3012_init - give arg types
  void max3012_init();
..\..\User\main.c: 2 warnings, 0 errors
linking...
Program Size: Code=30416 RO-data=3140 RW-data=332 ZI-data=45636  
FromELF: creating hex file...
"..\..\Output\Fire_FreeRTOS.axf" - 0 Error(s), 2 Warning(s).

<h2>Software Packages used:</h2>

Package Vendor: Keil
                http://www.keil.com/pack/Keil.STM32F1xx_DFP.2.4.0.pack
                Keil.STM32F1xx_DFP.2.4.0
                STMicroelectronics STM32F1 Series Device Support, Drivers and Examples

<h2>Collection of Component include folders:</h2>
  D:\keil 5\2\Keil\STM32F1xx_DFP\2.4.0\Device\Include

<h2>Collection of Component Files used:</h2>
Build Time Elapsed:  00:00:02
</pre>
</body>
</html>
