Component: ARM Compiler 5.06 update 7 (build 960) Tool: armlink [4d3601]

==============================================================================

Section Cross References

    startup_stm32f10x_hd.o(RESET) refers to startup_stm32f10x_hd.o(STACK) for __initial_sp
    startup_stm32f10x_hd.o(RESET) refers to startup_stm32f10x_hd.o(.text) for Reset_Handler
    startup_stm32f10x_hd.o(RESET) refers to stm32f10x_it.o(.text) for NMI_Handler
    startup_stm32f10x_hd.o(RESET) refers to port.o(.emb_text) for SVC_Handler
    startup_stm32f10x_hd.o(.text) refers to system_stm32f10x.o(.text) for SystemInit
    startup_stm32f10x_hd.o(.text) refers to entry.o(.ARM.Collect$$$$00000000) for __main
    system_stm32f10x.o(.text) refers to system_stm32f10x.o(.data) for .data
    stm32f10x_adc.o(.text) refers to stm32f10x_rcc.o(.text) for RCC_APB2PeriphResetCmd
    stm32f10x_bkp.o(.text) refers to stm32f10x_rcc.o(.text) for RCC_BackupResetCmd
    stm32f10x_can.o(.text) refers to stm32f10x_rcc.o(.text) for RCC_APB1PeriphResetCmd
    stm32f10x_cec.o(.text) refers to stm32f10x_rcc.o(.text) for RCC_APB1PeriphResetCmd
    stm32f10x_dac.o(.text) refers to stm32f10x_rcc.o(.text) for RCC_APB1PeriphResetCmd
    stm32f10x_gpio.o(.text) refers to stm32f10x_rcc.o(.text) for RCC_APB2PeriphResetCmd
    stm32f10x_i2c.o(.text) refers to stm32f10x_rcc.o(.text) for RCC_APB1PeriphResetCmd
    stm32f10x_pwr.o(.text) refers to stm32f10x_rcc.o(.text) for RCC_APB1PeriphResetCmd
    stm32f10x_rcc.o(.text) refers to stm32f10x_rcc.o(.data) for .data
    stm32f10x_spi.o(.text) refers to stm32f10x_rcc.o(.text) for RCC_APB2PeriphResetCmd
    stm32f10x_tim.o(.text) refers to stm32f10x_rcc.o(.text) for RCC_APB2PeriphResetCmd
    stm32f10x_usart.o(.text) refers to stm32f10x_rcc.o(.text) for RCC_APB2PeriphResetCmd
    stm32f10x_wwdg.o(.text) refers to stm32f10x_rcc.o(.text) for RCC_APB1PeriphResetCmd
    main.o(.text) refers to bsp_systick.o(.text) for SysTick_Init
    main.o(.text) refers to rx_data_queue.o(.text) for rx_queue_init
    main.o(.text) refers to bsp_led.o(.text) for LED_GPIO_Config
    main.o(.text) refers to bsp_key.o(.text) for Key_GPIO_Config
    main.o(.text) refers to bsp_usart.o(.text) for USART_Config
    main.o(.text) refers to bsp_ili9341_lcd.o(.text) for ILI9341_Config
    main.o(.text) refers to bsp_as608.o(.text) for AS608_Config
    main.o(.text) refers to bsp_task.o(.text) for OS_Task
    stm32f10x_it.o(.text) refers to bsp_systick.o(.text) for TimingDelay_Decrement
    stm32f10x_it.o(.text) refers to tasks.o(.text) for xTaskGetSchedulerState
    stm32f10x_it.o(.text) refers to port.o(.text) for xPortSysTickHandler
    stm32f10x_it.o(.text) refers to stm32f10x_usart.o(.text) for USART_GetITStatus
    stm32f10x_it.o(.text) refers to stm32f10x_exti.o(.text) for EXTI_GetITStatus
    stm32f10x_it.o(.text) refers to rx_data_queue.o(.text) for cbWrite
    stm32f10x_it.o(.text) refers to stm32f10x_it.o(.bss) for .bss
    stm32f10x_it.o(.text) refers to stm32f10x_it.o(.data) for .data
    stm32f10x_it.o(.text) refers to rx_data_queue.o(.bss) for rx_queue
    bsp_key.o(.text) refers to stm32f10x_rcc.o(.text) for RCC_APB2PeriphClockCmd
    bsp_key.o(.text) refers to stm32f10x_gpio.o(.text) for GPIO_Init
    bsp_key.o(.text) refers to misc.o(.text) for NVIC_PriorityGroupConfig
    bsp_key.o(.text) refers to stm32f10x_exti.o(.text) for EXTI_Init
    bsp_systick.o(.text) refers to system_stm32f10x.o(.data) for SystemCoreClock
    bsp_systick.o(.text) refers to bsp_systick.o(.data) for .data
    bsp_task.o(.text) refers to queue.o(.text) for xQueueGenericSend
    bsp_task.o(.text) refers to bsp_key.o(.text) for Key_Scan
    bsp_task.o(.text) refers to tasks.o(.text) for vTaskDelay
    bsp_task.o(.text) refers to bsp_ili9341_lcd.o(.text) for ILI9341_DispString_EN
    bsp_task.o(.text) refers to bsp_as608.o(.text) for AS608_TASK
    bsp_task.o(.text) refers to stm32f10x_gpio.o(.text) for GPIO_ReadInputDataBit
    bsp_task.o(.text) refers to bsp_hc05.o(.text) for HC05_Send_CMD
    bsp_task.o(.text) refers to printf5.o(i.__0printf$5) for __2printf
    bsp_task.o(.text) refers to timers.o(.text) for xTimerCreate
    bsp_task.o(.text) refers to port.o(.text) for vPortEnterCritical
    bsp_task.o(.text) refers to printf5.o(i.__0sprintf$5) for __2sprintf
    bsp_task.o(.text) refers to bsp_task.o(.data) for .data
    bsp_task.o(.text) refers to bsp_task.o(.bss) for .bss
    bsp_hc05_usart.o(.text) refers to misc.o(.text) for NVIC_PriorityGroupConfig
    bsp_hc05_usart.o(.text) refers to stm32f10x_rcc.o(.text) for RCC_APB1PeriphClockCmd
    bsp_hc05_usart.o(.text) refers to stm32f10x_gpio.o(.text) for GPIO_Init
    bsp_hc05_usart.o(.text) refers to stm32f10x_usart.o(.text) for USART_Init
    bsp_hc05_usart.o(.text) refers to stm32f10x_it.o(.bss) for BLT_USART_ReceiveData
    bsp_usart.o(.text) refers to stm32f10x_rcc.o(.text) for RCC_APB2PeriphClockCmd
    bsp_usart.o(.text) refers to stm32f10x_gpio.o(.text) for GPIO_Init
[...]
    printf8.o(i.__0vfprintf$8) refers to printf8.o(i._printf_core) for _printf_core
    printf8.o(i.__0vfprintf$8) refers to bsp_usart.o(.text) for fputc
    printf8.o(i.__0vprintf$8) refers to printf8.o(i._printf_core) for _printf_core
    printf8.o(i.__0vprintf$8) refers to bsp_usart.o(.text) for fputc
    printf8.o(i.__0vprintf$8) refers to stdout.o(.data) for __stdout
    printf8.o(i.__0vsnprintf$8) refers to printf8.o(i._printf_core) for _printf_core
    printf8.o(i.__0vsnprintf$8) refers to printf8.o(i._snputc) for _snputc
    printf8.o(i.__0vsprintf$8) refers to printf8.o(i._printf_core) for _printf_core
    printf8.o(i.__0vsprintf$8) refers to printf8.o(i._sputc) for _sputc
    printf8.o(i._printf_core) refers to printf8.o(i._printf_pre_padding) for _printf_pre_padding
    printf8.o(i._printf_core) refers to uldiv.o(.text) for __aeabi_uldivmod
    printf8.o(i._printf_core) refers to printf8.o(i._printf_post_padding) for _printf_post_padding
    printfa.o(i.__0fprintf) refers (Special) to iusefp.o(.text) for __I$use$fp
    printfa.o(i.__0fprintf) refers to printfa.o(i._printf_core) for _printf_core
    printfa.o(i.__0fprintf) refers to bsp_usart.o(.text) for fputc
    printfa.o(i.__0printf) refers (Special) to iusefp.o(.text) for __I$use$fp
    printfa.o(i.__0printf) refers to printfa.o(i._printf_core) for _printf_core
    printfa.o(i.__0printf) refers to bsp_usart.o(.text) for fputc
    printfa.o(i.__0printf) refers to stdout.o(.data) for __stdout
    printfa.o(i.__0snprintf) refers (Special) to iusefp.o(.text) for __I$use$fp
    printfa.o(i.__0snprintf) refers to printfa.o(i._printf_core) for _printf_core
    printfa.o(i.__0snprintf) refers to printfa.o(i._snputc) for _snputc
    printfa.o(i.__0sprintf) refers (Special) to iusefp.o(.text) for __I$use$fp
    printfa.o(i.__0sprintf) refers to printfa.o(i._printf_core) for _printf_core
    printfa.o(i.__0sprintf) refers to printfa.o(i._sputc) for _sputc
    printfa.o(i.__0vfprintf) refers (Special) to iusefp.o(.text) for __I$use$fp
    printfa.o(i.__0vfprintf) refers to printfa.o(i._printf_core) for _printf_core
    printfa.o(i.__0vfprintf) refers to bsp_usart.o(.text) for fputc
    printfa.o(i.__0vprintf) refers (Special) to iusefp.o(.text) for __I$use$fp
    printfa.o(i.__0vprintf) refers to printfa.o(i._printf_core) for _printf_core
    printfa.o(i.__0vprintf) refers to bsp_usart.o(.text) for fputc
    printfa.o(i.__0vprintf) refers to stdout.o(.data) for __stdout
    printfa.o(i.__0vsnprintf) refers (Special) to iusefp.o(.text) for __I$use$fp
    printfa.o(i.__0vsnprintf) refers to printfa.o(i._printf_core) for _printf_core
    printfa.o(i.__0vsnprintf) refers to printfa.o(i._snputc) for _snputc
    printfa.o(i.__0vsprintf) refers (Special) to iusefp.o(.text) for __I$use$fp
    printfa.o(i.__0vsprintf) refers to printfa.o(i._printf_core) for _printf_core
    printfa.o(i.__0vsprintf) refers to printfa.o(i._sputc) for _sputc
    printfa.o(i._fp_digits) refers (Special) to iusefp.o(.text) for __I$use$fp
    printfa.o(i._fp_digits) refers to dmul.o(.text) for __aeabi_dmul
    printfa.o(i._fp_digits) refers to ddiv.o(.text) for __aeabi_ddiv
    printfa.o(i._fp_digits) refers to cdrcmple.o(.text) for __aeabi_cdrcmple
    printfa.o(i._fp_digits) refers to dadd.o(.text) for __aeabi_dadd
    printfa.o(i._fp_digits) refers to dfixul.o(.text) for __aeabi_d2ulz
    printfa.o(i._fp_digits) refers to uldiv.o(.text) for __aeabi_uldivmod
    printfa.o(i._printf_core) refers (Special) to iusefp.o(.text) for __I$use$fp
    printfa.o(i._printf_core) refers to printfa.o(i._printf_pre_padding) for _printf_pre_padding
    printfa.o(i._printf_core) refers to uldiv.o(.text) for __aeabi_uldivmod
    printfa.o(i._printf_core) refers to printfa.o(i._printf_post_padding) for _printf_post_padding
    printfa.o(i._printf_core) refers to printfa.o(i._fp_digits) for _fp_digits
    printfa.o(i._printf_core) refers to uidiv.o(.text) for __aeabi_uidivmod
    printfa.o(i._printf_post_padding) refers (Special) to iusefp.o(.text) for __I$use$fp
    printfa.o(i._printf_pre_padding) refers (Special) to iusefp.o(.text) for __I$use$fp
    printfa.o(i._snputc) refers (Special) to iusefp.o(.text) for __I$use$fp
    printfa.o(i._sputc) refers (Special) to iusefp.o(.text) for __I$use$fp
    entry2.o(.ARM.Collect$$$$00000001) refers to entry2.o(.ARM.Collect$$$$00002712) for __lit__00000000
    entry2.o(.ARM.Collect$$$$00002712) refers to startup_stm32f10x_hd.o(STACK) for __initial_sp
    entry2.o(__vectab_stack_and_reset_area) refers to startup_stm32f10x_hd.o(STACK) for __initial_sp
    entry2.o(__vectab_stack_and_reset_area) refers to entry.o(.ARM.Collect$$$$00000000) for __main
    entry5.o(.ARM.Collect$$$$00000004) refers to init.o(.text) for __scatterload
    entry9a.o(.ARM.Collect$$$$0000000B) refers to main.o(.text) for main
    entry9b.o(.ARM.Collect$$$$0000000C) refers to main.o(.text) for main
    uldiv.o(.text) refers to llushr.o(.text) for __aeabi_llsr
    uldiv.o(.text) refers to llshl.o(.text) for __aeabi_llsl
    dadd.o(.text) refers to llshl.o(.text) for __aeabi_llsl
    dadd.o(.text) refers to llsshr.o(.text) for __aeabi_lasr
    dadd.o(.text) refers to depilogue.o(.text) for _double_epilogue
    dmul.o(.text) refers to depilogue.o(.text) for _double_epilogue
    ddiv.o(.text) refers to depilogue.o(.text) for _double_round
    dfixul.o(.text) refers to llushr.o(.text) for __aeabi_llsr
    dfixul.o(.text) refers to llshl.o(.text) for __aeabi_llsl
    init.o(.text) refers to entry5.o(.ARM.Collect$$$$00000004) for __main_after_scatterload
    depilogue.o(.text) refers to llshl.o(.text) for __aeabi_llsl
    depilogue.o(.text) refers to llushr.o(.text) for __aeabi_llsr


==============================================================================

Removing Unused input sections from the image.

    Removing startup_stm32f10x_hd.o(HEAP), (512 bytes).
    Removing core_cm3.o(.emb_text), (32 bytes).
    Removing stm32f10x_adc.o(.text), (904 bytes).
    Removing stm32f10x_bkp.o(.text), (156 bytes).
    Removing stm32f10x_can.o(.text), (1980 bytes).
    Removing stm32f10x_cec.o(.text), (252 bytes).
    Removing stm32f10x_crc.o(.text), (64 bytes).
    Removing stm32f10x_dac.o(.text), (284 bytes).
    Removing stm32f10x_dbgmcu.o(.text), (44 bytes).
    Removing stm32f10x_dma.o(.text), (488 bytes).
    Removing stm32f10x_flash.o(.text), (1188 bytes).
    Removing stm32f10x_i2c.o(.text), (912 bytes).
    Removing stm32f10x_iwdg.o(.text), (60 bytes).
    Removing stm32f10x_pwr.o(.text), (172 bytes).
    Removing stm32f10x_rtc.o(.text), (276 bytes).
    Removing stm32f10x_sdio.o(.text), (432 bytes).
    Removing stm32f10x_spi.o(.text), (692 bytes).
    Removing stm32f10x_tim.o(.text), (3114 bytes).
    Removing stm32f10x_wwdg.o(.text), (128 bytes).
    Removing stm32f10x_it.o(.bss), (1028 bytes).
    Removing bsp_task.o(.data), (4 bytes).
    Removing bsp_task.o(.data), (4 bytes).
    Removing bsp_hc05_usart.o(.bss), (1024 bytes).
    Removing bsp_hc05_usart.o(.data), (2 bytes).
    Removing fonts.o(.constdata), (4560 bytes).
    Removing fonts.o(.constdata), (9120 bytes).
    Removing fonts.o(.data), (8 bytes).
    Removing fonts.o(.data), (8 bytes).
    Removing bsp_hc05.o(.bss), (1001 bytes).
    Removing event_groups.o(.text), (832 bytes).
    Removing dadd.o(.text), (334 bytes).
    Removing dmul.o(.text), (228 bytes).
    Removing ddiv.o(.text), (222 bytes).
    Removing dfixul.o(.text), (48 bytes).
    Removing cdrcmple.o(.text), (48 bytes).
    Removing depilogue.o(.text), (186 bytes).

36 unused section(s) (total 30347 bytes) removed from the image.

==============================================================================

Image Symbol Table

    Local Symbols

    Symbol Name                              Value     Ov Type        Size  Object(Section)

    ../clib/microlib/division.c              0x00000000   Number         0  uidiv.o ABSOLUTE
    ../clib/microlib/division.c              0x00000000   Number         0  uldiv.o ABSOLUTE
    ../clib/microlib/init/entry.s            0x00000000   Number         0  entry8a.o ABSOLUTE
    ../clib/microlib/init/entry.s            0x00000000   Number         0  entry12b.o ABSOLUTE
    ../clib/microlib/init/entry.s            0x00000000   Number         0  entry10b.o ABSOLUTE
    ../clib/microlib/init/entry.s            0x00000000   Number         0  entry9b.o ABSOLUTE
    ../clib/microlib/init/entry.s            0x00000000   Number         0  entry9a.o ABSOLUTE
    ../clib/microlib/init/entry.s            0x00000000   Number         0  entry12a.o ABSOLUTE
    ../clib/microlib/init/entry.s            0x00000000   Number         0  entry11b.o ABSOLUTE
    ../clib/microlib/init/entry.s            0x00000000   Number         0  entry8b.o ABSOLUTE
    ../clib/microlib/init/entry.s            0x00000000   Number         0  entry.o ABSOLUTE
    ../clib/microlib/init/entry.s            0x00000000   Number         0  entry7b.o ABSOLUTE
    ../clib/microlib/init/entry.s            0x00000000   Number         0  entry7a.o ABSOLUTE
    ../clib/microlib/init/entry.s            0x00000000   Number         0  entry2.o ABSOLUTE
    ../clib/microlib/init/entry.s            0x00000000   Number         0  entry5.o ABSOLUTE
    ../clib/microlib/init/entry.s            0x00000000   Number         0  entry10a.o ABSOLUTE
    ../clib/microlib/init/entry.s            0x00000000   Number         0  entry11a.o ABSOLUTE
    ../clib/microlib/longlong.c              0x00000000   Number         0  llshl.o ABSOLUTE
    ../clib/microlib/longlong.c              0x00000000   Number         0  llushr.o ABSOLUTE
    ../clib/microlib/longlong.c              0x00000000   Number         0  llsshr.o ABSOLUTE
    ../clib/microlib/printf/printf.c         0x00000000   Number         0  printf8.o ABSOLUTE
    ../clib/microlib/printf/printf.c         0x00000000   Number         0  printf7.o ABSOLUTE
    ../clib/microlib/printf/printf.c         0x00000000   Number         0  printf6.o ABSOLUTE
    ../clib/microlib/printf/printf.c         0x00000000   Number         0  printf5.o ABSOLUTE
    ../clib/microlib/printf/printf.c         0x00000000   Number         0  printf1.o ABSOLUTE
    ../clib/microlib/printf/printf.c         0x00000000   Number         0  printf4.o ABSOLUTE
    ../clib/microlib/printf/printf.c         0x00000000   Number         0  printf0.o ABSOLUTE
    ../clib/microlib/printf/printf.c         0x00000000   Number         0  printfb.o ABSOLUTE
    ../clib/microlib/printf/printf.c         0x00000000   Number         0  printf2.o ABSOLUTE
    ../clib/microlib/printf/printf.c         0x00000000   Number         0  printf3.o ABSOLUTE
    ../clib/microlib/printf/printf.c         0x00000000   Number         0  printfa.o ABSOLUTE
    ../clib/microlib/printf/stubs.s          0x00000000   Number         0  stubs.o ABSOLUTE
    ../clib/microlib/stdio/streams.c         0x00000000   Number         0  stdout.o ABSOLUTE
    ../clib/microlib/string/memcpy.c         0x00000000   Number         0  memcpya.o ABSOLUTE
    ../clib/microlib/string/memcpy.c         0x00000000   Number         0  memcpyb.o ABSOLUTE
    ../clib/microlib/string/memset.c         0x00000000   Number         0  memseta.o ABSOLUTE
    ../clib/microlib/string/strstr.c         0x00000000   Number         0  strstr.o ABSOLUTE
    ../clib/microlib/stubs.s                 0x00000000   Number         0  iusefp.o ABSOLUTE
    ../fplib/microlib/fpadd.c                0x00000000   Number         0  dadd.o ABSOLUTE
    ../fplib/microlib/fpdiv.c                0x00000000   Number         0  ddiv.o ABSOLUTE
    ../fplib/microlib/fpepilogue.c           0x00000000   Number         0  depilogue.o ABSOLUTE
    ../fplib/microlib/fpfix.c                0x00000000   Number         0  dfixul.o ABSOLUTE
    ../fplib/microlib/fpmul.c                0x00000000   Number         0  dmul.o ABSOLUTE
    ..\..\FreeRTOS\port\MemMang\heap_4.c     0x00000000   Number         0  heap_4.o ABSOLUTE
    ..\..\FreeRTOS\port\RVDS\ARM_CM3\port.c  0x00000000   Number         0  port.o ABSOLUTE
    ..\..\FreeRTOS\src\croutine.c            0x00000000   Number         0  croutine.o ABSOLUTE
    ..\..\FreeRTOS\src\event_groups.c        0x00000000   Number         0  event_groups.o ABSOLUTE
    ..\..\FreeRTOS\src\list.c                0x00000000   Number         0  list.o ABSOLUTE
    ..\..\FreeRTOS\src\queue.c               0x00000000   Number         0  queue.o ABSOLUTE
    ..\..\FreeRTOS\src\tasks.c               0x00000000   Number         0  tasks.o ABSOLUTE
    ..\..\FreeRTOS\src\timers.c              0x00000000   Number         0  timers.o ABSOLUTE
    ..\..\Libraries\CMSIS\core_cm3.c         0x00000000   Number         0  core_cm3.o ABSOLUTE
    ..\..\Libraries\CMSIS\startup\startup_stm32f10x_hd.s 0x00000000   Number         0  startup_stm32f10x_hd.o ABSOLUTE
    ..\..\Libraries\CMSIS\system_stm32f10x.c 0x00000000   Number         0  system_stm32f10x.o ABSOLUTE
    ..\..\Libraries\FWlib\src\misc.c         0x00000000   Number         0  misc.o ABSOLUTE
    ..\..\Libraries\FWlib\src\stm32f10x_adc.c 0x00000000   Number         0  stm32f10x_adc.o ABSOLUTE
    ..\..\Libraries\FWlib\src\stm32f10x_bkp.c 0x00000000   Number         0  stm32f10x_bkp.o ABSOLUTE
    ..\..\Libraries\FWlib\src\stm32f10x_can.c 0x00000000   Number         0  stm32f10x_can.o ABSOLUTE
    ..\..\Libraries\FWlib\src\stm32f10x_cec.c 0x00000000   Number         0  stm32f10x_cec.o ABSOLUTE
    ..\..\Libraries\FWlib\src\stm32f10x_crc.c 0x00000000   Number         0  stm32f10x_crc.o ABSOLUTE
    ..\..\Libraries\FWlib\src\stm32f10x_dac.c 0x00000000   Number         0  stm32f10x_dac.o ABSOLUTE
    ..\..\Libraries\FWlib\src\stm32f10x_dbgmcu.c 0x00000000   Number         0  stm32f10x_dbgmcu.o ABSOLUTE
    ..\..\Libraries\FWlib\src\stm32f10x_dma.c 0x00000000   Number         0  stm32f10x_dma.o ABSOLUTE
    ..\..\Libraries\FWlib\src\stm32f10x_exti.c 0x00000000   Number         0  stm32f10x_exti.o ABSOLUTE
    ..\..\Libraries\FWlib\src\stm32f10x_flash.c 0x00000000   Number         0  stm32f10x_flash.o ABSOLUTE
    ..\..\Libraries\FWlib\src\stm32f10x_fsmc.c 0x00000000   Number         0  stm32f10x_fsmc.o ABSOLUTE
    ..\..\Libraries\FWlib\src\stm32f10x_gpio.c 0x00000000   Number         0  stm32f10x_gpio.o ABSOLUTE
    ..\..\Libraries\FWlib\src\stm32f10x_i2c.c 0x00000000   Number         0  stm32f10x_i2c.o ABSOLUTE
    ..\..\Libraries\FWlib\src\stm32f10x_iwdg.c 0x00000000   Number         0  stm32f10x_iwdg.o ABSOLUTE
    ..\..\Libraries\FWlib\src\stm32f10x_pwr.c 0x00000000   Number         0  stm32f10x_pwr.o ABSOLUTE
    ..\..\Libraries\FWlib\src\stm32f10x_rcc.c 0x00000000   Number         0  stm32f10x_rcc.o ABSOLUTE
    ..\..\Libraries\FWlib\src\stm32f10x_rtc.c 0x00000000   Number         0  stm32f10x_rtc.o ABSOLUTE
    ..\..\Libraries\FWlib\src\stm32f10x_sdio.c 0x00000000   Number         0  stm32f10x_sdio.o ABSOLUTE
    ..\..\Libraries\FWlib\src\stm32f10x_spi.c 0x00000000   Number         0  stm32f10x_spi.o ABSOLUTE
    ..\..\Libraries\FWlib\src\stm32f10x_tim.c 0x00000000   Number         0  stm32f10x_tim.o ABSOLUTE
    ..\..\Libraries\FWlib\src\stm32f10x_usart.c 0x00000000   Number         0  stm32f10x_usart.o ABSOLUTE
    ..\..\Libraries\FWlib\src\stm32f10x_wwdg.c 0x00000000   Number         0  stm32f10x_wwdg.o ABSOLUTE
    ..\..\User\main.c                        0x00000000   Number         0  main.o ABSOLUTE
    ..\..\User\src\bsp_SysTick.c             0x00000000   Number         0  bsp_systick.o ABSOLUTE
    ..\..\User\src\bsp_as608.c               0x00000000   Number         0  bsp_as608.o ABSOLUTE
    ..\..\User\src\bsp_hc05.c                0x00000000   Number         0  bsp_hc05.o ABSOLUTE
    ..\..\User\src\bsp_hc05_usart.c          0x00000000   Number         0  bsp_hc05_usart.o ABSOLUTE
    ..\..\User\src\bsp_ili9341_lcd.c         0x00000000   Number         0  bsp_ili9341_lcd.o ABSOLUTE
    ..\..\User\src\bsp_key.c                 0x00000000   Number         0  bsp_key.o ABSOLUTE
    ..\..\User\src\bsp_led.c                 0x00000000   Number         0  bsp_led.o ABSOLUTE
    ..\..\User\src\bsp_task.c                0x00000000   Number         0  bsp_task.o ABSOLUTE
    ..\..\User\src\bsp_usart.c               0x00000000   Number         0  bsp_usart.o ABSOLUTE
    ..\..\User\src\fonts.c                   0x00000000   Number         0  fonts.o ABSOLUTE
    ..\..\User\src\rx_data_queue.c           0x00000000   Number         0  rx_data_queue.o ABSOLUTE
    ..\..\User\stm32f10x_it.c                0x00000000   Number         0  stm32f10x_it.o ABSOLUTE
    ..\\..\\FreeRTOS\\port\\RVDS\\ARM_CM3\\port.c 0x00000000   Number         0  port.o ABSOLUTE
    ..\\..\\Libraries\\CMSIS\\core_cm3.c     0x00000000   Number         0  core_cm3.o ABSOLUTE
    cdrcmple.s                               0x00000000   Number         0  cdrcmple.o ABSOLUTE
    dc.s                                     0x00000000   Number         0  dc.o ABSOLUTE
    handlers.s                               0x00000000   Number         0  handlers.o ABSOLUTE
    init.s                                   0x00000000   Number         0  init.o ABSOLUTE
    RESET                                    0x08000000   Section      304  startup_stm32f10x_hd.o(RESET)
    .ARM.Collect$$$$00000000                 0x08000130   Section        0  entry.o(.ARM.Collect$$$$00000000)
    .ARM.Collect$$$$00000001                 0x08000130   Section        4  entry2.o(.ARM.Collect$$$$00000001)
    .ARM.Collect$$$$00000004                 0x08000134   Section        4  entry5.o(.ARM.Collect$$$$00000004)
    .ARM.Collect$$$$00000008                 0x08000138   Section        0  entry7b.o(.ARM.Collect$$$$00000008)
    .ARM.Collect$$$$0000000A                 0x08000138   Section        0  entry8b.o(.ARM.Collect$$$$0000000A)
    .ARM.Collect$$$$0000000B                 0x08000138   Section        8  entry9a.o(.ARM.Collect$$$$0000000B)
    .ARM.Collect$$$$0000000E                 0x08000140   Section        4  entry12b.o(.ARM.Collect$$$$0000000E)
    .ARM.Collect$$$$0000000F                 0x08000144   Section        0  entry10a.o(.ARM.Collect$$$$0000000F)
    .ARM.Collect$$$$00000011                 0x08000144   Section        0  entry11a.o(.ARM.Collect$$$$00000011)
    .ARM.Collect$$$$00002712                 0x08000144   Section        4  entry2.o(.ARM.Collect$$$$00002712)
    __lit__00000000                          0x08000144   Data           4  entry2.o(.ARM.Collect$$$$00002712)
    .emb_text                                0x08000148   Section      150  port.o(.emb_text)
    .text                                    0x080001e0   Section       36  startup_stm32f10x_hd.o(.text)
    .text                                    0x08000204   Section        0  system_stm32f10x.o(.text)
    SetSysClockTo72                          0x08000205   Thumb Code   166  system_stm32f10x.o(.text)
    SetSysClock                              0x080002ab   Thumb Code     2  system_stm32f10x.o(.text)
    .text                                    0x08000378   Section        0  misc.o(.text)
    .text                                    0x08000430   Section        0  stm32f10x_exti.o(.text)
    .text                                    0x0800051c   Section        0  stm32f10x_fsmc.o(.text)
    .text                                    0x080009d4   Section        0  stm32f10x_gpio.o(.text)
    .text                                    0x08000c6c   Section        0  stm32f10x_rcc.o(.text)
    .text                                    0x08000f60   Section        0  stm32f10x_usart.o(.text)
    .text                                    0x080012fc   Section        0  main.o(.text)
    .text                                    0x08001324   Section        0  stm32f10x_it.o(.text)
    .text                                    0x08001440   Section        0  bsp_key.o(.text)
    NVIC_Config                              0x08001499   Thumb Code    66  bsp_key.o(.text)
    .text                                    0x08001574   Section        0  bsp_systick.o(.text)
    SysTick_Config                           0x08001575   Thumb Code    40  bsp_systick.o(.text)
    .text                                    0x08001648   Section        0  bsp_task.o(.text)
    .text                                    0x08001b60   Section        0  bsp_hc05_usart.o(.text)
    NVIC_Configuration                       0x08001b61   Thumb Code    42  bsp_hc05_usart.o(.text)
    Usart_SendByte                           0x08001c1d   Thumb Code    24  bsp_hc05_usart.o(.text)
    .text                                    0x08001ca0   Section        0  bsp_usart.o(.text)
    .text                                    0x08001da0   Section        0  bsp_led.o(.text)
    .text                                    0x08001e0c   Section        0  bsp_ili9341_lcd.o(.text)
    ILI9341_Delay                            0x08001e0d   Thumb Code    18  bsp_ili9341_lcd.o(.text)
    ILI9341_GPIO_Config                      0x08001e1f   Thumb Code   362  bsp_ili9341_lcd.o(.text)
    ILI9341_FSMC_Config                      0x08001f89   Thumb Code   106  bsp_ili9341_lcd.o(.text)
    ILI9341_REG_Config                       0x08002039   Thumb Code   750  bsp_ili9341_lcd.o(.text)
    ILI9341_SetCursor                        0x08002447   Thumb Code     6  bsp_ili9341_lcd.o(.text)
    ILI9341_Read_PixelData                   0x0800248d   Thumb Code    38  bsp_ili9341_lcd.o(.text)
    ILI9341_FillColor                        0x080028a5   Thumb Code    28  bsp_ili9341_lcd.o(.text)
    .text                                    0x080028c4   Section        0  bsp_hc05.o(.text)
    HC05_GPIO_Config                         0x080028c5   Thumb Code    62  bsp_hc05.o(.text)
    .text                                    0x08002b4c   Section        0  bsp_as608.o(.text)
    NVIC_Configuration                       0x08002b4d   Thumb Code    62  bsp_as608.o(.text)
    AS608_SendData                           0x08002c59   Thumb Code    26  bsp_as608.o(.text)
    AS608_PackHead                           0x08002c73   Thumb Code    52  bsp_as608.o(.text)
    SendFlag                                 0x08002ca7   Thumb Code     2  bsp_as608.o(.text)
    SendLength                               0x08002ca9   Thumb Code    18  bsp_as608.o(.text)
    Sendcmd                                  0x08002cbb   Thumb Code     2  bsp_as608.o(.text)
    SendCheck                                0x08002cbd   Thumb Code    18  bsp_as608.o(.text)
    ReturnFlag                               0x08002ccf   Thumb Code    34  bsp_as608.o(.text)
    ShowErrMessage                           0x08002e4d   Thumb Code   180  bsp_as608.o(.text)
    PS_Connect                               0x08003511   Thumb Code    90  bsp_as608.o(.text)
    .text                                    0x0800381c   Section        0  rx_data_queue.o(.text)
    .text                                    0x080039b8   Section        0  list.o(.text)
    .text                                    0x08003a40   Section        0  queue.o(.text)
    prvInitialiseNewQueue                    0x08003ac3   Thumb Code    32  queue.o(.text)
    prvCopyDataToQueue                       0x08003b23   Thumb Code    92  queue.o(.text)
    prvNotifyQueueSetContainer               0x08003b7f   Thumb Code   110  queue.o(.text)
    prvUnlockQueue                           0x08003bed   Thumb Code   126  queue.o(.text)
    prvIsQueueFull                           0x08003c6b   Thumb Code    30  queue.o(.text)
    prvIsQueueEmpty                          0x08003fa5   Thumb Code    26  queue.o(.text)
    prvCopyDataFromQueue                     0x08003fbf   Thumb Code    40  queue.o(.text)
    .text                                    0x08004464   Section        0  tasks.o(.text)
    prvInitialiseTaskLists                   0x08004465   Thumb Code    74  tasks.o(.text)
    prvAddNewTaskToReadyList                 0x080044af   Thumb Code   124  tasks.o(.text)
    prvInitialiseNewTask                     0x0800452b   Thumb Code   134  tasks.o(.text)
    prvResetNextTaskUnblockTime              0x08004611   Thumb Code    30  tasks.o(.text)
    prvDeleteTCB                             0x0800462f   Thumb Code    20  tasks.o(.text)
    prvAddCurrentTaskToDelayedList           0x08004895   Thumb Code   102  tasks.o(.text)
    prvTaskIsTaskSuspended                   0x08004c29   Thumb Code    50  tasks.o(.text)
    prvCheckTasksWaitingTermination          0x08004d65   Thumb Code    76  tasks.o(.text)
    prvIdleTask                              0x08004db1   Thumb Code    30  tasks.o(.text)
    .text                                    0x08005494   Section        0  timers.o(.text)
    prvInsertTimerInActiveList               0x08005495   Thumb Code    60  timers.o(.text)
    prvSwitchTimerLists                      0x0800553f   Thumb Code   100  timers.o(.text)
    prvSampleTimeNow                         0x080055a3   Thumb Code    38  timers.o(.text)
    prvProcessReceivedCommands               0x080055c9   Thumb Code   182  timers.o(.text)
    prvProcessExpiredTimer                   0x0800567f   Thumb Code    84  timers.o(.text)
    prvProcessTimerOrBlockTask               0x080056d3   Thumb Code   100  timers.o(.text)
    prvGetNextExpireTime                     0x08005737   Thumb Code    30  timers.o(.text)
    prvTimerTask                             0x08005755   Thumb Code    20  timers.o(.text)
    prvCheckForValidListAndQueue             0x08005769   Thumb Code    62  timers.o(.text)
    prvInitialiseNewTimer                    0x080057e1   Thumb Code    68  timers.o(.text)
    .text                                    0x08005984   Section        0  heap_4.o(.text)
    prvInsertBlockIntoFreeList               0x08005985   Thumb Code    78  heap_4.o(.text)
    prvHeapInit                              0x080059d3   Thumb Code    68  heap_4.o(.text)
    .text                                    0x08005b98   Section        0  port.o(.text)
    prvTaskExitError                         0x08005b99   Thumb Code    34  port.o(.text)
    .text                                    0x08005d84   Section        0  memcpya.o(.text)
    .text                                    0x08005da8   Section        0  memseta.o(.text)
    .text                                    0x08005dcc   Section        0  strstr.o(.text)
    .text                                    0x08005df0   Section        0  uldiv.o(.text)
    .text                                    0x08005e54   Section       36  init.o(.text)
    .text                                    0x08005e78   Section        0  llshl.o(.text)
    .text                                    0x08005e96   Section        0  llushr.o(.text)
    i.__0printf$5                            0x08005eb8   Section        0  printf5.o(i.__0printf$5)
    i.__0sprintf$5                           0x08005ed8   Section        0  printf5.o(i.__0sprintf$5)
    i.__scatterload_copy                     0x08005f00   Section       14  handlers.o(i.__scatterload_copy)
    i.__scatterload_null                     0x08005f0e   Section        2  handlers.o(i.__scatterload_null)
    i.__scatterload_zeroinit                 0x08005f10   Section       14  handlers.o(i.__scatterload_zeroinit)
    i._printf_core                           0x08005f20   Section        0  printf5.o(i._printf_core)
    _printf_core                             0x08005f21   Thumb Code   660  printf5.o(i._printf_core)
    i._sputc                                 0x080061e0   Section        0  printf5.o(i._sputc)
    _sputc                                   0x080061e1   Thumb Code    10  printf5.o(i._sputc)
    .constdata                               0x080061ea   Section     1520  fonts.o(.constdata)
    .data                                    0x20000000   Section       20  system_stm32f10x.o(.data)
    .data                                    0x20000014   Section       20  stm32f10x_rcc.o(.data)
    ADCPrescTable                            0x20000014   Data           4  stm32f10x_rcc.o(.data)
    APBAHBPrescTable                         0x20000018   Data          16  stm32f10x_rcc.o(.data)
    .data                                    0x20000028   Section        4  stm32f10x_it.o(.data)
    .data                                    0x2000002c   Section        4  bsp_systick.o(.data)
    TimingDelay                              0x2000002c   Data           4  bsp_systick.o(.data)
    .data                                    0x20000030   Section       74  bsp_task.o(.data)
    timer                                    0x20000038   Data           4  bsp_task.o(.data)
    .data                                    0x2000007c   Section       16  bsp_ili9341_lcd.o(.data)
    CurrentTextColor                         0x20000084   Data           2  bsp_ili9341_lcd.o(.data)
    CurrentBackColor                         0x20000086   Data           2  bsp_ili9341_lcd.o(.data)
    LCD_Currentfonts                         0x20000088   Data           4  bsp_ili9341_lcd.o(.data)
    .data                                    0x2000008c   Section        8  fonts.o(.data)
    .data                                    0x20000094   Section        8  bsp_as608.o(.data)
    .data                                    0x2000009c   Section       60  tasks.o(.data)
    uxDeletedTasksWaitingCleanUp             0x200000a0   Data           4  tasks.o(.data)
    uxCurrentNumberOfTasks                   0x200000a4   Data           4  tasks.o(.data)
    xTickCount                               0x200000a8   Data           4  tasks.o(.data)
    uxTopReadyPriority                       0x200000ac   Data           4  tasks.o(.data)
    xSchedulerRunning                        0x200000b0   Data           4  tasks.o(.data)
    uxPendedTicks                            0x200000b4   Data           4  tasks.o(.data)
    xYieldPending                            0x200000b8   Data           4  tasks.o(.data)
    xNumOfOverflows                          0x200000bc   Data           4  tasks.o(.data)
    uxTaskNumber                             0x200000c0   Data           4  tasks.o(.data)
    xNextTaskUnblockTime                     0x200000c4   Data           4  tasks.o(.data)
    xIdleTaskHandle                          0x200000c8   Data           4  tasks.o(.data)
    uxSchedulerSuspended                     0x200000cc   Data           4  tasks.o(.data)
    pxDelayedTaskList                        0x200000d0   Data           4  tasks.o(.data)
    pxOverflowDelayedTaskList                0x200000d4   Data           4  tasks.o(.data)
    .data                                    0x200000d8   Section       20  timers.o(.data)
    xTimerQueue                              0x200000d8   Data           4  timers.o(.data)
    xTimerTaskHandle                         0x200000dc   Data           4  timers.o(.data)
    xLastTime                                0x200000e0   Data           4  timers.o(.data)
    pxCurrentTimerList                       0x200000e4   Data           4  timers.o(.data)
    pxOverflowTimerList                      0x200000e8   Data           4  timers.o(.data)
    .data                                    0x200000ec   Section       24  heap_4.o(.data)
    pxEnd                                    0x200000ec   Data           4  heap_4.o(.data)
    xFreeBytesRemaining                      0x200000f0   Data           4  heap_4.o(.data)
    xMinimumEverFreeBytesRemaining           0x200000f4   Data           4  heap_4.o(.data)
    xBlockAllocatedBit                       0x200000f8   Data           4  heap_4.o(.data)
    xStart                                   0x200000fc   Data           8  heap_4.o(.data)
    .data                                    0x20000104   Section       12  port.o(.data)
    ucMaxSysCallPriority                     0x20000104   Data           1  port.o(.data)
    uxCriticalNesting                        0x20000108   Data           4  port.o(.data)
    ulMaxPRIGROUPValue                       0x2000010c   Data           4  port.o(.data)
    .data                                    0x20000110   Section        4  stdout.o(.data)
    .bss                                     0x20000114   Section     1028  stm32f10x_it.o(.bss)
    .bss                                     0x20000518   Section      240  bsp_task.o(.bss)
    .bss                                     0x20000608   Section      104  rx_data_queue.o(.bss)
    .bss                                     0x20000670   Section       80  queue.o(.bss)
    .bss                                     0x200006c0   Section      740  tasks.o(.bss)
    pxReadyTasksLists                        0x200006c0   Data         640  tasks.o(.bss)
    xDelayedTaskList1                        0x20000940   Data          20  tasks.o(.bss)
    xDelayedTaskList2                        0x20000954   Data          20  tasks.o(.bss)
    xPendingReadyList                        0x20000968   Data          20  tasks.o(.bss)
    xTasksWaitingTermination                 0x2000097c   Data          20  tasks.o(.bss)
    xSuspendedTaskList                       0x20000990   Data          20  tasks.o(.bss)
    .bss                                     0x200009a4   Section       40  timers.o(.bss)
    xActiveTimerList1                        0x200009a4   Data          20  timers.o(.bss)
    xActiveTimerList2                        0x200009b8   Data          20  timers.o(.bss)
    .bss                                     0x200009cc   Section    36864  heap_4.o(.bss)
    ucHeap                                   0x200009cc   Data       36864  heap_4.o(.bss)
    STACK                                    0x200099d0   Section     1024  startup_stm32f10x_hd.o(STACK)

    Global Symbols

    Symbol Name                              Value     Ov Type        Size  Object(Section)

    BuildAttributes$$THM_ISAv4$P$D$K$B$S$PE$A:L22UL41UL21$X:L11$S22US41US21$IEEE1$IW$USESV6$~STKCKD$USESV7$~SHL$OSPACE$ROPI$EBA8$MICROLIB$REQ8$PRES8$EABIv2 0x00000000   Number         0  anon$$obj.o ABSOLUTE
    __ARM_use_no_argv                        0x00000000   Number         0  main.o ABSOLUTE
    _printf_a                                0x00000000   Number         0  stubs.o ABSOLUTE
    _printf_c                                0x00000000   Number         0  stubs.o ABSOLUTE
    _printf_charcount                        0x00000000   Number         0  stubs.o ABSOLUTE
    _printf_d                                0x00000000   Number         0  stubs.o ABSOLUTE
    _printf_e                                0x00000000   Number         0  stubs.o ABSOLUTE
    _printf_f                                0x00000000   Number         0  stubs.o ABSOLUTE
    _printf_flags                            0x00000000   Number         0  stubs.o ABSOLUTE
    _printf_fp_dec                           0x00000000   Number         0  stubs.o ABSOLUTE
    _printf_fp_hex                           0x00000000   Number         0  stubs.o ABSOLUTE
    _printf_g                                0x00000000   Number         0  stubs.o ABSOLUTE
    _printf_i                                0x00000000   Number         0  stubs.o ABSOLUTE
    _printf_int_dec                          0x00000000   Number         0  stubs.o ABSOLUTE
    _printf_l                                0x00000000   Number         0  stubs.o ABSOLUTE
    _printf_lc                               0x00000000   Number         0  stubs.o ABSOLUTE
    _printf_ll                               0x00000000   Number         0  stubs.o ABSOLUTE
    _printf_lld                              0x00000000   Number         0  stubs.o ABSOLUTE
    _printf_lli                              0x00000000   Number         0  stubs.o ABSOLUTE
    _printf_llo                              0x00000000   Number         0  stubs.o ABSOLUTE
    _printf_llu                              0x00000000   Number         0  stubs.o ABSOLUTE
    _printf_llx                              0x00000000   Number         0  stubs.o ABSOLUTE
    _printf_longlong_dec                     0x00000000   Number         0  stubs.o ABSOLUTE
    _printf_longlong_hex                     0x00000000   Number         0  stubs.o ABSOLUTE
    _printf_longlong_oct                     0x00000000   Number         0  stubs.o ABSOLUTE
    _printf_ls                               0x00000000   Number         0  stubs.o ABSOLUTE
    _printf_mbtowc                           0x00000000   Number         0  stubs.o ABSOLUTE
    _printf_n                                0x00000000   Number         0  stubs.o ABSOLUTE
    _printf_o                                0x00000000   Number         0  stubs.o ABSOLUTE
    _printf_p                                0x00000000   Number         0  stubs.o ABSOLUTE
    _printf_percent                          0x00000000   Number         0  stubs.o ABSOLUTE
    _printf_pre_padding                      0x00000000   Number         0  stubs.o ABSOLUTE
    _printf_return_value                     0x00000000   Number         0  stubs.o ABSOLUTE
    _printf_s                                0x00000000   Number         0  stubs.o ABSOLUTE
    _printf_sizespec                         0x00000000   Number         0  stubs.o ABSOLUTE
    _printf_str                              0x00000000   Number         0  stubs.o ABSOLUTE
    _printf_truncate_signed                  0x00000000   Number         0  stubs.o ABSOLUTE
    _printf_truncate_unsigned                0x00000000   Number         0  stubs.o ABSOLUTE
    _printf_u                                0x00000000   Number         0  stubs.o ABSOLUTE
    _printf_wc                               0x00000000   Number         0  stubs.o ABSOLUTE
    _printf_wctomb                           0x00000000   Number         0  stubs.o ABSOLUTE
    _printf_widthprec                        0x00000000   Number         0  stubs.o ABSOLUTE
    _printf_x                                0x00000000   Number         0  stubs.o ABSOLUTE
    __arm_fini_                               - Undefined Weak Reference
    __cpp_initialize__aeabi_                  - Undefined Weak Reference
    __cxa_finalize                            - Undefined Weak Reference
    __decompress                              - Undefined Weak Reference
    _clock_init                               - Undefined Weak Reference
    _microlib_exit                            - Undefined Weak Reference
    __Vectors_Size                           0x00000130   Number         0  startup_stm32f10x_hd.o ABSOLUTE
    __Vectors                                0x08000000   Data           4  startup_stm32f10x_hd.o(RESET)
    __Vectors_End                            0x08000130   Data           0  startup_stm32f10x_hd.o(RESET)
    __main                                   0x08000131   Thumb Code     0  entry.o(.ARM.Collect$$$$00000000)
    _main_stk                                0x08000131   Thumb Code     0  entry2.o(.ARM.Collect$$$$00000001)
    _main_scatterload                        0x08000135   Thumb Code     0  entry5.o(.ARM.Collect$$$$00000004)
    __main_after_scatterload                 0x08000139   Thumb Code     0  entry5.o(.ARM.Collect$$$$00000004)
    _main_clock                              0x08000139   Thumb Code     0  entry7b.o(.ARM.Collect$$$$00000008)
    _main_cpp_init                           0x08000139   Thumb Code     0  entry8b.o(.ARM.Collect$$$$0000000A)
    _main_init                               0x08000139   Thumb Code     0  entry9a.o(.ARM.Collect$$$$0000000B)
    __rt_lib_shutdown_fini                   0x08000141   Thumb Code     0  entry12b.o(.ARM.Collect$$$$0000000E)
    __rt_final_cpp                           0x08000145   Thumb Code     0  entry10a.o(.ARM.Collect$$$$0000000F)
    __rt_final_exit                          0x08000145   Thumb Code     0  entry11a.o(.ARM.Collect$$$$00000011)
    SVC_Handler                              0x08000149   Thumb Code    32  port.o(.emb_text)
    __asm___6_port_c_39a90d8d__prvStartFirstTask 0x0800016d   Thumb Code    28  port.o(.emb_text)
    PendSV_Handler                           0x0800018d   Thumb Code    72  port.o(.emb_text)
    vPortGetIPSR                             0x080001d9   Thumb Code     6  port.o(.emb_text)
    Reset_Handler                            0x080001e1   Thumb Code     8  startup_stm32f10x_hd.o(.text)
    ADC1_2_IRQHandler                        0x080001fb   Thumb Code     0  startup_stm32f10x_hd.o(.text)
    ADC3_IRQHandler                          0x080001fb   Thumb Code     0  startup_stm32f10x_hd.o(.text)
    CAN1_RX1_IRQHandler                      0x080001fb   Thumb Code     0  startup_stm32f10x_hd.o(.text)
    CAN1_SCE_IRQHandler                      0x080001fb   Thumb Code     0  startup_stm32f10x_hd.o(.text)
    DMA1_Channel1_IRQHandler                 0x080001fb   Thumb Code     0  startup_stm32f10x_hd.o(.text)
    DMA1_Channel2_IRQHandler                 0x080001fb   Thumb Code     0  startup_stm32f10x_hd.o(.text)
    DMA1_Channel3_IRQHandler                 0x080001fb   Thumb Code     0  startup_stm32f10x_hd.o(.text)
    DMA1_Channel4_IRQHandler                 0x080001fb   Thumb Code     0  startup_stm32f10x_hd.o(.text)
    DMA1_Channel5_IRQHandler                 0x080001fb   Thumb Code     0  startup_stm32f10x_hd.o(.text)
    DMA1_Channel6_IRQHandler                 0x080001fb   Thumb Code     0  startup_stm32f10x_hd.o(.text)
    DMA1_Channel7_IRQHandler                 0x080001fb   Thumb Code     0  startup_stm32f10x_hd.o(.text)
    DMA2_Channel1_IRQHandler                 0x080001fb   Thumb Code     0  startup_stm32f10x_hd.o(.text)
    DMA2_Channel2_IRQHandler                 0x080001fb   Thumb Code     0  startup_stm32f10x_hd.o(.text)
    DMA2_Channel3_IRQHandler                 0x080001fb   Thumb Code     0  startup_stm32f10x_hd.o(.text)
    DMA2_Channel4_5_IRQHandler               0x080001fb   Thumb Code     0  startup_stm32f10x_hd.o(.text)
    EXTI0_IRQHandler                         0x080001fb   Thumb Code     0  startup_stm32f10x_hd.o(.text)
    EXTI15_10_IRQHandler                     0x080001fb   Thumb Code     0  startup_stm32f10x_hd.o(.text)
    EXTI1_IRQHandler                         0x080001fb   Thumb Code     0  startup_stm32f10x_hd.o(.text)
    EXTI2_IRQHandler                         0x080001fb   Thumb Code     0  startup_stm32f10x_hd.o(.text)
    EXTI3_IRQHandler                         0x080001fb   Thumb Code     0  startup_stm32f10x_hd.o(.text)
    EXTI4_IRQHandler                         0x080001fb   Thumb Code     0  startup_stm32f10x_hd.o(.text)
    FLASH_IRQHandler                         0x080001fb   Thumb Code     0  startup_stm32f10x_hd.o(.text)
    FSMC_IRQHandler                          0x080001fb   Thumb Code     0  startup_stm32f10x_hd.o(.text)
    I2C1_ER_IRQHandler                       0x080001fb   Thumb Code     0  startup_stm32f10x_hd.o(.text)
    I2C1_EV_IRQHandler                       0x080001fb   Thumb Code     0  startup_stm32f10x_hd.o(.text)
    I2C2_ER_IRQHandler                       0x080001fb   Thumb Code     0  startup_stm32f10x_hd.o(.text)
    I2C2_EV_IRQHandler                       0x080001fb   Thumb Code     0  startup_stm32f10x_hd.o(.text)
    PVD_IRQHandler                           0x080001fb   Thumb Code     0  startup_stm32f10x_hd.o(.text)
    RCC_IRQHandler                           0x080001fb   Thumb Code     0  startup_stm32f10x_hd.o(.text)
    RTCAlarm_IRQHandler                      0x080001fb   Thumb Code     0  startup_stm32f10x_hd.o(.text)
    RTC_IRQHandler                           0x080001fb   Thumb Code     0  startup_stm32f10x_hd.o(.text)
    SDIO_IRQHandler                          0x080001fb   Thumb Code     0  startup_stm32f10x_hd.o(.text)
    SPI1_IRQHandler                          0x080001fb   Thumb Code     0  startup_stm32f10x_hd.o(.text)
    SPI2_IRQHandler                          0x080001fb   Thumb Code     0  startup_stm32f10x_hd.o(.text)
    SPI3_IRQHandler                          0x080001fb   Thumb Code     0  startup_stm32f10x_hd.o(.text)
    TAMPER_IRQHandler                        0x080001fb   Thumb Code     0  startup_stm32f10x_hd.o(.text)
    TIM1_BRK_IRQHandler                      0x080001fb   Thumb Code     0  startup_stm32f10x_hd.o(.text)
    TIM1_CC_IRQHandler                       0x080001fb   Thumb Code     0  startup_stm32f10x_hd.o(.text)
    TIM1_TRG_COM_IRQHandler                  0x080001fb   Thumb Code     0  startup_stm32f10x_hd.o(.text)
    TIM1_UP_IRQHandler                       0x080001fb   Thumb Code     0  startup_stm32f10x_hd.o(.text)
    TIM2_IRQHandler                          0x080001fb   Thumb Code     0  startup_stm32f10x_hd.o(.text)
    TIM3_IRQHandler                          0x080001fb   Thumb Code     0  startup_stm32f10x_hd.o(.text)
    TIM4_IRQHandler                          0x080001fb   Thumb Code     0  startup_stm32f10x_hd.o(.text)
    TIM5_IRQHandler                          0x080001fb   Thumb Code     0  startup_stm32f10x_hd.o(.text)
    TIM6_IRQHandler                          0x080001fb   Thumb Code     0  startup_stm32f10x_hd.o(.text)
    TIM7_IRQHandler                          0x080001fb   Thumb Code     0  startup_stm32f10x_hd.o(.text)
    TIM8_BRK_IRQHandler                      0x080001fb   Thumb Code     0  startup_stm32f10x_hd.o(.text)
    TIM8_CC_IRQHandler                       0x080001fb   Thumb Code     0  startup_stm32f10x_hd.o(.text)
    TIM8_TRG_COM_IRQHandler                  0x080001fb   Thumb Code     0  startup_stm32f10x_hd.o(.text)
    TIM8_UP_IRQHandler                       0x080001fb   Thumb Code     0  startup_stm32f10x_hd.o(.text)
    UART4_IRQHandler                         0x080001fb   Thumb Code     0  startup_stm32f10x_hd.o(.text)
    UART5_IRQHandler                         0x080001fb   Thumb Code     0  startup_stm32f10x_hd.o(.text)
    USART1_IRQHandler                        0x080001fb   Thumb Code     0  startup_stm32f10x_hd.o(.text)
    USBWakeUp_IRQHandler                     0x080001fb   Thumb Code     0  startup_stm32f10x_hd.o(.text)
    USB_HP_CAN1_TX_IRQHandler                0x080001fb   Thumb Code     0  startup_stm32f10x_hd.o(.text)
    USB_LP_CAN1_RX0_IRQHandler               0x080001fb   Thumb Code     0  startup_stm32f10x_hd.o(.text)
    WWDG_IRQHandler                          0x080001fb   Thumb Code     0  startup_stm32f10x_hd.o(.text)
    SystemInit                               0x080002ad   Thumb Code    64  system_stm32f10x.o(.text)
    SystemCoreClockUpdate                    0x080002ed   Thumb Code   106  system_stm32f10x.o(.text)
    NVIC_PriorityGroupConfig                 0x08000379   Thumb Code    10  misc.o(.text)
    NVIC_Init                                0x08000383   Thumb Code    96  misc.o(.text)
    NVIC_SetVectorTable                      0x080003e3   Thumb Code    14  misc.o(.text)
    NVIC_SystemLPConfig                      0x080003f1   Thumb Code    24  misc.o(.text)
    SysTick_CLKSourceConfig                  0x08000409   Thumb Code    28  misc.o(.text)
    EXTI_DeInit                              0x08000431   Thumb Code    28  stm32f10x_exti.o(.text)
    EXTI_Init                                0x0800044d   Thumb Code   110  stm32f10x_exti.o(.text)
    EXTI_StructInit                          0x080004bb   Thumb Code    14  stm32f10x_exti.o(.text)
    EXTI_GenerateSWInterrupt                 0x080004c9   Thumb Code    12  stm32f10x_exti.o(.text)
    EXTI_GetFlagStatus                       0x080004d5   Thumb Code    18  stm32f10x_exti.o(.text)
    EXTI_ClearFlag                           0x080004e7   Thumb Code     8  stm32f10x_exti.o(.text)
    EXTI_GetITStatus                         0x080004ef   Thumb Code    28  stm32f10x_exti.o(.text)
    EXTI_ClearITPendingBit                   0x0800050b   Thumb Code     8  stm32f10x_exti.o(.text)
    FSMC_NORSRAMDeInit                       0x0800051d   Thumb Code    48  stm32f10x_fsmc.o(.text)
    FSMC_NANDDeInit                          0x0800054d   Thumb Code    40  stm32f10x_fsmc.o(.text)
    FSMC_PCCARDDeInit                        0x08000575   Thumb Code    22  stm32f10x_fsmc.o(.text)
    FSMC_NORSRAMInit                         0x0800058b   Thumb Code   202  stm32f10x_fsmc.o(.text)
    FSMC_NANDInit                            0x08000655   Thumb Code   104  stm32f10x_fsmc.o(.text)
    FSMC_PCCARDInit                          0x080006bd   Thumb Code    98  stm32f10x_fsmc.o(.text)
    FSMC_NORSRAMStructInit                   0x0800071f   Thumb Code    98  stm32f10x_fsmc.o(.text)
    FSMC_NANDStructInit                      0x08000781   Thumb Code    54  stm32f10x_fsmc.o(.text)
    FSMC_PCCARDStructInit                    0x080007b7   Thumb Code    60  stm32f10x_fsmc.o(.text)
    FSMC_NORSRAMCmd                          0x080007f3   Thumb Code    30  stm32f10x_fsmc.o(.text)
    FSMC_NANDCmd                             0x08000811   Thumb Code    60  stm32f10x_fsmc.o(.text)
    FSMC_PCCARDCmd                           0x0800084d   Thumb Code    34  stm32f10x_fsmc.o(.text)
    FSMC_NANDECCCmd                          0x0800086f   Thumb Code    60  stm32f10x_fsmc.o(.text)
    FSMC_GetECC                              0x080008ab   Thumb Code    18  stm32f10x_fsmc.o(.text)
    FSMC_ITConfig                            0x080008bd   Thumb Code    86  stm32f10x_fsmc.o(.text)
    FSMC_GetFlagStatus                       0x08000913   Thumb Code    40  stm32f10x_fsmc.o(.text)
    FSMC_ClearFlag                           0x0800093b   Thumb Code    52  stm32f10x_fsmc.o(.text)
    FSMC_GetITStatus                         0x0800096f   Thumb Code    52  stm32f10x_fsmc.o(.text)
    FSMC_ClearITPendingBit                   0x080009a3   Thumb Code    48  stm32f10x_fsmc.o(.text)
    GPIO_DeInit                              0x080009d5   Thumb Code   188  stm32f10x_gpio.o(.text)
    GPIO_AFIODeInit                          0x08000a91   Thumb Code    22  stm32f10x_gpio.o(.text)
    GPIO_Init                                0x08000aa7   Thumb Code   166  stm32f10x_gpio.o(.text)
    GPIO_StructInit                          0x08000b4d   Thumb Code    16  stm32f10x_gpio.o(.text)
    GPIO_ReadInputDataBit                    0x08000b5d   Thumb Code    14  stm32f10x_gpio.o(.text)
    GPIO_ReadInputData                       0x08000b6b   Thumb Code     6  stm32f10x_gpio.o(.text)
    GPIO_ReadOutputDataBit                   0x08000b71   Thumb Code    14  stm32f10x_gpio.o(.text)
    GPIO_ReadOutputData                      0x08000b7f   Thumb Code     6  stm32f10x_gpio.o(.text)
    GPIO_SetBits                             0x08000b85   Thumb Code     4  stm32f10x_gpio.o(.text)
    GPIO_ResetBits                           0x08000b89   Thumb Code     4  stm32f10x_gpio.o(.text)
    GPIO_WriteBit                            0x08000b8d   Thumb Code    12  stm32f10x_gpio.o(.text)
    GPIO_Write                               0x08000b99   Thumb Code     4  stm32f10x_gpio.o(.text)
    GPIO_PinLockConfig                       0x08000b9d   Thumb Code    16  stm32f10x_gpio.o(.text)
    GPIO_EventOutputConfig                   0x08000bad   Thumb Code    22  stm32f10x_gpio.o(.text)
    GPIO_EventOutputCmd                      0x08000bc3   Thumb Code     6  stm32f10x_gpio.o(.text)
    GPIO_PinRemapConfig                      0x08000bc9   Thumb Code    86  stm32f10x_gpio.o(.text)
    GPIO_EXTILineConfig                      0x08000c1f   Thumb Code    34  stm32f10x_gpio.o(.text)
    GPIO_ETH_MediaInterfaceConfig            0x08000c41   Thumb Code     8  stm32f10x_gpio.o(.text)
    RCC_DeInit                               0x08000c6d   Thumb Code    50  stm32f10x_rcc.o(.text)
    RCC_HSEConfig                            0x08000c9f   Thumb Code    50  stm32f10x_rcc.o(.text)
    RCC_GetFlagStatus                        0x08000cd1   Thumb Code    42  stm32f10x_rcc.o(.text)
    RCC_WaitForHSEStartUp                    0x08000cfb   Thumb Code    48  stm32f10x_rcc.o(.text)
    RCC_AdjustHSICalibrationValue            0x08000d2b   Thumb Code    16  stm32f10x_rcc.o(.text)
    RCC_HSICmd                               0x08000d3b   Thumb Code     6  stm32f10x_rcc.o(.text)
    RCC_PLLConfig                            0x08000d41   Thumb Code    16  stm32f10x_rcc.o(.text)
    RCC_PLLCmd                               0x08000d51   Thumb Code     6  stm32f10x_rcc.o(.text)
    RCC_SYSCLKConfig                         0x08000d57   Thumb Code    14  stm32f10x_rcc.o(.text)
    RCC_GetSYSCLKSource                      0x08000d65   Thumb Code    10  stm32f10x_rcc.o(.text)
    RCC_HCLKConfig                           0x08000d6f   Thumb Code    14  stm32f10x_rcc.o(.text)
    RCC_PCLK1Config                          0x08000d7d   Thumb Code    14  stm32f10x_rcc.o(.text)
    RCC_PCLK2Config                          0x08000d8b   Thumb Code    16  stm32f10x_rcc.o(.text)
    RCC_ITConfig                             0x08000d9b   Thumb Code    22  stm32f10x_rcc.o(.text)
    RCC_USBCLKConfig                         0x08000db1   Thumb Code     8  stm32f10x_rcc.o(.text)
    RCC_ADCCLKConfig                         0x08000db9   Thumb Code    14  stm32f10x_rcc.o(.text)
    RCC_LSEConfig                            0x08000dc7   Thumb Code    36  stm32f10x_rcc.o(.text)
    RCC_LSICmd                               0x08000deb   Thumb Code     6  stm32f10x_rcc.o(.text)
    RCC_RTCCLKConfig                         0x08000df1   Thumb Code    10  stm32f10x_rcc.o(.text)
    RCC_RTCCLKCmd                            0x08000dfb   Thumb Code     8  stm32f10x_rcc.o(.text)
    RCC_GetClocksFreq                        0x08000e03   Thumb Code   154  stm32f10x_rcc.o(.text)
    RCC_AHBPeriphClockCmd                    0x08000e9d   Thumb Code    22  stm32f10x_rcc.o(.text)
    RCC_APB2PeriphClockCmd                   0x08000eb3   Thumb Code    22  stm32f10x_rcc.o(.text)
    RCC_APB1PeriphClockCmd                   0x08000ec9   Thumb Code    22  stm32f10x_rcc.o(.text)
    RCC_APB2PeriphResetCmd                   0x08000edf   Thumb Code    22  stm32f10x_rcc.o(.text)
    RCC_APB1PeriphResetCmd                   0x08000ef5   Thumb Code    22  stm32f10x_rcc.o(.text)
    RCC_BackupResetCmd                       0x08000f0b   Thumb Code     8  stm32f10x_rcc.o(.text)
    RCC_ClockSecuritySystemCmd               0x08000f13   Thumb Code     6  stm32f10x_rcc.o(.text)
    RCC_MCOConfig                            0x08000f19   Thumb Code     6  stm32f10x_rcc.o(.text)
    RCC_ClearFlag                            0x08000f1f   Thumb Code    12  stm32f10x_rcc.o(.text)
    RCC_GetITStatus                          0x08000f2b   Thumb Code    16  stm32f10x_rcc.o(.text)
    RCC_ClearITPendingBit                    0x08000f3b   Thumb Code     6  stm32f10x_rcc.o(.text)
    USART_DeInit                             0x08000f61   Thumb Code   144  stm32f10x_usart.o(.text)
    USART_Init                               0x08000ff1   Thumb Code   182  stm32f10x_usart.o(.text)
    USART_StructInit                         0x080010a7   Thumb Code    22  stm32f10x_usart.o(.text)
    USART_ClockInit                          0x080010bd   Thumb Code    30  stm32f10x_usart.o(.text)
    USART_ClockStructInit                    0x080010db   Thumb Code    12  stm32f10x_usart.o(.text)
    USART_Cmd                                0x080010e7   Thumb Code    24  stm32f10x_usart.o(.text)
    USART_ITConfig                           0x080010ff   Thumb Code    54  stm32f10x_usart.o(.text)
    USART_DMACmd                             0x08001135   Thumb Code    20  stm32f10x_usart.o(.text)
    USART_SetAddress                         0x08001149   Thumb Code    16  stm32f10x_usart.o(.text)
    USART_WakeUpConfig                       0x08001159   Thumb Code    16  stm32f10x_usart.o(.text)
    USART_ReceiverWakeUpCmd                  0x08001169   Thumb Code    24  stm32f10x_usart.o(.text)
    USART_LINBreakDetectLengthConfig         0x08001181   Thumb Code    16  stm32f10x_usart.o(.text)
    USART_LINCmd                             0x08001191   Thumb Code    24  stm32f10x_usart.o(.text)
    USART_SendData                           0x080011a9   Thumb Code     8  stm32f10x_usart.o(.text)
    USART_ReceiveData                        0x080011b1   Thumb Code     8  stm32f10x_usart.o(.text)
    USART_SendBreak                          0x080011b9   Thumb Code    10  stm32f10x_usart.o(.text)
    USART_SetGuardTime                       0x080011c3   Thumb Code    16  stm32f10x_usart.o(.text)
    USART_SetPrescaler                       0x080011d3   Thumb Code    16  stm32f10x_usart.o(.text)
    USART_SmartCardCmd                       0x080011e3   Thumb Code    24  stm32f10x_usart.o(.text)
    USART_SmartCardNACKCmd                   0x080011fb   Thumb Code    24  stm32f10x_usart.o(.text)
    USART_HalfDuplexCmd                      0x08001213   Thumb Code    24  stm32f10x_usart.o(.text)
    USART_OverSampling8Cmd                   0x0800122b   Thumb Code    24  stm32f10x_usart.o(.text)
    USART_OneBitMethodCmd                    0x08001243   Thumb Code    24  stm32f10x_usart.o(.text)
    USART_IrDAConfig                         0x0800125b   Thumb Code    16  stm32f10x_usart.o(.text)
    USART_IrDACmd                            0x0800126b   Thumb Code    24  stm32f10x_usart.o(.text)
    USART_GetFlagStatus                      0x08001283   Thumb Code    14  stm32f10x_usart.o(.text)
    USART_ClearFlag                          0x08001291   Thumb Code     8  stm32f10x_usart.o(.text)
    USART_GetITStatus                        0x08001299   Thumb Code    64  stm32f10x_usart.o(.text)
    USART_ClearITPendingBit                  0x080012d9   Thumb Code    16  stm32f10x_usart.o(.text)
    main                                     0x080012fd   Thumb Code    38  main.o(.text)
    NMI_Handler                              0x08001325   Thumb Code     2  stm32f10x_it.o(.text)
    HardFault_Handler                        0x08001327   Thumb Code     2  stm32f10x_it.o(.text)
    MemManage_Handler                        0x08001329   Thumb Code     2  stm32f10x_it.o(.text)
    BusFault_Handler                         0x0800132b   Thumb Code     2  stm32f10x_it.o(.text)
    UsageFault_Handler                       0x0800132d   Thumb Code     2  stm32f10x_it.o(.text)
    DebugMon_Handler                         0x0800132f   Thumb Code     2  stm32f10x_it.o(.text)
    SysTick_Handler                          0x08001331   Thumb Code    24  stm32f10x_it.o(.text)
    USART3_IRQHandler                        0x08001349   Thumb Code    64  stm32f10x_it.o(.text)
    EXTI9_5_IRQHandler                       0x08001389   Thumb Code    70  stm32f10x_it.o(.text)
    USART2_IRQHandler                        0x080013cf   Thumb Code    90  stm32f10x_it.o(.text)
    Key_GPIO_Config                          0x08001441   Thumb Code    50  bsp_key.o(.text)
    Key_Scan                                 0x08001473   Thumb Code    38  bsp_key.o(.text)
    BSP_KEY_EXTI_Config                      0x080014db   Thumb Code   144  bsp_key.o(.text)
    SysTick_Init                             0x0800159d   Thumb Code    24  bsp_systick.o(.text)
    Delay_us                                 0x080015b5   Thumb Code    28  bsp_systick.o(.text)
    TimingDelay_Decrement                    0x080015d1   Thumb Code    16  bsp_systick.o(.text)
    SysTick_Delay_Us                         0x080015e1   Thumb Code    40  bsp_systick.o(.text)
    SysTick_Delay_Ms                         0x08001609   Thumb Code    42  bsp_systick.o(.text)
    task4                                    0x08001649   Thumb Code    68  bsp_task.o(.text)
    task3                                    0x0800168d   Thumb Code    36  bsp_task.o(.text)
    task2                                    0x080016b1   Thumb Code    32  bsp_task.o(.text)
    task1                                    0x080016d1   Thumb Code   120  bsp_task.o(.text)
    timer2Callback                           0x08001749   Thumb Code    18  bsp_task.o(.text)
    start_task                               0x0800175b   Thumb Code   232  bsp_task.o(.text)
    OS_Task                                  0x08001843   Thumb Code   170  bsp_task.o(.text)
    HC05_USART_Init                          0x08001b8b   Thumb Code   146  bsp_hc05_usart.o(.text)
    Usart_SendStr_length                     0x08001c35   Thumb Code    30  bsp_hc05_usart.o(.text)
    Usart_SendString                         0x08001c53   Thumb Code    26  bsp_hc05_usart.o(.text)
    get_rebuff                               0x08001c6d   Thumb Code    10  bsp_hc05_usart.o(.text)
    clean_rebuff                             0x08001c77   Thumb Code    30  bsp_hc05_usart.o(.text)
    USART_Config                             0x08001ca1   Thumb Code   122  bsp_usart.o(.text)
    Usart_SendByte                           0x08001d1b   Thumb Code    24  bsp_usart.o(.text)
    fputc                                    0x08001d33   Thumb Code    30  bsp_usart.o(.text)
    fgetc                                    0x08001d51   Thumb Code    26  bsp_usart.o(.text)
    Usart_SendArray                          0x08001d6b   Thumb Code    46  bsp_usart.o(.text)
    LED_GPIO_Config                          0x08001da1   Thumb Code    92  bsp_led.o(.text)
    assert_failed                            0x08001dfd   Thumb Code    10  bsp_led.o(.text)
    ILI9341_ReadID                           0x08001ff3   Thumb Code    70  bsp_ili9341_lcd.o(.text)
    ILI9341_GramScan                         0x08002327   Thumb Code   130  bsp_ili9341_lcd.o(.text)
    ILI9341_Rst                              0x080023a9   Thumb Code    42  bsp_ili9341_lcd.o(.text)
    ILI9341_BackLed_Control                  0x080023d3   Thumb Code    22  bsp_ili9341_lcd.o(.text)
    ILI9341_Config                           0x080023e9   Thumb Code    34  bsp_ili9341_lcd.o(.text)
    ILI9341_OpenWindow                       0x0800240b   Thumb Code    60  bsp_ili9341_lcd.o(.text)
    ILI9341_Clear                            0x0800244d   Thumb Code    30  bsp_ili9341_lcd.o(.text)
    ILI9341_SetPointPixel                    0x0800246b   Thumb Code    34  bsp_ili9341_lcd.o(.text)
    ILI9341_GetPointPixel                    0x080024b3   Thumb Code    12  bsp_ili9341_lcd.o(.text)
    ILI9341_DrawLine                         0x080024bf   Thumb Code   156  bsp_ili9341_lcd.o(.text)
    ILI9341_DrawRectangle                    0x0800255b   Thumb Code   104  bsp_ili9341_lcd.o(.text)
    ILI9341_DrawCircle                       0x080025c3   Thumb Code   346  bsp_ili9341_lcd.o(.text)
    ILI9341_DispChar_EN                      0x0800271d   Thumb Code   110  bsp_ili9341_lcd.o(.text)
    ILI9341_DispStringLine_EN                0x0800278b   Thumb Code    72  bsp_ili9341_lcd.o(.text)
    ILI9341_DispString_EN                    0x080027d3   Thumb Code    72  bsp_ili9341_lcd.o(.text)
    ILI9341_DispString_EN_YDir               0x0800281b   Thumb Code    72  bsp_ili9341_lcd.o(.text)
    LCD_SetFont                              0x08002863   Thumb Code     6  bsp_ili9341_lcd.o(.text)
    LCD_GetFont                              0x08002869   Thumb Code     6  bsp_ili9341_lcd.o(.text)
    LCD_SetColors                            0x0800286f   Thumb Code     8  bsp_ili9341_lcd.o(.text)
    LCD_GetColors                            0x08002877   Thumb Code    12  bsp_ili9341_lcd.o(.text)
    LCD_SetTextColor                         0x08002883   Thumb Code     6  bsp_ili9341_lcd.o(.text)
    LCD_SetBackColor                         0x08002889   Thumb Code     6  bsp_ili9341_lcd.o(.text)
    LCD_ClearLine                            0x0800288f   Thumb Code    22  bsp_ili9341_lcd.o(.text)
    HC05_Send_CMD                            0x08002903   Thumb Code   158  bsp_hc05.o(.text)
    HC05_Init                                0x080029a1   Thumb Code    20  bsp_hc05.o(.text)
    TransData_CtrlLED_Test                   0x080029b5   Thumb Code   166  bsp_hc05.o(.text)
    AS608_Config                             0x08002b8b   Thumb Code   206  bsp_as608.o(.text)
    PS_GetImage                              0x08002cf1   Thumb Code    58  bsp_as608.o(.text)
    PS_GenChar                               0x08002d2b   Thumb Code    58  bsp_as608.o(.text)
    PS_HighSpeedSearch                       0x08002d65   Thumb Code   132  bsp_as608.o(.text)
    PS_Match                                 0x08002de9   Thumb Code    50  bsp_as608.o(.text)
    PS_RegModel                              0x08002e1b   Thumb Code    50  bsp_as608.o(.text)
    PS_StoreChar                             0x08002f01   Thumb Code    80  bsp_as608.o(.text)
    PS_Empty                                 0x08002f51   Thumb Code    50  bsp_as608.o(.text)
    Add_FR                                   0x08002f83   Thumb Code  1114  bsp_as608.o(.text)
    AS608_TASK                               0x080033dd   Thumb Code   308  bsp_as608.o(.text)
    AS608_Connect_Test                       0x0800356b   Thumb Code    46  bsp_as608.o(.text)
    cbInit                                   0x0800381d   Thumb Code    10  rx_data_queue.o(.text)
    cbIsFull                                 0x08003827   Thumb Code    20  rx_data_queue.o(.text)
    cbIsEmpty                                0x0800383b   Thumb Code    16  rx_data_queue.o(.text)
    cbIncr                                   0x0800384b   Thumb Code    16  rx_data_queue.o(.text)
    cbWrite                                  0x0800385b   Thumb Code    48  rx_data_queue.o(.text)
    cbWriteFinish                            0x0800388b   Thumb Code     6  rx_data_queue.o(.text)
    cbRead                                   0x08003891   Thumb Code    48  rx_data_queue.o(.text)
    cbReadFinish                             0x080038c1   Thumb Code    24  rx_data_queue.o(.text)
    camera_queue_free                        0x080038d9   Thumb Code    24  rx_data_queue.o(.text)
    rx_queue_init                            0x080038f1   Thumb Code    78  rx_data_queue.o(.text)
    push_data_to_queue                       0x0800393f   Thumb Code    62  rx_data_queue.o(.text)
    pull_data_from_queue                     0x0800397d   Thumb Code    34  rx_data_queue.o(.text)
    vListInitialise                          0x080039b9   Thumb Code    22  list.o(.text)
    vListInitialiseItem                      0x080039cf   Thumb Code     6  list.o(.text)
    vListInsertEnd                           0x080039d5   Thumb Code    24  list.o(.text)
    vListInsert                              0x080039ed   Thumb Code    48  list.o(.text)
    uxListRemove                             0x08003a1d   Thumb Code    36  list.o(.text)
    xQueueGenericReset                       0x08003a41   Thumb Code   130  queue.o(.text)
    xQueueGenericCreate                      0x08003ae3   Thumb Code    64  queue.o(.text)
    xQueueGenericSend                        0x08003c89   Thumb Code   358  queue.o(.text)
    xQueueGenericSendFromISR                 0x08003def   Thumb Code   254  queue.o(.text)
    xQueueGiveFromISR                        0x08003eed   Thumb Code   184  queue.o(.text)
    xQueueGenericReceive                     0x08003fe7   Thumb Code   354  queue.o(.text)
    xQueueReceiveFromISR                     0x08004149   Thumb Code   152  queue.o(.text)
    xQueuePeekFromISR                        0x080041e1   Thumb Code   120  queue.o(.text)
    uxQueueMessagesWaiting                   0x08004259   Thumb Code    38  queue.o(.text)
    uxQueueSpacesAvailable                   0x0800427f   Thumb Code    42  queue.o(.text)
    uxQueueMessagesWaitingFromISR            0x080042a9   Thumb Code    28  queue.o(.text)
    vQueueUnregisterQueue                    0x080042c5   Thumb Code    36  queue.o(.text)
    vQueueDelete                             0x080042e9   Thumb Code    40  queue.o(.text)
    xQueueIsQueueEmptyFromISR                0x08004311   Thumb Code    36  queue.o(.text)
    xQueueIsQueueFullFromISR                 0x08004335   Thumb Code    40  queue.o(.text)
    vQueueAddToRegistry                      0x0800435d   Thumb Code    32  queue.o(.text)
    pcQueueGetName                           0x0800437d   Thumb Code    34  queue.o(.text)
    vQueueWaitForMessageRestricted           0x0800439f   Thumb Code    68  queue.o(.text)
    xQueueCreateSet                          0x080043e3   Thumb Code     8  queue.o(.text)
    xQueueAddToSet                           0x080043eb   Thumb Code    38  queue.o(.text)
    xQueueRemoveFromSet                      0x08004411   Thumb Code    38  queue.o(.text)
    xQueueSelectFromSet                      0x08004437   Thumb Code    18  queue.o(.text)
    xQueueSelectFromSetFromISR               0x08004449   Thumb Code    18  queue.o(.text)
    xTaskCreate                              0x080045b1   Thumb Code    96  tasks.o(.text)
    vTaskDelete                              0x08004643   Thumb Code   154  tasks.o(.text)
    xTaskIncrementTick                       0x080046dd   Thumb Code   192  tasks.o(.text)
    xTaskResumeAll                           0x0800479d   Thumb Code   248  tasks.o(.text)
    vTaskSuspendAll                          0x080048fb   Thumb Code    10  tasks.o(.text)
    vTaskDelayUntil                          0x08004905   Thumb Code   144  tasks.o(.text)
    vTaskDelay                               0x08004995   Thumb Code    70  tasks.o(.text)
    eTaskGetState                            0x080049db   Thumb Code    98  tasks.o(.text)
    uxTaskPriorityGet                        0x08004a3d   Thumb Code    24  tasks.o(.text)
    uxTaskPriorityGetFromISR                 0x08004a55   Thumb Code    40  tasks.o(.text)
    vTaskPrioritySet                         0x08004a7d   Thumb Code   184  tasks.o(.text)
    vTaskSwitchContext                       0x08004b35   Thumb Code    88  tasks.o(.text)
    vTaskSuspend                             0x08004b8d   Thumb Code   156  tasks.o(.text)
    vTaskResume                              0x08004c5b   Thumb Code   136  tasks.o(.text)
    xTaskResumeFromISR                       0x08004ce3   Thumb Code   130  tasks.o(.text)
    vTaskStartScheduler                      0x08004dcf   Thumb Code   100  tasks.o(.text)
    vTaskEndScheduler                        0x08004e33   Thumb Code    24  tasks.o(.text)
    xTaskGetTickCount                        0x08004e4b   Thumb Code     6  tasks.o(.text)
    xTaskGetTickCountFromISR                 0x08004e51   Thumb Code    12  tasks.o(.text)
    uxTaskGetNumberOfTasks                   0x08004e5d   Thumb Code     6  tasks.o(.text)
    pcTaskGetName                            0x08004e63   Thumb Code    40  tasks.o(.text)
    vTaskPlaceOnEventList                    0x08004e8b   Thumb Code    48  tasks.o(.text)
    vTaskPlaceOnUnorderedEventList           0x08004ebb   Thumb Code    80  tasks.o(.text)
    vTaskPlaceOnEventListRestricted          0x08004f0b   Thumb Code    56  tasks.o(.text)
    xTaskRemoveFromEventList                 0x08004f43   Thumb Code   110  tasks.o(.text)
    xTaskRemoveFromUnorderedEventList        0x08004fb1   Thumb Code   118  tasks.o(.text)
    vTaskSetTimeOutState                     0x08005027   Thumb Code    36  tasks.o(.text)
    xTaskCheckForTimeOut                     0x0800504b   Thumb Code   142  tasks.o(.text)
    vTaskMissedYield                         0x080050d9   Thumb Code     8  tasks.o(.text)
    xTaskGetSchedulerState                   0x080050e1   Thumb Code    24  tasks.o(.text)
    uxTaskResetEventItemValue                0x080050f9   Thumb Code    20  tasks.o(.text)
    ulTaskNotifyTake                         0x0800510d   Thumb Code    96  tasks.o(.text)
    xTaskNotifyWait                          0x0800516d   Thumb Code   134  tasks.o(.text)
    xTaskGenericNotify                       0x080051f3   Thumb Code   194  tasks.o(.text)
    xTaskGenericNotifyFromISR                0x080052b5   Thumb Code   242  tasks.o(.text)
    vTaskNotifyGiveFromISR                   0x080053a7   Thumb Code   174  tasks.o(.text)
    xTaskNotifyStateClear                    0x08005455   Thumb Code    46  tasks.o(.text)
    xTimerGenericCommand                     0x080054d1   Thumb Code   110  timers.o(.text)
    xTimerCreateTimerTask                    0x080057a7   Thumb Code    58  timers.o(.text)
    xTimerCreate                             0x08005825   Thumb Code    46  timers.o(.text)
    xTimerGetTimerDaemonTaskHandle           0x08005853   Thumb Code    26  timers.o(.text)
    xTimerGetPeriod                          0x0800586d   Thumb Code   100  timers.o(.text)
    xTimerGetExpiryTime                      0x080058d1   Thumb Code    28  timers.o(.text)
    pcTimerGetName                           0x080058ed   Thumb Code    28  timers.o(.text)
    xTimerIsTimerActive                      0x08005909   Thumb Code    46  timers.o(.text)
    pvTimerGetTimerID                        0x08005937   Thumb Code    38  timers.o(.text)
    vTimerSetTimerID                         0x0800595d   Thumb Code    40  timers.o(.text)
    pvPortMalloc                             0x08005a17   Thumb Code   206  heap_4.o(.text)
    vPortFree                                0x08005ae5   Thumb Code    96  heap_4.o(.text)
    xPortGetFreeHeapSize                     0x08005b45   Thumb Code     8  heap_4.o(.text)
    xPortGetMinimumEverFreeHeapSize          0x08005b4d   Thumb Code     8  heap_4.o(.text)
    vPortInitialiseBlocks                    0x08005b55   Thumb Code     2  heap_4.o(.text)
    pxPortInitialiseStack                    0x08005bbb   Thumb Code    24  port.o(.text)
    vPortSetupTimerInterrupt                 0x08005bd3   Thumb Code    26  port.o(.text)
    xPortStartScheduler                      0x08005bed   Thumb Code   104  port.o(.text)
    vPortEndScheduler                        0x08005c55   Thumb Code    24  port.o(.text)
    vPortEnterCritical                       0x08005c6d   Thumb Code    52  port.o(.text)
    vPortExitCritical                        0x08005ca1   Thumb Code    38  port.o(.text)
    xPortSysTickHandler                      0x08005cc7   Thumb Code    40  port.o(.text)
    vPortValidateInterruptPriority           0x08005cef   Thumb Code    72  port.o(.text)
    __aeabi_memcpy                           0x08005d85   Thumb Code    36  memcpya.o(.text)
    __aeabi_memcpy4                          0x08005d85   Thumb Code     0  memcpya.o(.text)
    __aeabi_memcpy8                          0x08005d85   Thumb Code     0  memcpya.o(.text)
    __aeabi_memset                           0x08005da9   Thumb Code    14  memseta.o(.text)
    __aeabi_memset4                          0x08005da9   Thumb Code     0  memseta.o(.text)
    __aeabi_memset8                          0x08005da9   Thumb Code     0  memseta.o(.text)
    __aeabi_memclr                           0x08005db7   Thumb Code     4  memseta.o(.text)
    __aeabi_memclr4                          0x08005db7   Thumb Code     0  memseta.o(.text)
    __aeabi_memclr8                          0x08005db7   Thumb Code     0  memseta.o(.text)
    _memset$wrapper                          0x08005dbb   Thumb Code    18  memseta.o(.text)
    strstr                                   0x08005dcd   Thumb Code    36  strstr.o(.text)
    __aeabi_uldivmod                         0x08005df1   Thumb Code    98  uldiv.o(.text)
    __scatterload                            0x08005e55   Thumb Code    28  init.o(.text)
    __scatterload_rt2                        0x08005e55   Thumb Code     0  init.o(.text)
    __aeabi_llsl                             0x08005e79   Thumb Code    30  llshl.o(.text)
    _ll_shift_l                              0x08005e79   Thumb Code     0  llshl.o(.text)
    __aeabi_llsr                             0x08005e97   Thumb Code    32  llushr.o(.text)
    _ll_ushift_r                             0x08005e97   Thumb Code     0  llushr.o(.text)
    __0printf$5                              0x08005eb9   Thumb Code    22  printf5.o(i.__0printf$5)
    __1printf$5                              0x08005eb9   Thumb Code     0  printf5.o(i.__0printf$5)
    __2printf                                0x08005eb9   Thumb Code     0  printf5.o(i.__0printf$5)
    __0sprintf$5                             0x08005ed9   Thumb Code    34  printf5.o(i.__0sprintf$5)
    __1sprintf$5                             0x08005ed9   Thumb Code     0  printf5.o(i.__0sprintf$5)
    __2sprintf                               0x08005ed9   Thumb Code     0  printf5.o(i.__0sprintf$5)
    __scatterload_copy                       0x08005f01   Thumb Code    14  handlers.o(i.__scatterload_copy)
    __scatterload_null                       0x08005f0f   Thumb Code     2  handlers.o(i.__scatterload_null)
    __scatterload_zeroinit                   0x08005f11   Thumb Code    14  handlers.o(i.__scatterload_zeroinit)
    ASCII8x16_Table                          0x080061ea   Data        1520  fonts.o(.constdata)
    Region$$Table$$Base                      0x080067dc   Number         0  anon$$obj.o(Region$$Table)
    Region$$Table$$Limit                     0x080067fc   Number         0  anon$$obj.o(Region$$Table)
    SystemCoreClock                          0x20000000   Data           4  system_stm32f10x.o(.data)
    AHBPrescTable                            0x20000004   Data          16  system_stm32f10x.o(.data)
    detection                                0x20000028   Data           1  stm32f10x_it.o(.data)
    s                                        0x2000002a   Data           2  stm32f10x_it.o(.data)
    Clear_Message                            0x20000030   Data           1  bsp_task.o(.data)
    tim2_handle                              0x20000034   Data           4  bsp_task.o(.data)
    start_task_handler                       0x2000003c   Data           4  bsp_task.o(.data)
    semaphore_handle                         0x20000040   Data           4  bsp_task.o(.data)
    semaphore_handle1                        0x20000044   Data           4  bsp_task.o(.data)
    semaphore_handle2                        0x20000048   Data           4  bsp_task.o(.data)
    task1_handler                            0x2000004c   Data           4  bsp_task.o(.data)
    task2_handler                            0x20000050   Data           4  bsp_task.o(.data)
    task3_handler                            0x20000054   Data           4  bsp_task.o(.data)
    task4_handler                            0x20000058   Data           4  bsp_task.o(.data)
    hc05_name                                0x2000005c   Data          30  bsp_task.o(.data)
    LCD_SCAN_MODE                            0x2000007c   Data           1  bsp_ili9341_lcd.o(.data)
    LCD_X_LENGTH                             0x2000007e   Data           2  bsp_ili9341_lcd.o(.data)
    LCD_Y_LENGTH                             0x20000080   Data           2  bsp_ili9341_lcd.o(.data)
    lcdid                                    0x20000082   Data           2  bsp_ili9341_lcd.o(.data)
    Font8x16                                 0x2000008c   Data           8  fonts.o(.data)
    ID                                       0x20000094   Data           2  bsp_as608.o(.data)
    AS608_Addr                               0x20000098   Data           4  bsp_as608.o(.data)
    pxCurrentTCB                             0x2000009c   Data           4  tasks.o(.data)
    __stdout                                 0x20000110   Data           4  stdout.o(.data)
    BLT_USART_ReceiveData                    0x20000114   Data        1028  stm32f10x_it.o(.bss)
    hc05_nameCMD                             0x20000518   Data          40  bsp_task.o(.bss)
    disp_buff                                0x20000540   Data         200  bsp_task.o(.bss)
    node_data                                0x20000608   Data          16  rx_data_queue.o(.bss)
    rx_queue                                 0x20000618   Data          28  rx_data_queue.o(.bss)
    node_buff                                0x20000634   Data          60  rx_data_queue.o(.bss)
    xQueueRegistry                           0x20000670   Data          80  queue.o(.bss)
    __initial_sp                             0x20009dd0   Data           0  startup_stm32f10x_hd.o(STACK)



==============================================================================

Memory Map of the image

  Image Entry point : 0x08000131

  Load Region LR_IROM1 (Base: 0x08000000, Size: 0x00006910, Max: 0x00080000, ABSOLUTE)

    Execution Region ER_IROM1 (Exec base: 0x08000000, Load base: 0x08000000, Size: 0x000067fc, Max: 0x00080000, ABSOLUTE)

    Exec Addr    Load Addr    Size         Type   Attr      Idx    E Section Name        Object

    0x08000000   0x08000000   0x00000130   Data   RO            3    RESET               startup_stm32f10x_hd.o
    0x08000130   0x08000130   0x00000000   Code   RO          939  * .ARM.Collect$$$$00000000  mc_w.l(entry.o)
    0x08000130   0x08000130   0x00000004   Code   RO         1211    .ARM.Collect$$$$00000001  mc_w.l(entry2.o)
    0x08000134   0x08000134   0x00000004   Code   RO         1214    .ARM.Collect$$$$00000004  mc_w.l(entry5.o)
    0x08000138   0x08000138   0x00000000   Code   RO         1216    .ARM.Collect$$$$00000008  mc_w.l(entry7b.o)
    0x08000138   0x08000138   0x00000000   Code   RO         1218    .ARM.Collect$$$$0000000A  mc_w.l(entry8b.o)
    0x08000138   0x08000138   0x00000008   Code   RO         1219    .ARM.Collect$$$$0000000B  mc_w.l(entry9a.o)
    0x08000140   0x08000140   0x00000004   Code   RO         1226    .ARM.Collect$$$$0000000E  mc_w.l(entry12b.o)
    0x08000144   0x08000144   0x00000000   Code   RO         1221    .ARM.Collect$$$$0000000F  mc_w.l(entry10a.o)
    0x08000144   0x08000144   0x00000000   Code   RO         1223    .ARM.Collect$$$$00000011  mc_w.l(entry11a.o)
    0x08000144   0x08000144   0x00000004   Code   RO         1212    .ARM.Collect$$$$00002712  mc_w.l(entry2.o)
    0x08000148   0x08000148   0x00000096   Code   RO          909    .emb_text           port.o
    0x080001de   0x080001de   0x00000002   PAD
    0x080001e0   0x080001e0   0x00000024   Code   RO            4    .text               startup_stm32f10x_hd.o
    0x08000204   0x08000204   0x00000174   Code   RO           24    .text               system_stm32f10x.o
    0x08000378   0x08000378   0x000000b8   Code   RO          121    .text               misc.o
    0x08000430   0x08000430   0x000000ec   Code   RO          233    .text               stm32f10x_exti.o
    0x0800051c   0x0800051c   0x000004b6   Code   RO          257    .text               stm32f10x_fsmc.o
    0x080009d2   0x080009d2   0x00000002   PAD
    0x080009d4   0x080009d4   0x00000298   Code   RO          269    .text               stm32f10x_gpio.o
    0x08000c6c   0x08000c6c   0x000002f4   Code   RO          317    .text               stm32f10x_rcc.o
    0x08000f60   0x08000f60   0x0000039c   Code   RO          379    .text               stm32f10x_usart.o
    0x080012fc   0x080012fc   0x00000026   Code   RO          403    .text               main.o
    0x08001322   0x08001322   0x00000002   PAD
    0x08001324   0x08001324   0x0000011c   Code   RO          480    .text               stm32f10x_it.o
    0x08001440   0x08001440   0x00000134   Code   RO          522    .text               bsp_key.o
    0x08001574   0x08001574   0x000000d4   Code   RO          534    .text               bsp_systick.o
    0x08001648   0x08001648   0x00000518   Code   RO          552    .text               bsp_task.o
    0x08001b60   0x08001b60   0x00000140   Code   RO          616    .text               bsp_hc05_usart.o
    0x08001ca0   0x08001ca0   0x00000100   Code   RO          636    .text               bsp_usart.o
    0x08001da0   0x08001da0   0x0000006c   Code   RO          652    .text               bsp_led.o
    0x08001e0c   0x08001e0c   0x00000ab8   Code   RO          664    .text               bsp_ili9341_lcd.o
    0x080028c4   0x080028c4   0x00000288   Code   RO          708    .text               bsp_hc05.o
    0x08002b4c   0x08002b4c   0x00000cd0   Code   RO          730    .text               bsp_as608.o
    0x0800381c   0x0800381c   0x0000019c   Code   RO          756    .text               rx_data_queue.o
    0x080039b8   0x080039b8   0x00000088   Code   RO          818    .text               list.o
    0x08003a40   0x08003a40   0x00000a24   Code   RO          830    .text               queue.o
    0x08004464   0x08004464   0x00001030   Code   RO          848    .text               tasks.o
    0x08005494   0x08005494   0x000004f0   Code   RO          879    .text               timers.o
    0x08005984   0x08005984   0x00000214   Code   RO          894    .text               heap_4.o
    0x08005b98   0x08005b98   0x000001ec   Code   RO          910    .text               port.o
    0x08005d84   0x08005d84   0x00000024   Code   RO          942    .text               mc_w.l(memcpya.o)
    0x08005da8   0x08005da8   0x00000024   Code   RO          944    .text               mc_w.l(memseta.o)
    0x08005dcc   0x08005dcc   0x00000024   Code   RO          946    .text               mc_w.l(strstr.o)
    0x08005df0   0x08005df0   0x00000062   Code   RO         1230    .text               mc_w.l(uldiv.o)
    0x08005e52   0x08005e52   0x00000002   PAD
    0x08005e54   0x08005e54   0x00000024   Code   RO         1243    .text               mc_w.l(init.o)
    0x08005e78   0x08005e78   0x0000001e   Code   RO         1245    .text               mc_w.l(llshl.o)
    0x08005e96   0x08005e96   0x00000020   Code   RO         1247    .text               mc_w.l(llushr.o)
    0x08005eb6   0x08005eb6   0x00000002   PAD
    0x08005eb8   0x08005eb8   0x00000020   Code   RO         1083    i.__0printf$5       mc_w.l(printf5.o)
    0x08005ed8   0x08005ed8   0x00000028   Code   RO         1085    i.__0sprintf$5      mc_w.l(printf5.o)
    0x08005f00   0x08005f00   0x0000000e   Code   RO         1255    i.__scatterload_copy  mc_w.l(handlers.o)
    0x08005f0e   0x08005f0e   0x00000002   Code   RO         1256    i.__scatterload_null  mc_w.l(handlers.o)
    0x08005f10   0x08005f10   0x0000000e   Code   RO         1257    i.__scatterload_zeroinit  mc_w.l(handlers.o)
    0x08005f1e   0x08005f1e   0x00000002   PAD
    0x08005f20   0x08005f20   0x000002c0   Code   RO         1090    i._printf_core      mc_w.l(printf5.o)
    0x080061e0   0x080061e0   0x0000000a   Code   RO         1092    i._sputc            mc_w.l(printf5.o)
    0x080061ea   0x080061ea   0x000005f0   Data   RO          691    .constdata          fonts.o
    0x080067da   0x080067da   0x00000002   PAD
    0x080067dc   0x080067dc   0x00000020   Data   RO         1253    Region$$Table       anon$$obj.o


    Execution Region RW_IRAM1 (Exec base: 0x20000000, Load base: 0x080067fc, Size: 0x00009dd0, Max: 0x00010000, ABSOLUTE)

    Exec Addr    Load Addr    Size         Type   Attr      Idx    E Section Name        Object

    0x20000000   0x080067fc   0x00000014   Data   RW           25    .data               system_stm32f10x.o
    0x20000014   0x08006810   0x00000014   Data   RW          318    .data               stm32f10x_rcc.o
    0x20000028   0x08006824   0x00000004   Data   RW          483    .data               stm32f10x_it.o
    0x2000002c   0x08006828   0x00000004   Data   RW          535    .data               bsp_systick.o
    0x20000030   0x0800682c   0x0000004a   Data   RW          554    .data               bsp_task.o
    0x2000007a   0x08006876   0x00000002   PAD
    0x2000007c   0x08006878   0x00000010   Data   RW          665    .data               bsp_ili9341_lcd.o
    0x2000008c   0x08006888   0x00000008   Data   RW          694    .data               fonts.o
    0x20000094   0x08006890   0x00000008   Data   RW          731    .data               bsp_as608.o
    0x2000009c   0x08006898   0x0000003c   Data   RW          850    .data               tasks.o
    0x200000d8   0x080068d4   0x00000014   Data   RW          881    .data               timers.o
    0x200000ec   0x080068e8   0x00000018   Data   RW          896    .data               heap_4.o
    0x20000104   0x08006900   0x0000000c   Data   RW          911    .data               port.o
    0x20000110   0x0800690c   0x00000004   Data   RW         1227    .data               mc_w.l(stdout.o)
    0x20000114        -       0x00000404   Zero   RW          481    .bss                stm32f10x_it.o
    0x20000518        -       0x000000f0   Zero   RW          553    .bss                bsp_task.o
    0x20000608        -       0x00000068   Zero   RW          757    .bss                rx_data_queue.o
    0x20000670        -       0x00000050   Zero   RW          831    .bss                queue.o
    0x200006c0        -       0x000002e4   Zero   RW          849    .bss                tasks.o
    0x200009a4        -       0x00000028   Zero   RW          880    .bss                timers.o
    0x200009cc        -       0x00009000   Zero   RW          895    .bss                heap_4.o
    0x200099cc   0x08006910   0x00000004   PAD
    0x200099d0        -       0x00000400   Zero   RW            1    STACK               startup_stm32f10x_hd.o


==============================================================================

Image component sizes


      Code (inc. data)   RO Data    RW Data    ZI Data      Debug   Object Name

      3280       1278          0          8          0       8704   bsp_as608.o
       648        242          0          0          0       1529   bsp_hc05.o
       320         12          0          0          0       3360   bsp_hc05_usart.o
      2744         34          0         16          0      22824   bsp_ili9341_lcd.o
       308         10          0          0          0       1611   bsp_key.o
       108          6          0          0          0       1120   bsp_led.o
       212         22          0          4          0      17195   bsp_systick.o
      1304        628          0         74        240      12126   bsp_task.o
       256          8          0          0          0       3166   bsp_usart.o
         0          0          0          0          0       4508   core_cm3.o
         0          0          0          0          0       1476   event_groups.o
         0          0       1520          8          0       1421   fonts.o
       532         66          0         24      36864       3556   heap_4.o
       136          0          0          0          0       1942   list.o
        38          0          0          0          0       6794   main.o
       184         12          0          0          0       2033   misc.o
       642         90          0         12          0       7835   port.o
      2596         60          0          0         80      15333   queue.o
       412         26          0          0        104       5216   rx_data_queue.o
        36          8        304          0       1024        888   startup_stm32f10x_hd.o
       236         10          0          0          0       2523   stm32f10x_exti.o
      1206         10          0          0          0       6111   stm32f10x_fsmc.o
       664         36          0          0          0       6317   stm32f10x_gpio.o
       284         24          0          4       1028      13914   stm32f10x_it.o
       756         32          0         20          0       9488   stm32f10x_rcc.o
       924         20          0          0          0       9280   stm32f10x_usart.o
       372         34          0         20          0     240455   system_stm32f10x.o
      4144        138          0         60        740      29664   tasks.o
      1264         86          0         20         40       8315   timers.o

    ----------------------------------------------------------------------
     23612       2892       1858        272      40124     448704   Object Totals
         0          0         32          0          0          0   (incl. Generated)
         6          0          2          2          4          0   (incl. Padding)

    ----------------------------------------------------------------------

      Code (inc. data)   RO Data    RW Data    ZI Data      Debug   Library Member Name

         0          0          0          0          0          0   entry.o
         0          0          0          0          0          0   entry10a.o
         0          0          0          0          0          0   entry11a.o
         4          0          0          0          0          0   entry12b.o
         8          4          0          0          0          0   entry2.o
         4          0          0          0          0          0   entry5.o
         0          0          0          0          0          0   entry7b.o
         0          0          0          0          0          0   entry8b.o
         8          4          0          0          0          0   entry9a.o
        30          0          0          0          0          0   handlers.o
        36          8          0          0          0         68   init.o
        30          0          0          0          0         68   llshl.o
        32          0          0          0          0         68   llushr.o
        36          0          0          0          0         68   memcpya.o
        36          0          0          0          0        108   memseta.o
       786         60          0          0          0        336   printf5.o
         0          0          0          4          0          0   stdout.o
        36          0          0          0          0         80   strstr.o
        98          0          0          0          0         92   uldiv.o

    ----------------------------------------------------------------------
      1150         76          0          4          0        888   Library Totals
         6          0          0          0          0          0   (incl. Padding)

    ----------------------------------------------------------------------

      Code (inc. data)   RO Data    RW Data    ZI Data      Debug   Library Name

      1144         76          0          4          0        888   mc_w.l

    ----------------------------------------------------------------------
      1150         76          0          4          0        888   Library Totals

    ----------------------------------------------------------------------

==============================================================================


      Code (inc. data)   RO Data    RW Data    ZI Data      Debug   

     24762       2968       1858        276      40124     446468   Grand Totals
     24762       2968       1858        276      40124     446468   ELF Image Totals
     24762       2968       1858        276          0          0   ROM Totals

==============================================================================

    Total RO  Size (Code + RO Data)                26620 (  26.00kB)
    Total RW  Size (RW Data + ZI Data)             40400 (  39.45kB)
    Total ROM Size (Code + RO Data + RW Data)      26896 (  26.27kB)

==============================================================================

