Component: ARM Compiler 5.06 update 7 (build 960) Tool: armlink [4d3601]

==============================================================================

Section Cross References

    startup_stm32f10x_hd.o(RESET) refers to startup_stm32f10x_hd.o(STACK) for __initial_sp
    startup_stm32f10x_hd.o(RESET) refers to startup_stm32f10x_hd.o(.text) for Reset_Handler
    startup_stm32f10x_hd.o(RESET) refers to stm32f10x_it.o(.text) for NMI_Handler
    startup_stm32f10x_hd.o(RESET) refers to port.o(.emb_text) for SVC_Handler
    startup_stm32f10x_hd.o(.text) refers to system_stm32f10x.o(.text) for SystemInit
    startup_stm32f10x_hd.o(.text) refers to entry.o(.ARM.Collect$$$$00000000) for __main
    system_stm32f10x.o(.text) refers to system_stm32f10x.o(.data) for .data
    stm32f10x_adc.o(.text) refers to stm32f10x_rcc.o(.text) for RCC_APB2PeriphResetCmd
    stm32f10x_bkp.o(.text) refers to stm32f10x_rcc.o(.text) for RCC_BackupResetCmd
    stm32f10x_can.o(.text) refers to stm32f10x_rcc.o(.text) for RCC_APB1PeriphResetCmd
    stm32f10x_cec.o(.text) refers to stm32f10x_rcc.o(.text) for RCC_APB1PeriphResetCmd
    stm32f10x_dac.o(.text) refers to stm32f10x_rcc.o(.text) for RCC_APB1PeriphResetCmd
    stm32f10x_gpio.o(.text) refers to stm32f10x_rcc.o(.text) for RCC_APB2PeriphResetCmd
    stm32f10x_i2c.o(.text) refers to stm32f10x_rcc.o(.text) for RCC_APB1PeriphResetCmd
    stm32f10x_pwr.o(.text) refers to stm32f10x_rcc.o(.text) for RCC_APB1PeriphResetCmd
    stm32f10x_rcc.o(.text) refers to stm32f10x_rcc.o(.data) for .data
    stm32f10x_spi.o(.text) refers to stm32f10x_rcc.o(.text) for RCC_APB2PeriphResetCmd
    stm32f10x_tim.o(.text) refers to stm32f10x_rcc.o(.text) for RCC_APB2PeriphResetCmd
    stm32f10x_usart.o(.text) refers to stm32f10x_rcc.o(.text) for RCC_APB2PeriphResetCmd
    stm32f10x_wwdg.o(.text) refers to stm32f10x_rcc.o(.text) for RCC_APB1PeriphResetCmd
    main.o(.text) refers to bsp_usart.o(.text) for Usart_SendString
    main.o(.text) refers to bsp_systick.o(.text) for SysTick_Init
    main.o(.text) refers to bsp_led.o(.text) for LED_GPIO_Config
    main.o(.text) refers to bsp_key.o(.text) for Key_GPIO_Config
    main.o(.text) refers to bsp_ili9341_lcd.o(.text) for ILI9341_Config
    main.o(.text) refers to core_delay.o(.text) for CPU_TS_TmrInit
    main.o(.text) refers to bsp_esp8266.o(.text) for ESP8266_Init
    main.o(.text) refers to stm32f10x_gpio.o(.text) for GPIO_SetBits
    main.o(.text) refers to max30102.o(.text) for max3012_init
    main.o(.text) refers to bsp_mpu6050.o(.text) for MPU6050_Init
    main.o(.text) refers to dflti.o(.text) for __aeabi_i2d
    main.o(.text) refers to sqrt.o(i.sqrt) for sqrt
    main.o(.text) refers to dfixui.o(.text) for __aeabi_d2uiz
    main.o(.text) refers to printf8.o(i.__0printf$8) for __2printf
    main.o(.text) refers to printf8.o(i.__0sprintf$8) for __2sprintf
    main.o(.text) refers to bsp_esp8266.o(.bss) for strUSART_Fram_Record
    main.o(.text) refers to main.o(.data) for .data
    main.o(.text) refers to main.o(.conststring) for .conststring
    main.o(.text) refers to main.o(.bss) for .bss
    stm32f10x_it.o(.text) refers to bsp_systick.o(.text) for TimingDelay_Decrement
    stm32f10x_it.o(.text) refers to tasks.o(.text) for xTaskGetSchedulerState
    stm32f10x_it.o(.text) refers to port.o(.text) for xPortSysTickHandler
    stm32f10x_it.o(.text) refers to stm32f10x_usart.o(.text) for USART_GetITStatus
    stm32f10x_it.o(.text) refers to strstr.o(.text) for strstr
    stm32f10x_it.o(.text) refers to bsp_esp8266.o(.bss) for strUSART_Fram_Record
    stm32f10x_it.o(.text) refers to bsp_esp8266.o(.data) for ucTcpClosedFlag
    bsp_key.o(.text) refers to stm32f10x_rcc.o(.text) for RCC_APB2PeriphClockCmd
    bsp_key.o(.text) refers to stm32f10x_gpio.o(.text) for GPIO_Init
    bsp_key.o(.text) refers to misc.o(.text) for NVIC_PriorityGroupConfig
    bsp_key.o(.text) refers to stm32f10x_exti.o(.text) for EXTI_Init
    bsp_systick.o(.text) refers to system_stm32f10x.o(.data) for SystemCoreClock
    bsp_systick.o(.text) refers to bsp_systick.o(.data) for .data
    bsp_usart.o(.text) refers to misc.o(.text) for NVIC_PriorityGroupConfig
    bsp_usart.o(.text) refers to stm32f10x_rcc.o(.text) for RCC_APB2PeriphClockCmd
    bsp_usart.o(.text) refers to stm32f10x_gpio.o(.text) for GPIO_Init
    bsp_usart.o(.text) refers to stm32f10x_usart.o(.text) for USART_Init
    bsp_led.o(.text) refers to stm32f10x_rcc.o(.text) for RCC_APB2PeriphClockCmd
    bsp_led.o(.text) refers to stm32f10x_gpio.o(.text) for GPIO_Init
    bsp_ili9341_lcd.o(.text) refers to stm32f10x_rcc.o(.text) for RCC_APB2PeriphClockCmd
    bsp_ili9341_lcd.o(.text) refers to stm32f10x_gpio.o(.text) for GPIO_Init
    bsp_ili9341_lcd.o(.text) refers to memseta.o(.text) for __aeabi_memclr4
    bsp_ili9341_lcd.o(.text) refers to stm32f10x_fsmc.o(.text) for FSMC_NORSRAMInit
    bsp_ili9341_lcd.o(.text) refers to bsp_ili9341_lcd.o(.data) for .data
[...]
    ..\..\User\src\bsp_SysTick.c             0x00000000   Number         0  bsp_systick.o ABSOLUTE
    ..\..\User\src\bsp_esp8266.c             0x00000000   Number         0  bsp_esp8266.o ABSOLUTE
    ..\..\User\src\bsp_ili9341_lcd.c         0x00000000   Number         0  bsp_ili9341_lcd.o ABSOLUTE
    ..\..\User\src\bsp_key.c                 0x00000000   Number         0  bsp_key.o ABSOLUTE
    ..\..\User\src\bsp_led.c                 0x00000000   Number         0  bsp_led.o ABSOLUTE
    ..\..\User\src\bsp_mpu6050.c             0x00000000   Number         0  bsp_mpu6050.o ABSOLUTE
    ..\..\User\src\bsp_task.c                0x00000000   Number         0  bsp_task.o ABSOLUTE
    ..\..\User\src\bsp_usart.c               0x00000000   Number         0  bsp_usart.o ABSOLUTE
    ..\..\User\src\core_delay.c              0x00000000   Number         0  core_delay.o ABSOLUTE
    ..\..\User\src\fonts.c                   0x00000000   Number         0  fonts.o ABSOLUTE
    ..\..\User\src\iicStart.c                0x00000000   Number         0  iicstart.o ABSOLUTE
    ..\..\User\src\max30102.c                0x00000000   Number         0  max30102.o ABSOLUTE
    ..\..\User\src\max30102_math.c           0x00000000   Number         0  max30102_math.o ABSOLUTE
    ..\..\User\stm32f10x_it.c                0x00000000   Number         0  stm32f10x_it.o ABSOLUTE
    ..\\..\\FreeRTOS\\port\\RVDS\\ARM_CM3\\port.c 0x00000000   Number         0  port.o ABSOLUTE
    ..\\..\\Libraries\\CMSIS\\core_cm3.c     0x00000000   Number         0  core_cm3.o ABSOLUTE
    cdcmple.s                                0x00000000   Number         0  cdcmple.o ABSOLUTE
    cdrcmple.s                               0x00000000   Number         0  cdrcmple.o ABSOLUTE
    dc.s                                     0x00000000   Number         0  dc.o ABSOLUTE
    handlers.s                               0x00000000   Number         0  handlers.o ABSOLUTE
    init.s                                   0x00000000   Number         0  init.o ABSOLUTE
    RESET                                    0x08000000   Section      304  startup_stm32f10x_hd.o(RESET)
    .ARM.Collect$$$$00000000                 0x08000130   Section        0  entry.o(.ARM.Collect$$$$00000000)
    .ARM.Collect$$$$00000001                 0x08000130   Section        4  entry2.o(.ARM.Collect$$$$00000001)
    .ARM.Collect$$$$00000004                 0x08000134   Section        4  entry5.o(.ARM.Collect$$$$00000004)
    .ARM.Collect$$$$00000008                 0x08000138   Section        0  entry7b.o(.ARM.Collect$$$$00000008)
    .ARM.Collect$$$$0000000A                 0x08000138   Section        0  entry8b.o(.ARM.Collect$$$$0000000A)
    .ARM.Collect$$$$0000000B                 0x08000138   Section        8  entry9a.o(.ARM.Collect$$$$0000000B)
    .ARM.Collect$$$$0000000E                 0x08000140   Section        4  entry12b.o(.ARM.Collect$$$$0000000E)
    .ARM.Collect$$$$0000000F                 0x08000144   Section        0  entry10a.o(.ARM.Collect$$$$0000000F)
    .ARM.Collect$$$$00000011                 0x08000144   Section        0  entry11a.o(.ARM.Collect$$$$00000011)
    .ARM.Collect$$$$00002712                 0x08000144   Section        4  entry2.o(.ARM.Collect$$$$00002712)
    __lit__00000000                          0x08000144   Data           4  entry2.o(.ARM.Collect$$$$00002712)
    .emb_text                                0x08000148   Section      150  port.o(.emb_text)
    .text                                    0x080001e0   Section       36  startup_stm32f10x_hd.o(.text)
    .text                                    0x08000204   Section        0  system_stm32f10x.o(.text)
    SetSysClockTo72                          0x08000205   Thumb Code   166  system_stm32f10x.o(.text)
    SetSysClock                              0x080002ab   Thumb Code     2  system_stm32f10x.o(.text)
    .text                                    0x08000378   Section        0  misc.o(.text)
    .text                                    0x08000430   Section        0  stm32f10x_exti.o(.text)
    .text                                    0x0800051c   Section        0  stm32f10x_fsmc.o(.text)
    .text                                    0x080009d4   Section        0  stm32f10x_gpio.o(.text)
    .text                                    0x08000c6c   Section        0  stm32f10x_rcc.o(.text)
    .text                                    0x08000f60   Section        0  stm32f10x_usart.o(.text)
    .text                                    0x080012fc   Section        0  main.o(.text)
    .text                                    0x0800159c   Section        0  stm32f10x_it.o(.text)
    .text                                    0x080016c0   Section        0  bsp_key.o(.text)
    NVIC_Config                              0x08001719   Thumb Code    66  bsp_key.o(.text)
    .text                                    0x080017f4   Section        0  bsp_systick.o(.text)
    SysTick_Config                           0x080017f5   Thumb Code    40  bsp_systick.o(.text)
    .text                                    0x080018d4   Section        0  bsp_usart.o(.text)
    NVIC_Configuration                       0x080018d5   Thumb Code    38  bsp_usart.o(.text)
    .text                                    0x08001a3c   Section        0  bsp_led.o(.text)
    .text                                    0x08001aa8   Section        0  bsp_ili9341_lcd.o(.text)
    ILI9341_Delay                            0x08001aa9   Thumb Code    18  bsp_ili9341_lcd.o(.text)
    ILI9341_GPIO_Config                      0x08001abb   Thumb Code   362  bsp_ili9341_lcd.o(.text)
    ILI9341_FSMC_Config                      0x08001c25   Thumb Code   106  bsp_ili9341_lcd.o(.text)
    ILI9341_REG_Config                       0x08001cd5   Thumb Code   750  bsp_ili9341_lcd.o(.text)
    ILI9341_SetCursor                        0x080020e3   Thumb Code     6  bsp_ili9341_lcd.o(.text)
    ILI9341_Read_PixelData                   0x08002129   Thumb Code    38  bsp_ili9341_lcd.o(.text)
    ILI9341_FillColor                        0x08002541   Thumb Code    28  bsp_ili9341_lcd.o(.text)
    .text                                    0x08002560   Section        0  bsp_esp8266.o(.text)
    ESP8266_USART_NVIC_Configuration         0x08002561   Thumb Code    40  bsp_esp8266.o(.text)
    ESP8266_USART_Config                     0x08002589   Thumb Code   150  bsp_esp8266.o(.text)
    ESP8266_GPIO_Config                      0x0800261f   Thumb Code    64  bsp_esp8266.o(.text)
    .text                                    0x080031b8   Section        0  bsp_mpu6050.o(.text)
    .text                                    0x080033a4   Section        0  iic.o(.text)
    iic_delay                                0x080033a5   Thumb Code     6  iic.o(.text)
    .text                                    0x08003664   Section        0  common.o(.text)
    itoa                                     0x08003665   Thumb Code    92  common.o(.text)
    .text                                    0x080037a8   Section        0  core_delay.o(.text)
    .text                                    0x08003814   Section        0  iicstart.o(.text)
    i2c_Delay                                0x08003815   Thumb Code    12  iicstart.o(.text)
    .text                                    0x080039d0   Section        0  max30102.o(.text)
    .text                                    0x08004328   Section        0  max30102_math.o(.text)
    .text                                    0x08004718   Section        0  list.o(.text)
    .text                                    0x080047a0   Section        0  queue.o(.text)
    prvInitialiseNewQueue                    0x08004823   Thumb Code    32  queue.o(.text)
    prvCopyDataToQueue                       0x08004883   Thumb Code    92  queue.o(.text)
    prvNotifyQueueSetContainer               0x080048df   Thumb Code   110  queue.o(.text)
    prvUnlockQueue                           0x0800494d   Thumb Code   126  queue.o(.text)
    prvIsQueueFull                           0x080049cb   Thumb Code    30  queue.o(.text)
    prvIsQueueEmpty                          0x08004d05   Thumb Code    26  queue.o(.text)
    prvCopyDataFromQueue                     0x08004d1f   Thumb Code    40  queue.o(.text)
    .text                                    0x080051c4   Section        0  tasks.o(.text)
    prvInitialiseTaskLists                   0x080051c5   Thumb Code    74  tasks.o(.text)
    prvAddNewTaskToReadyList                 0x0800520f   Thumb Code   124  tasks.o(.text)
    prvInitialiseNewTask                     0x0800528b   Thumb Code   134  tasks.o(.text)
    prvResetNextTaskUnblockTime              0x08005371   Thumb Code    30  tasks.o(.text)
    prvDeleteTCB                             0x0800538f   Thumb Code    20  tasks.o(.text)
    prvAddCurrentTaskToDelayedList           0x080055f5   Thumb Code   102  tasks.o(.text)
    prvTaskIsTaskSuspended                   0x08005989   Thumb Code    50  tasks.o(.text)
    prvCheckTasksWaitingTermination          0x08005ac5   Thumb Code    76  tasks.o(.text)
    prvIdleTask                              0x08005b11   Thumb Code    30  tasks.o(.text)
    .text                                    0x080061f4   Section        0  timers.o(.text)
    prvInsertTimerInActiveList               0x080061f5   Thumb Code    60  timers.o(.text)
    prvSwitchTimerLists                      0x0800629f   Thumb Code   100  timers.o(.text)
    prvSampleTimeNow                         0x08006303   Thumb Code    38  timers.o(.text)
    prvProcessReceivedCommands               0x08006329   Thumb Code   182  timers.o(.text)
    prvProcessExpiredTimer                   0x080063df   Thumb Code    84  timers.o(.text)
    prvProcessTimerOrBlockTask               0x08006433   Thumb Code   100  timers.o(.text)
    prvGetNextExpireTime                     0x08006497   Thumb Code    30  timers.o(.text)
    prvTimerTask                             0x080064b5   Thumb Code    20  timers.o(.text)
    prvCheckForValidListAndQueue             0x080064c9   Thumb Code    62  timers.o(.text)
    prvInitialiseNewTimer                    0x08006541   Thumb Code    68  timers.o(.text)
    .text                                    0x080066e4   Section        0  heap_4.o(.text)
    prvInsertBlockIntoFreeList               0x080066e5   Thumb Code    78  heap_4.o(.text)
    prvHeapInit                              0x08006733   Thumb Code    68  heap_4.o(.text)
    .text                                    0x080068f8   Section        0  port.o(.text)
    prvTaskExitError                         0x080068f9   Thumb Code    34  port.o(.text)
    .text                                    0x08006ae4   Section        0  memcpya.o(.text)
    .text                                    0x08006b08   Section        0  memseta.o(.text)
    .text                                    0x08006b2c   Section        0  strstr.o(.text)
    .text                                    0x08006b50   Section        0  fadd.o(.text)
    .text                                    0x08006c00   Section        0  fmul.o(.text)
    .text                                    0x08006c64   Section        0  fdiv.o(.text)
    .text                                    0x08006ce0   Section        0  dadd.o(.text)
    .text                                    0x08006e2e   Section        0  ddiv.o(.text)
    .text                                    0x08006f0c   Section        0  ffltui.o(.text)
    .text                                    0x08006f16   Section        0  dflti.o(.text)
    .text                                    0x08006f38   Section        0  ffixi.o(.text)
    .text                                    0x08006f6a   Section        0  dfixui.o(.text)
    .text                                    0x08006f9c   Section        0  d2f.o(.text)
    .text                                    0x08006fd4   Section        0  uldiv.o(.text)
    .text                                    0x08007036   Section        0  llshl.o(.text)
    .text                                    0x08007054   Section        0  llushr.o(.text)
    .text                                    0x08007074   Section        0  llsshr.o(.text)
    .text                                    0x08007098   Section        0  iusefp.o(.text)
    .text                                    0x08007098   Section        0  fepilogue.o(.text)
    .text                                    0x08007106   Section        0  depilogue.o(.text)
    .text                                    0x080071c0   Section        0  dsqrt.o(.text)
    .text                                    0x08007264   Section       36  init.o(.text)
    .text                                    0x08007288   Section        0  __dczerorl2.o(.text)
    i.__0printf$8                            0x080072e0   Section        0  printf8.o(i.__0printf$8)
    i.__0sprintf$8                           0x08007300   Section        0  printf8.o(i.__0sprintf$8)
    i.__scatterload_copy                     0x08007328   Section       14  handlers.o(i.__scatterload_copy)
    i.__scatterload_null                     0x08007336   Section        2  handlers.o(i.__scatterload_null)
    i.__scatterload_zeroinit                 0x08007338   Section       14  handlers.o(i.__scatterload_zeroinit)
    i.__set_errno                            0x08007348   Section        0  errno.o(i.__set_errno)
    i._printf_core                           0x08007354   Section        0  printf8.o(i._printf_core)
    _printf_core                             0x08007355   Thumb Code   984  printf8.o(i._printf_core)
    i._printf_post_padding                   0x08007758   Section        0  printf8.o(i._printf_post_padding)
    _printf_post_padding                     0x08007759   Thumb Code    36  printf8.o(i._printf_post_padding)
    i._printf_pre_padding                    0x0800777c   Section        0  printf8.o(i._printf_pre_padding)
    _printf_pre_padding                      0x0800777d   Thumb Code    46  printf8.o(i._printf_pre_padding)
    i._sputc                                 0x080077aa   Section        0  printf8.o(i._sputc)
    _sputc                                   0x080077ab   Thumb Code    10  printf8.o(i._sputc)
    i.sqrt                                   0x080077b4   Section        0  sqrt.o(i.sqrt)
    .constdata                               0x08007800   Section     1520  fonts.o(.constdata)
    .constdata                               0x08007df0   Section      184  max30102_math.o(.constdata)
    .conststring                             0x08007ea8   Section      319  main.o(.conststring)
    .conststring                             0x08007fe8   Section      325  bsp_esp8266.o(.conststring)
    .conststring                             0x08008130   Section       71  bsp_mpu6050.o(.conststring)
    .conststring                             0x08008178   Section      377  max30102.o(.conststring)
    .data                                    0x20000000   Section       20  system_stm32f10x.o(.data)
    .data                                    0x20000014   Section       20  stm32f10x_rcc.o(.data)
    ADCPrescTable                            0x20000014   Data           4  stm32f10x_rcc.o(.data)
    APBAHBPrescTable                         0x20000018   Data          16  stm32f10x_rcc.o(.data)
    .data                                    0x20000028   Section       12  main.o(.data)
    .data                                    0x20000034   Section        4  bsp_systick.o(.data)
    TimingDelay                              0x20000034   Data           4  bsp_systick.o(.data)
    .data                                    0x20000038   Section       16  bsp_ili9341_lcd.o(.data)
    CurrentTextColor                         0x20000040   Data           2  bsp_ili9341_lcd.o(.data)
    CurrentBackColor                         0x20000042   Data           2  bsp_ili9341_lcd.o(.data)
    LCD_Currentfonts                         0x20000044   Data           4  bsp_ili9341_lcd.o(.data)
    .data                                    0x20000048   Section        8  fonts.o(.data)
    .data                                    0x20000050   Section       36  bsp_esp8266.o(.data)
    .data                                    0x20000074   Section       92  max30102.o(.data)
    .data                                    0x200000d0   Section       60  tasks.o(.data)
    uxDeletedTasksWaitingCleanUp             0x200000d4   Data           4  tasks.o(.data)
    uxCurrentNumberOfTasks                   0x200000d8   Data           4  tasks.o(.data)
    xTickCount                               0x200000dc   Data           4  tasks.o(.data)
    uxTopReadyPriority                       0x200000e0   Data           4  tasks.o(.data)
    xSchedulerRunning                        0x200000e4   Data           4  tasks.o(.data)
    uxPendedTicks                            0x200000e8   Data           4  tasks.o(.data)
    xYieldPending                            0x200000ec   Data           4  tasks.o(.data)
    xNumOfOverflows                          0x200000f0   Data           4  tasks.o(.data)
    uxTaskNumber                             0x200000f4   Data           4  tasks.o(.data)
    xNextTaskUnblockTime                     0x200000f8   Data           4  tasks.o(.data)
    xIdleTaskHandle                          0x200000fc   Data           4  tasks.o(.data)
    uxSchedulerSuspended                     0x20000100   Data           4  tasks.o(.data)
    pxDelayedTaskList                        0x20000104   Data           4  tasks.o(.data)
    pxOverflowDelayedTaskList                0x20000108   Data           4  tasks.o(.data)
    .data                                    0x2000010c   Section       20  timers.o(.data)
    xTimerQueue                              0x2000010c   Data           4  timers.o(.data)
    xTimerTaskHandle                         0x20000110   Data           4  timers.o(.data)
    xLastTime                                0x20000114   Data           4  timers.o(.data)
    pxCurrentTimerList                       0x20000118   Data           4  timers.o(.data)
    pxOverflowTimerList                      0x2000011c   Data           4  timers.o(.data)
    .data                                    0x20000120   Section       24  heap_4.o(.data)
    pxEnd                                    0x20000120   Data           4  heap_4.o(.data)
    xFreeBytesRemaining                      0x20000124   Data           4  heap_4.o(.data)
    xMinimumEverFreeBytesRemaining           0x20000128   Data           4  heap_4.o(.data)
    xBlockAllocatedBit                       0x2000012c   Data           4  heap_4.o(.data)
    xStart                                   0x20000130   Data           8  heap_4.o(.data)
    .data                                    0x20000138   Section       12  port.o(.data)
    ucMaxSysCallPriority                     0x20000138   Data           1  port.o(.data)
    uxCriticalNesting                        0x2000013c   Data           4  port.o(.data)
    ulMaxPRIGROUPValue                       0x20000140   Data           4  port.o(.data)
    .data                                    0x20000144   Section        4  stdout.o(.data)
    .data                                    0x20000148   Section        4  errno.o(.data)
    _errno                                   0x20000148   Data           4  errno.o(.data)
    .bss                                     0x2000014c   Section      200  main.o(.bss)
    .bss                                     0x20000214   Section     3754  bsp_esp8266.o(.bss)
    .bss                                     0x200010c0   Section     1728  max30102.o(.bss)
    .bss                                     0x20001780   Section     1200  max30102_math.o(.bss)
    an_x                                     0x20001780   Data         600  max30102_math.o(.bss)
    an_y                                     0x200019d8   Data         600  max30102_math.o(.bss)
    .bss                                     0x20001c30   Section       80  queue.o(.bss)
    .bss                                     0x20001c80   Section      740  tasks.o(.bss)
    pxReadyTasksLists                        0x20001c80   Data         640  tasks.o(.bss)
    xDelayedTaskList1                        0x20001f00   Data          20  tasks.o(.bss)
    xDelayedTaskList2                        0x20001f14   Data          20  tasks.o(.bss)
    xPendingReadyList                        0x20001f28   Data          20  tasks.o(.bss)
    xTasksWaitingTermination                 0x20001f3c   Data          20  tasks.o(.bss)
    xSuspendedTaskList                       0x20001f50   Data          20  tasks.o(.bss)
    .bss                                     0x20001f64   Section       40  timers.o(.bss)
    xActiveTimerList1                        0x20001f64   Data          20  timers.o(.bss)
    xActiveTimerList2                        0x20001f78   Data          20  timers.o(.bss)
    .bss                                     0x20001f8c   Section    36864  heap_4.o(.bss)
    ucHeap                                   0x20001f8c   Data       36864  heap_4.o(.bss)
    STACK                                    0x2000af90   Section     1024  startup_stm32f10x_hd.o(STACK)

    Global Symbols

    Symbol Name                              Value     Ov Type        Size  Object(Section)

    BuildAttributes$$THM_ISAv4$P$D$K$B$S$PE$A:L22UL41UL21$X:L11$S22US41US21$IEEE1$IW$USESV6$~STKCKD$USESV7$~SHL$OTIME$ROPI$IEEEX$EBA8$MICROLIB$REQ8$PRES8$EABIv2 0x00000000   Number         0  anon$$obj.o ABSOLUTE
    __ARM_use_no_argv                        0x00000000   Number         0  main.o ABSOLUTE
    _printf_a                                0x00000000   Number         0  stubs.o ABSOLUTE
    _printf_c                                0x00000000   Number         0  stubs.o ABSOLUTE
    _printf_charcount                        0x00000000   Number         0  stubs.o ABSOLUTE
    _printf_d                                0x00000000   Number         0  stubs.o ABSOLUTE
    _printf_e                                0x00000000   Number         0  stubs.o ABSOLUTE
    _printf_f                                0x00000000   Number         0  stubs.o ABSOLUTE
    _printf_flags                            0x00000000   Number         0  stubs.o ABSOLUTE
    _printf_fp_dec                           0x00000000   Number         0  stubs.o ABSOLUTE
    _printf_fp_hex                           0x00000000   Number         0  stubs.o ABSOLUTE
    _printf_g                                0x00000000   Number         0  stubs.o ABSOLUTE
    _printf_i                                0x00000000   Number         0  stubs.o ABSOLUTE
    _printf_int_dec                          0x00000000   Number         0  stubs.o ABSOLUTE
    _printf_l                                0x00000000   Number         0  stubs.o ABSOLUTE
    _printf_lc                               0x00000000   Number         0  stubs.o ABSOLUTE
    _printf_ll                               0x00000000   Number         0  stubs.o ABSOLUTE
    _printf_lld                              0x00000000   Number         0  stubs.o ABSOLUTE
    _printf_lli                              0x00000000   Number         0  stubs.o ABSOLUTE
    _printf_llo                              0x00000000   Number         0  stubs.o ABSOLUTE
    _printf_llu                              0x00000000   Number         0  stubs.o ABSOLUTE
    _printf_llx                              0x00000000   Number         0  stubs.o ABSOLUTE
    _printf_longlong_dec                     0x00000000   Number         0  stubs.o ABSOLUTE
    _printf_longlong_hex                     0x00000000   Number         0  stubs.o ABSOLUTE
    _printf_longlong_oct                     0x00000000   Number         0  stubs.o ABSOLUTE
    _printf_ls                               0x00000000   Number         0  stubs.o ABSOLUTE
    _printf_mbtowc                           0x00000000   Number         0  stubs.o ABSOLUTE
    _printf_n                                0x00000000   Number         0  stubs.o ABSOLUTE
    _printf_o                                0x00000000   Number         0  stubs.o ABSOLUTE
    _printf_p                                0x00000000   Number         0  stubs.o ABSOLUTE
    _printf_percent                          0x00000000   Number         0  stubs.o ABSOLUTE
    _printf_pre_padding                      0x00000000   Number         0  stubs.o ABSOLUTE
    _printf_return_value                     0x00000000   Number         0  stubs.o ABSOLUTE
    _printf_s                                0x00000000   Number         0  stubs.o ABSOLUTE
    _printf_sizespec                         0x00000000   Number         0  stubs.o ABSOLUTE
    _printf_str                              0x00000000   Number         0  stubs.o ABSOLUTE
    _printf_truncate_signed                  0x00000000   Number         0  stubs.o ABSOLUTE
    _printf_truncate_unsigned                0x00000000   Number         0  stubs.o ABSOLUTE
    _printf_u                                0x00000000   Number         0  stubs.o ABSOLUTE
    _printf_wc                               0x00000000   Number         0  stubs.o ABSOLUTE
    _printf_wctomb                           0x00000000   Number         0  stubs.o ABSOLUTE
    _printf_widthprec                        0x00000000   Number         0  stubs.o ABSOLUTE
    _printf_x                                0x00000000   Number         0  stubs.o ABSOLUTE
    __arm_fini_                               - Undefined Weak Reference
    __cpp_initialize__aeabi_                  - Undefined Weak Reference
    __cxa_finalize                            - Undefined Weak Reference
    _clock_init                               - Undefined Weak Reference
    _microlib_exit                            - Undefined Weak Reference
    __Vectors_Size                           0x00000130   Number         0  startup_stm32f10x_hd.o ABSOLUTE
    __Vectors                                0x08000000   Data           4  startup_stm32f10x_hd.o(RESET)
    __Vectors_End                            0x08000130   Data           0  startup_stm32f10x_hd.o(RESET)
    __main                                   0x08000131   Thumb Code     0  entry.o(.ARM.Collect$$$$00000000)
    _main_stk                                0x08000131   Thumb Code     0  entry2.o(.ARM.Collect$$$$00000001)
    _main_scatterload                        0x08000135   Thumb Code     0  entry5.o(.ARM.Collect$$$$00000004)
    __main_after_scatterload                 0x08000139   Thumb Code     0  entry5.o(.ARM.Collect$$$$00000004)
    _main_clock                              0x08000139   Thumb Code     0  entry7b.o(.ARM.Collect$$$$00000008)
    _main_cpp_init                           0x08000139   Thumb Code     0  entry8b.o(.ARM.Collect$$$$0000000A)
    _main_init                               0x08000139   Thumb Code     0  entry9a.o(.ARM.Collect$$$$0000000B)
    __rt_lib_shutdown_fini                   0x08000141   Thumb Code     0  entry12b.o(.ARM.Collect$$$$0000000E)
    __rt_final_cpp                           0x08000145   Thumb Code     0  entry10a.o(.ARM.Collect$$$$0000000F)
    __rt_final_exit                          0x08000145   Thumb Code     0  entry11a.o(.ARM.Collect$$$$00000011)
    SVC_Handler                              0x08000149   Thumb Code    32  port.o(.emb_text)
    __asm___6_port_c_39a90d8d__prvStartFirstTask 0x0800016d   Thumb Code    28  port.o(.emb_text)
    PendSV_Handler                           0x0800018d   Thumb Code    72  port.o(.emb_text)
    vPortGetIPSR                             0x080001d9   Thumb Code     6  port.o(.emb_text)
    Reset_Handler                            0x080001e1   Thumb Code     8  startup_stm32f10x_hd.o(.text)
    ADC1_2_IRQHandler                        0x080001fb   Thumb Code     0  startup_stm32f10x_hd.o(.text)
    ADC3_IRQHandler                          0x080001fb   Thumb Code     0  startup_stm32f10x_hd.o(.text)
    CAN1_RX1_IRQHandler                      0x080001fb   Thumb Code     0  startup_stm32f10x_hd.o(.text)
    CAN1_SCE_IRQHandler                      0x080001fb   Thumb Code     0  startup_stm32f10x_hd.o(.text)
    DMA1_Channel1_IRQHandler                 0x080001fb   Thumb Code     0  startup_stm32f10x_hd.o(.text)
    DMA1_Channel2_IRQHandler                 0x080001fb   Thumb Code     0  startup_stm32f10x_hd.o(.text)
    DMA1_Channel3_IRQHandler                 0x080001fb   Thumb Code     0  startup_stm32f10x_hd.o(.text)
    DMA1_Channel4_IRQHandler                 0x080001fb   Thumb Code     0  startup_stm32f10x_hd.o(.text)
    DMA1_Channel5_IRQHandler                 0x080001fb   Thumb Code     0  startup_stm32f10x_hd.o(.text)
    DMA1_Channel6_IRQHandler                 0x080001fb   Thumb Code     0  startup_stm32f10x_hd.o(.text)
    DMA1_Channel7_IRQHandler                 0x080001fb   Thumb Code     0  startup_stm32f10x_hd.o(.text)
    DMA2_Channel1_IRQHandler                 0x080001fb   Thumb Code     0  startup_stm32f10x_hd.o(.text)
    DMA2_Channel2_IRQHandler                 0x080001fb   Thumb Code     0  startup_stm32f10x_hd.o(.text)
    DMA2_Channel3_IRQHandler                 0x080001fb   Thumb Code     0  startup_stm32f10x_hd.o(.text)
    DMA2_Channel4_5_IRQHandler               0x080001fb   Thumb Code     0  startup_stm32f10x_hd.o(.text)
    EXTI0_IRQHandler                         0x080001fb   Thumb Code     0  startup_stm32f10x_hd.o(.text)
    EXTI15_10_IRQHandler                     0x080001fb   Thumb Code     0  startup_stm32f10x_hd.o(.text)
    EXTI1_IRQHandler                         0x080001fb   Thumb Code     0  startup_stm32f10x_hd.o(.text)
    EXTI2_IRQHandler                         0x080001fb   Thumb Code     0  startup_stm32f10x_hd.o(.text)
    EXTI3_IRQHandler                         0x080001fb   Thumb Code     0  startup_stm32f10x_hd.o(.text)
    EXTI4_IRQHandler                         0x080001fb   Thumb Code     0  startup_stm32f10x_hd.o(.text)
    EXTI9_5_IRQHandler                       0x080001fb   Thumb Code     0  startup_stm32f10x_hd.o(.text)
    FLASH_IRQHandler                         0x080001fb   Thumb Code     0  startup_stm32f10x_hd.o(.text)
    FSMC_IRQHandler                          0x080001fb   Thumb Code     0  startup_stm32f10x_hd.o(.text)
    I2C1_ER_IRQHandler                       0x080001fb   Thumb Code     0  startup_stm32f10x_hd.o(.text)
    I2C1_EV_IRQHandler                       0x080001fb   Thumb Code     0  startup_stm32f10x_hd.o(.text)
    I2C2_ER_IRQHandler                       0x080001fb   Thumb Code     0  startup_stm32f10x_hd.o(.text)
    I2C2_EV_IRQHandler                       0x080001fb   Thumb Code     0  startup_stm32f10x_hd.o(.text)
    PVD_IRQHandler                           0x080001fb   Thumb Code     0  startup_stm32f10x_hd.o(.text)
    RCC_IRQHandler                           0x080001fb   Thumb Code     0  startup_stm32f10x_hd.o(.text)
    RTCAlarm_IRQHandler                      0x080001fb   Thumb Code     0  startup_stm32f10x_hd.o(.text)
    RTC_IRQHandler                           0x080001fb   Thumb Code     0  startup_stm32f10x_hd.o(.text)
    SDIO_IRQHandler                          0x080001fb   Thumb Code     0  startup_stm32f10x_hd.o(.text)
    SPI1_IRQHandler                          0x080001fb   Thumb Code     0  startup_stm32f10x_hd.o(.text)
    SPI2_IRQHandler                          0x080001fb   Thumb Code     0  startup_stm32f10x_hd.o(.text)
    SPI3_IRQHandler                          0x080001fb   Thumb Code     0  startup_stm32f10x_hd.o(.text)
    TAMPER_IRQHandler                        0x080001fb   Thumb Code     0  startup_stm32f10x_hd.o(.text)
    TIM1_BRK_IRQHandler                      0x080001fb   Thumb Code     0  startup_stm32f10x_hd.o(.text)
    TIM1_CC_IRQHandler                       0x080001fb   Thumb Code     0  startup_stm32f10x_hd.o(.text)
    TIM1_TRG_COM_IRQHandler                  0x080001fb   Thumb Code     0  startup_stm32f10x_hd.o(.text)
    TIM1_UP_IRQHandler                       0x080001fb   Thumb Code     0  startup_stm32f10x_hd.o(.text)
    TIM2_IRQHandler                          0x080001fb   Thumb Code     0  startup_stm32f10x_hd.o(.text)
    TIM3_IRQHandler                          0x080001fb   Thumb Code     0  startup_stm32f10x_hd.o(.text)
    TIM4_IRQHandler                          0x080001fb   Thumb Code     0  startup_stm32f10x_hd.o(.text)
    TIM5_IRQHandler                          0x080001fb   Thumb Code     0  startup_stm32f10x_hd.o(.text)
    TIM6_IRQHandler                          0x080001fb   Thumb Code     0  startup_stm32f10x_hd.o(.text)
    TIM7_IRQHandler                          0x080001fb   Thumb Code     0  startup_stm32f10x_hd.o(.text)
    TIM8_BRK_IRQHandler                      0x080001fb   Thumb Code     0  startup_stm32f10x_hd.o(.text)
    TIM8_CC_IRQHandler                       0x080001fb   Thumb Code     0  startup_stm32f10x_hd.o(.text)
    TIM8_TRG_COM_IRQHandler                  0x080001fb   Thumb Code     0  startup_stm32f10x_hd.o(.text)
    TIM8_UP_IRQHandler                       0x080001fb   Thumb Code     0  startup_stm32f10x_hd.o(.text)
    UART4_IRQHandler                         0x080001fb   Thumb Code     0  startup_stm32f10x_hd.o(.text)
    UART5_IRQHandler                         0x080001fb   Thumb Code     0  startup_stm32f10x_hd.o(.text)
    USART2_IRQHandler                        0x080001fb   Thumb Code     0  startup_stm32f10x_hd.o(.text)
    USBWakeUp_IRQHandler                     0x080001fb   Thumb Code     0  startup_stm32f10x_hd.o(.text)
    USB_HP_CAN1_TX_IRQHandler                0x080001fb   Thumb Code     0  startup_stm32f10x_hd.o(.text)
    USB_LP_CAN1_RX0_IRQHandler               0x080001fb   Thumb Code     0  startup_stm32f10x_hd.o(.text)
    WWDG_IRQHandler                          0x080001fb   Thumb Code     0  startup_stm32f10x_hd.o(.text)
    SystemInit                               0x080002ad   Thumb Code    64  system_stm32f10x.o(.text)
    SystemCoreClockUpdate                    0x080002ed   Thumb Code   106  system_stm32f10x.o(.text)
    NVIC_PriorityGroupConfig                 0x08000379   Thumb Code    10  misc.o(.text)
    NVIC_Init                                0x08000383   Thumb Code    96  misc.o(.text)
    NVIC_SetVectorTable                      0x080003e3   Thumb Code    14  misc.o(.text)
    NVIC_SystemLPConfig                      0x080003f1   Thumb Code    24  misc.o(.text)
    SysTick_CLKSourceConfig                  0x08000409   Thumb Code    28  misc.o(.text)
    EXTI_DeInit                              0x08000431   Thumb Code    28  stm32f10x_exti.o(.text)
    EXTI_Init                                0x0800044d   Thumb Code   110  stm32f10x_exti.o(.text)
    EXTI_StructInit                          0x080004bb   Thumb Code    14  stm32f10x_exti.o(.text)
    EXTI_GenerateSWInterrupt                 0x080004c9   Thumb Code    12  stm32f10x_exti.o(.text)
    EXTI_GetFlagStatus                       0x080004d5   Thumb Code    18  stm32f10x_exti.o(.text)
    EXTI_ClearFlag                           0x080004e7   Thumb Code     8  stm32f10x_exti.o(.text)
    EXTI_GetITStatus                         0x080004ef   Thumb Code    28  stm32f10x_exti.o(.text)
    EXTI_ClearITPendingBit                   0x0800050b   Thumb Code     8  stm32f10x_exti.o(.text)
    FSMC_NORSRAMDeInit                       0x0800051d   Thumb Code    48  stm32f10x_fsmc.o(.text)
    FSMC_NANDDeInit                          0x0800054d   Thumb Code    40  stm32f10x_fsmc.o(.text)
    FSMC_PCCARDDeInit                        0x08000575   Thumb Code    22  stm32f10x_fsmc.o(.text)
    FSMC_NORSRAMInit                         0x0800058b   Thumb Code   202  stm32f10x_fsmc.o(.text)
    FSMC_NANDInit                            0x08000655   Thumb Code   104  stm32f10x_fsmc.o(.text)
    FSMC_PCCARDInit                          0x080006bd   Thumb Code    98  stm32f10x_fsmc.o(.text)
    FSMC_NORSRAMStructInit                   0x0800071f   Thumb Code    98  stm32f10x_fsmc.o(.text)
    FSMC_NANDStructInit                      0x08000781   Thumb Code    54  stm32f10x_fsmc.o(.text)
    FSMC_PCCARDStructInit                    0x080007b7   Thumb Code    60  stm32f10x_fsmc.o(.text)
    FSMC_NORSRAMCmd                          0x080007f3   Thumb Code    30  stm32f10x_fsmc.o(.text)
    FSMC_NANDCmd                             0x08000811   Thumb Code    60  stm32f10x_fsmc.o(.text)
    FSMC_PCCARDCmd                           0x0800084d   Thumb Code    34  stm32f10x_fsmc.o(.text)
    FSMC_NANDECCCmd                          0x0800086f   Thumb Code    60  stm32f10x_fsmc.o(.text)
    FSMC_GetECC                              0x080008ab   Thumb Code    18  stm32f10x_fsmc.o(.text)
    FSMC_ITConfig                            0x080008bd   Thumb Code    86  stm32f10x_fsmc.o(.text)
    FSMC_GetFlagStatus                       0x08000913   Thumb Code    40  stm32f10x_fsmc.o(.text)
    FSMC_ClearFlag                           0x0800093b   Thumb Code    52  stm32f10x_fsmc.o(.text)
    FSMC_GetITStatus                         0x0800096f   Thumb Code    52  stm32f10x_fsmc.o(.text)
    FSMC_ClearITPendingBit                   0x080009a3   Thumb Code    48  stm32f10x_fsmc.o(.text)
    GPIO_DeInit                              0x080009d5   Thumb Code   188  stm32f10x_gpio.o(.text)
    GPIO_AFIODeInit                          0x08000a91   Thumb Code    22  stm32f10x_gpio.o(.text)
    GPIO_Init                                0x08000aa7   Thumb Code   166  stm32f10x_gpio.o(.text)
    GPIO_StructInit                          0x08000b4d   Thumb Code    16  stm32f10x_gpio.o(.text)
    GPIO_ReadInputDataBit                    0x08000b5d   Thumb Code    14  stm32f10x_gpio.o(.text)
    GPIO_ReadInputData                       0x08000b6b   Thumb Code     6  stm32f10x_gpio.o(.text)
    GPIO_ReadOutputDataBit                   0x08000b71   Thumb Code    14  stm32f10x_gpio.o(.text)
    GPIO_ReadOutputData                      0x08000b7f   Thumb Code     6  stm32f10x_gpio.o(.text)
    GPIO_SetBits                             0x08000b85   Thumb Code     4  stm32f10x_gpio.o(.text)
    GPIO_ResetBits                           0x08000b89   Thumb Code     4  stm32f10x_gpio.o(.text)
    GPIO_WriteBit                            0x08000b8d   Thumb Code    12  stm32f10x_gpio.o(.text)
    GPIO_Write                               0x08000b99   Thumb Code     4  stm32f10x_gpio.o(.text)
    GPIO_PinLockConfig                       0x08000b9d   Thumb Code    16  stm32f10x_gpio.o(.text)
    GPIO_EventOutputConfig                   0x08000bad   Thumb Code    22  stm32f10x_gpio.o(.text)
    GPIO_EventOutputCmd                      0x08000bc3   Thumb Code     6  stm32f10x_gpio.o(.text)
    GPIO_PinRemapConfig                      0x08000bc9   Thumb Code    86  stm32f10x_gpio.o(.text)
    GPIO_EXTILineConfig                      0x08000c1f   Thumb Code    34  stm32f10x_gpio.o(.text)
    GPIO_ETH_MediaInterfaceConfig            0x08000c41   Thumb Code     8  stm32f10x_gpio.o(.text)
    RCC_DeInit                               0x08000c6d   Thumb Code    50  stm32f10x_rcc.o(.text)
    RCC_HSEConfig                            0x08000c9f   Thumb Code    50  stm32f10x_rcc.o(.text)
    RCC_GetFlagStatus                        0x08000cd1   Thumb Code    42  stm32f10x_rcc.o(.text)
    RCC_WaitForHSEStartUp                    0x08000cfb   Thumb Code    48  stm32f10x_rcc.o(.text)
    RCC_AdjustHSICalibrationValue            0x08000d2b   Thumb Code    16  stm32f10x_rcc.o(.text)
    RCC_HSICmd                               0x08000d3b   Thumb Code     6  stm32f10x_rcc.o(.text)
    RCC_PLLConfig                            0x08000d41   Thumb Code    16  stm32f10x_rcc.o(.text)
    RCC_PLLCmd                               0x08000d51   Thumb Code     6  stm32f10x_rcc.o(.text)
    RCC_SYSCLKConfig                         0x08000d57   Thumb Code    14  stm32f10x_rcc.o(.text)
    RCC_GetSYSCLKSource                      0x08000d65   Thumb Code    10  stm32f10x_rcc.o(.text)
    RCC_HCLKConfig                           0x08000d6f   Thumb Code    14  stm32f10x_rcc.o(.text)
    RCC_PCLK1Config                          0x08000d7d   Thumb Code    14  stm32f10x_rcc.o(.text)
    RCC_PCLK2Config                          0x08000d8b   Thumb Code    16  stm32f10x_rcc.o(.text)
    RCC_ITConfig                             0x08000d9b   Thumb Code    22  stm32f10x_rcc.o(.text)
    RCC_USBCLKConfig                         0x08000db1   Thumb Code     8  stm32f10x_rcc.o(.text)
    RCC_ADCCLKConfig                         0x08000db9   Thumb Code    14  stm32f10x_rcc.o(.text)
    RCC_LSEConfig                            0x08000dc7   Thumb Code    36  stm32f10x_rcc.o(.text)
    RCC_LSICmd                               0x08000deb   Thumb Code     6  stm32f10x_rcc.o(.text)
    RCC_RTCCLKConfig                         0x08000df1   Thumb Code    10  stm32f10x_rcc.o(.text)
    RCC_RTCCLKCmd                            0x08000dfb   Thumb Code     8  stm32f10x_rcc.o(.text)
    RCC_GetClocksFreq                        0x08000e03   Thumb Code   154  stm32f10x_rcc.o(.text)
    RCC_AHBPeriphClockCmd                    0x08000e9d   Thumb Code    22  stm32f10x_rcc.o(.text)
    RCC_APB2PeriphClockCmd                   0x08000eb3   Thumb Code    22  stm32f10x_rcc.o(.text)
    RCC_APB1PeriphClockCmd                   0x08000ec9   Thumb Code    22  stm32f10x_rcc.o(.text)
    RCC_APB2PeriphResetCmd                   0x08000edf   Thumb Code    22  stm32f10x_rcc.o(.text)
    RCC_APB1PeriphResetCmd                   0x08000ef5   Thumb Code    22  stm32f10x_rcc.o(.text)
    RCC_BackupResetCmd                       0x08000f0b   Thumb Code     8  stm32f10x_rcc.o(.text)
    RCC_ClockSecuritySystemCmd               0x08000f13   Thumb Code     6  stm32f10x_rcc.o(.text)
    RCC_MCOConfig                            0x08000f19   Thumb Code     6  stm32f10x_rcc.o(.text)
    RCC_ClearFlag                            0x08000f1f   Thumb Code    12  stm32f10x_rcc.o(.text)
    RCC_GetITStatus                          0x08000f2b   Thumb Code    16  stm32f10x_rcc.o(.text)
    RCC_ClearITPendingBit                    0x08000f3b   Thumb Code     6  stm32f10x_rcc.o(.text)
    USART_DeInit                             0x08000f61   Thumb Code   144  stm32f10x_usart.o(.text)
    USART_Init                               0x08000ff1   Thumb Code   182  stm32f10x_usart.o(.text)
    USART_StructInit                         0x080010a7   Thumb Code    22  stm32f10x_usart.o(.text)
    USART_ClockInit                          0x080010bd   Thumb Code    30  stm32f10x_usart.o(.text)
    USART_ClockStructInit                    0x080010db   Thumb Code    12  stm32f10x_usart.o(.text)
    USART_Cmd                                0x080010e7   Thumb Code    24  stm32f10x_usart.o(.text)
    USART_ITConfig                           0x080010ff   Thumb Code    54  stm32f10x_usart.o(.text)
    USART_DMACmd                             0x08001135   Thumb Code    20  stm32f10x_usart.o(.text)
    USART_SetAddress                         0x08001149   Thumb Code    16  stm32f10x_usart.o(.text)
    USART_WakeUpConfig                       0x08001159   Thumb Code    16  stm32f10x_usart.o(.text)
    USART_ReceiverWakeUpCmd                  0x08001169   Thumb Code    24  stm32f10x_usart.o(.text)
    USART_LINBreakDetectLengthConfig         0x08001181   Thumb Code    16  stm32f10x_usart.o(.text)
    USART_LINCmd                             0x08001191   Thumb Code    24  stm32f10x_usart.o(.text)
    USART_SendData                           0x080011a9   Thumb Code     8  stm32f10x_usart.o(.text)
    USART_ReceiveData                        0x080011b1   Thumb Code     8  stm32f10x_usart.o(.text)
    USART_SendBreak                          0x080011b9   Thumb Code    10  stm32f10x_usart.o(.text)
    USART_SetGuardTime                       0x080011c3   Thumb Code    16  stm32f10x_usart.o(.text)
    USART_SetPrescaler                       0x080011d3   Thumb Code    16  stm32f10x_usart.o(.text)
    USART_SmartCardCmd                       0x080011e3   Thumb Code    24  stm32f10x_usart.o(.text)
    USART_SmartCardNACKCmd                   0x080011fb   Thumb Code    24  stm32f10x_usart.o(.text)
    USART_HalfDuplexCmd                      0x08001213   Thumb Code    24  stm32f10x_usart.o(.text)
    USART_OverSampling8Cmd                   0x0800122b   Thumb Code    24  stm32f10x_usart.o(.text)
    USART_OneBitMethodCmd                    0x08001243   Thumb Code    24  stm32f10x_usart.o(.text)
    USART_IrDAConfig                         0x0800125b   Thumb Code    16  stm32f10x_usart.o(.text)
    USART_IrDACmd                            0x0800126b   Thumb Code    24  stm32f10x_usart.o(.text)
    USART_GetFlagStatus                      0x08001283   Thumb Code    14  stm32f10x_usart.o(.text)
    USART_ClearFlag                          0x08001291   Thumb Code     8  stm32f10x_usart.o(.text)
    USART_GetITStatus                        0x08001299   Thumb Code    64  stm32f10x_usart.o(.text)
    USART_ClearITPendingBit                  0x080012d9   Thumb Code    16  stm32f10x_usart.o(.text)
    ESP8266_Task                             0x080012fd   Thumb Code   104  main.o(.text)
    main                                     0x08001365   Thumb Code   264  main.o(.text)
    MPU6050_Task                             0x0800146d   Thumb Code   196  main.o(.text)
    NMI_Handler                              0x0800159d   Thumb Code     2  stm32f10x_it.o(.text)
    HardFault_Handler                        0x0800159f   Thumb Code     2  stm32f10x_it.o(.text)
    MemManage_Handler                        0x080015a1   Thumb Code     2  stm32f10x_it.o(.text)
    BusFault_Handler                         0x080015a3   Thumb Code     2  stm32f10x_it.o(.text)
    UsageFault_Handler                       0x080015a5   Thumb Code     2  stm32f10x_it.o(.text)
    DebugMon_Handler                         0x080015a7   Thumb Code     2  stm32f10x_it.o(.text)
    SysTick_Handler                          0x080015a9   Thumb Code    24  stm32f10x_it.o(.text)
    USART1_IRQHandler                        0x080015c1   Thumb Code   104  stm32f10x_it.o(.text)
    USART3_IRQHandler                        0x08001629   Thumb Code   120  stm32f10x_it.o(.text)
    Key_GPIO_Config                          0x080016c1   Thumb Code    50  bsp_key.o(.text)
    Key_Scan                                 0x080016f3   Thumb Code    38  bsp_key.o(.text)
    BSP_KEY_EXTI_Config                      0x0800175b   Thumb Code   144  bsp_key.o(.text)
    SysTick_Init                             0x0800181d   Thumb Code    24  bsp_systick.o(.text)
    Delay_us                                 0x08001835   Thumb Code    28  bsp_systick.o(.text)
    mdelay                                   0x08001851   Thumb Code    12  bsp_systick.o(.text)
    TimingDelay_Decrement                    0x0800185d   Thumb Code    16  bsp_systick.o(.text)
    SysTick_Delay_Us                         0x0800186d   Thumb Code    40  bsp_systick.o(.text)
    SysTick_Delay_Ms                         0x08001895   Thumb Code    42  bsp_systick.o(.text)
    USART_Config                             0x080018fb   Thumb Code   150  bsp_usart.o(.text)
    Usart_SendByte                           0x08001991   Thumb Code    24  bsp_usart.o(.text)
    fputc                                    0x080019a9   Thumb Code    30  bsp_usart.o(.text)
    fgetc                                    0x080019c7   Thumb Code    26  bsp_usart.o(.text)
    Usart_SendArray                          0x080019e1   Thumb Code    46  bsp_usart.o(.text)
    Usart_SendString                         0x08001a0f   Thumb Code    38  bsp_usart.o(.text)
    LED_GPIO_Config                          0x08001a3d   Thumb Code    92  bsp_led.o(.text)
    assert_failed                            0x08001a99   Thumb Code    10  bsp_led.o(.text)
    ILI9341_ReadID                           0x08001c8f   Thumb Code    70  bsp_ili9341_lcd.o(.text)
    ILI9341_GramScan                         0x08001fc3   Thumb Code   130  bsp_ili9341_lcd.o(.text)
    ILI9341_Rst                              0x08002045   Thumb Code    42  bsp_ili9341_lcd.o(.text)
    ILI9341_BackLed_Control                  0x0800206f   Thumb Code    22  bsp_ili9341_lcd.o(.text)
    ILI9341_Config                           0x08002085   Thumb Code    34  bsp_ili9341_lcd.o(.text)
    ILI9341_OpenWindow                       0x080020a7   Thumb Code    60  bsp_ili9341_lcd.o(.text)
    ILI9341_Clear                            0x080020e9   Thumb Code    30  bsp_ili9341_lcd.o(.text)
    ILI9341_SetPointPixel                    0x08002107   Thumb Code    34  bsp_ili9341_lcd.o(.text)
    ILI9341_GetPointPixel                    0x0800214f   Thumb Code    12  bsp_ili9341_lcd.o(.text)
    ILI9341_DrawLine                         0x0800215b   Thumb Code   156  bsp_ili9341_lcd.o(.text)
    ILI9341_DrawRectangle                    0x080021f7   Thumb Code   104  bsp_ili9341_lcd.o(.text)
    ILI9341_DrawCircle                       0x0800225f   Thumb Code   346  bsp_ili9341_lcd.o(.text)
    ILI9341_DispChar_EN                      0x080023b9   Thumb Code   110  bsp_ili9341_lcd.o(.text)
    ILI9341_DispStringLine_EN                0x08002427   Thumb Code    72  bsp_ili9341_lcd.o(.text)
    ILI9341_DispString_EN                    0x0800246f   Thumb Code    72  bsp_ili9341_lcd.o(.text)
    ILI9341_DispString_EN_YDir               0x080024b7   Thumb Code    72  bsp_ili9341_lcd.o(.text)
    LCD_SetFont                              0x080024ff   Thumb Code     6  bsp_ili9341_lcd.o(.text)
    LCD_GetFont                              0x08002505   Thumb Code     6  bsp_ili9341_lcd.o(.text)
    LCD_SetColors                            0x0800250b   Thumb Code     8  bsp_ili9341_lcd.o(.text)
    LCD_GetColors                            0x08002513   Thumb Code    12  bsp_ili9341_lcd.o(.text)
    LCD_SetTextColor                         0x0800251f   Thumb Code     6  bsp_ili9341_lcd.o(.text)
    LCD_SetBackColor                         0x08002525   Thumb Code     6  bsp_ili9341_lcd.o(.text)
    LCD_ClearLine                            0x0800252b   Thumb Code    22  bsp_ili9341_lcd.o(.text)
    ESP8266_Init                             0x0800265f   Thumb Code    34  bsp_esp8266.o(.text)
    ESP8266_Rst                              0x08002681   Thumb Code    34  bsp_esp8266.o(.text)
    ESP8266_Cmd                              0x080026a3   Thumb Code   162  bsp_esp8266.o(.text)
    ESP8266_AT_Test                          0x08002745   Thumb Code    82  bsp_esp8266.o(.text)
    ESP8266_Net_Mode_Choose                  0x08002797   Thumb Code    44  bsp_esp8266.o(.text)
    ESP8266_JoinAP                           0x080027c3   Thumb Code    34  bsp_esp8266.o(.text)
    ESP8266_BuildAP                          0x080027e5   Thumb Code    34  bsp_esp8266.o(.text)
    ESP8266_Enable_MultipleId                0x08002807   Thumb Code    40  bsp_esp8266.o(.text)
    ESP8266_Link_Server                      0x0800282f   Thumb Code   104  bsp_esp8266.o(.text)
    ESP8266_StartOrShutServer                0x08002897   Thumb Code   100  bsp_esp8266.o(.text)
    ESP8266_Get_LinkStatus                   0x080028fb   Thumb Code    64  bsp_esp8266.o(.text)
    ESP8266_Get_IdLinkStatus                 0x0800293b   Thumb Code   570  bsp_esp8266.o(.text)
    ESP8266_Inquire_ApIp                     0x08002b75   Thumb Code    68  bsp_esp8266.o(.text)
    ESP8266_UnvarnishSend                    0x08002bb9   Thumb Code    42  bsp_esp8266.o(.text)
    ESP8266_ExitUnvarnishSend                0x08002be3   Thumb Code    26  bsp_esp8266.o(.text)
    ESP8266_SendString                       0x08002bfd   Thumb Code    88  bsp_esp8266.o(.text)
    ESP8266_ReceiveString                    0x08002c55   Thumb Code    72  bsp_esp8266.o(.text)
    Get_ESP82666_Cmd                         0x08002c9d   Thumb Code   118  bsp_esp8266.o(.text)
    ESP8266_MQTT_Config                      0x08002d13   Thumb Code   190  bsp_esp8266.o(.text)
    ESP8266_CheckRecvDataTest                0x08002dd1   Thumb Code   234  bsp_esp8266.o(.text)
    Set_MQTT_User_Config                     0x08002ebb   Thumb Code    48  bsp_esp8266.o(.text)
    MPU6050_WriteReg                         0x080031b9   Thumb Code    48  bsp_mpu6050.o(.text)
    MPU6050_Init                             0x080031e9   Thumb Code    84  bsp_mpu6050.o(.text)
    MPU6050_ReadData                         0x0800323d   Thumb Code    78  bsp_mpu6050.o(.text)
    MPU6050ReadID                            0x0800328b   Thumb Code    44  bsp_mpu6050.o(.text)
    MPU6050ReadTemp                          0x080032b7   Thumb Code    30  bsp_mpu6050.o(.text)
    MPU6050_ReturnTemp                       0x080032d5   Thumb Code    56  bsp_mpu6050.o(.text)
    MPU6050ReadGyro                          0x0800330d   Thumb Code    58  bsp_mpu6050.o(.text)
    MPU6050ReadAcc                           0x08003347   Thumb Code    58  bsp_mpu6050.o(.text)
    iic_stop                                 0x080033ab   Thumb Code    42  iic.o(.text)
    iic_init                                 0x080033d5   Thumb Code    68  iic.o(.text)
    iic_start                                0x08003419   Thumb Code    50  iic.o(.text)
    iic_ack                                  0x0800344b   Thumb Code    54  iic.o(.text)
    iic_nack                                 0x08003481   Thumb Code    42  iic.o(.text)
    iic_wait_ack                             0x080034ab   Thumb Code    78  iic.o(.text)
    iic_send_byte                            0x080034f9   Thumb Code    82  iic.o(.text)
    iic_read_byte                            0x0800354b   Thumb Code    80  iic.o(.text)
    MPU_Write_Len                            0x0800359b   Thumb Code    88  iic.o(.text)
    MPU_Read_Len                             0x080035f3   Thumb Code   110  iic.o(.text)
    USART_printf                             0x080036c1   Thumb Code   230  common.o(.text)
    CPU_TS_TmrInit                           0x080037a9   Thumb Code    26  core_delay.o(.text)
    CPU_TS_TmrRd                             0x080037c3   Thumb Code     6  core_delay.o(.text)
    CPU_TS_Tmr_Delay_US                      0x080037c9   Thumb Code    58  core_delay.o(.text)
    i2c_Stop                                 0x08003821   Thumb Code    28  iicstart.o(.text)
    bsp_InitI2C                              0x0800383d   Thumb Code    60  iicstart.o(.text)
    i2c_Start                                0x08003879   Thumb Code    34  iicstart.o(.text)
    i2c_SendByte                             0x0800389b   Thumb Code    78  iicstart.o(.text)
    i2c_ReadByte                             0x080038e9   Thumb Code    68  iicstart.o(.text)
    i2c_WaitAck                              0x0800392d   Thumb Code    42  iicstart.o(.text)
    i2c_Ack                                  0x08003957   Thumb Code    36  iicstart.o(.text)
    i2c_NAck                                 0x0800397b   Thumb Code    32  iicstart.o(.text)
    i2c_CheckDevice                          0x0800399b   Thumb Code    48  iicstart.o(.text)
    maxim_max30102_write_reg                 0x080039d1   Thumb Code    84  max30102.o(.text)
    maxim_max30102_read_reg                  0x08003a25   Thumb Code    98  max30102.o(.text)
    maxim_max30102_init                      0x08003a87   Thumb Code   254  max30102.o(.text)
    maxim_max30102_read_fifo                 0x08003b85   Thumb Code   228  max30102.o(.text)
    maxim_max30102_reset                     0x08003c69   Thumb Code    26  max30102.o(.text)
    Gain_Hr_Spo                              0x08003c83   Thumb Code  1518  max30102.o(.text)
    max3012_init                             0x08004271   Thumb Code   128  max30102.o(.text)
    maxim_sort_ascend                        0x08004329   Thumb Code    46  max30102_math.o(.text)
    maxim_sort_indices_descend               0x08004357   Thumb Code    54  max30102_math.o(.text)
    maxim_remove_close_peaks                 0x0800438d   Thumb Code   102  max30102_math.o(.text)
    maxim_peaks_above_min_height             0x080043f3   Thumb Code   132  max30102_math.o(.text)
    maxim_find_peaks                         0x08004477   Thumb Code    54  max30102_math.o(.text)
    maxim_heart_rate_and_oxygen_saturation   0x080044ad   Thumb Code   604  max30102_math.o(.text)
    vListInitialise                          0x08004719   Thumb Code    22  list.o(.text)
    vListInitialiseItem                      0x0800472f   Thumb Code     6  list.o(.text)
    vListInsertEnd                           0x08004735   Thumb Code    24  list.o(.text)
    vListInsert                              0x0800474d   Thumb Code    48  list.o(.text)
    uxListRemove                             0x0800477d   Thumb Code    36  list.o(.text)
    xQueueGenericReset                       0x080047a1   Thumb Code   130  queue.o(.text)
    xQueueGenericCreate                      0x08004843   Thumb Code    64  queue.o(.text)
    xQueueGenericSend                        0x080049e9   Thumb Code   358  queue.o(.text)
    xQueueGenericSendFromISR                 0x08004b4f   Thumb Code   254  queue.o(.text)
    xQueueGiveFromISR                        0x08004c4d   Thumb Code   184  queue.o(.text)
    xQueueGenericReceive                     0x08004d47   Thumb Code   354  queue.o(.text)
    xQueueReceiveFromISR                     0x08004ea9   Thumb Code   152  queue.o(.text)
    xQueuePeekFromISR                        0x08004f41   Thumb Code   120  queue.o(.text)
    uxQueueMessagesWaiting                   0x08004fb9   Thumb Code    38  queue.o(.text)
    uxQueueSpacesAvailable                   0x08004fdf   Thumb Code    42  queue.o(.text)
    uxQueueMessagesWaitingFromISR            0x08005009   Thumb Code    28  queue.o(.text)
    vQueueUnregisterQueue                    0x08005025   Thumb Code    36  queue.o(.text)
    vQueueDelete                             0x08005049   Thumb Code    40  queue.o(.text)
    xQueueIsQueueEmptyFromISR                0x08005071   Thumb Code    36  queue.o(.text)
    xQueueIsQueueFullFromISR                 0x08005095   Thumb Code    40  queue.o(.text)
    vQueueAddToRegistry                      0x080050bd   Thumb Code    32  queue.o(.text)
    pcQueueGetName                           0x080050dd   Thumb Code    34  queue.o(.text)
    vQueueWaitForMessageRestricted           0x080050ff   Thumb Code    68  queue.o(.text)
    xQueueCreateSet                          0x08005143   Thumb Code     8  queue.o(.text)
    xQueueAddToSet                           0x0800514b   Thumb Code    38  queue.o(.text)
    xQueueRemoveFromSet                      0x08005171   Thumb Code    38  queue.o(.text)
    xQueueSelectFromSet                      0x08005197   Thumb Code    18  queue.o(.text)
    xQueueSelectFromSetFromISR               0x080051a9   Thumb Code    18  queue.o(.text)
    xTaskCreate                              0x08005311   Thumb Code    96  tasks.o(.text)
    vTaskDelete                              0x080053a3   Thumb Code   154  tasks.o(.text)
    xTaskIncrementTick                       0x0800543d   Thumb Code   192  tasks.o(.text)
    xTaskResumeAll                           0x080054fd   Thumb Code   248  tasks.o(.text)
    vTaskSuspendAll                          0x0800565b   Thumb Code    10  tasks.o(.text)
    vTaskDelayUntil                          0x08005665   Thumb Code   144  tasks.o(.text)
    vTaskDelay                               0x080056f5   Thumb Code    70  tasks.o(.text)
    eTaskGetState                            0x0800573b   Thumb Code    98  tasks.o(.text)
    uxTaskPriorityGet                        0x0800579d   Thumb Code    24  tasks.o(.text)
    uxTaskPriorityGetFromISR                 0x080057b5   Thumb Code    40  tasks.o(.text)
    vTaskPrioritySet                         0x080057dd   Thumb Code   184  tasks.o(.text)
    vTaskSwitchContext                       0x08005895   Thumb Code    88  tasks.o(.text)
    vTaskSuspend                             0x080058ed   Thumb Code   156  tasks.o(.text)
    vTaskResume                              0x080059bb   Thumb Code   136  tasks.o(.text)
    xTaskResumeFromISR                       0x08005a43   Thumb Code   130  tasks.o(.text)
    vTaskStartScheduler                      0x08005b2f   Thumb Code   100  tasks.o(.text)
    vTaskEndScheduler                        0x08005b93   Thumb Code    24  tasks.o(.text)
    xTaskGetTickCount                        0x08005bab   Thumb Code     6  tasks.o(.text)
    xTaskGetTickCountFromISR                 0x08005bb1   Thumb Code    12  tasks.o(.text)
    uxTaskGetNumberOfTasks                   0x08005bbd   Thumb Code     6  tasks.o(.text)
    pcTaskGetName                            0x08005bc3   Thumb Code    40  tasks.o(.text)
    vTaskPlaceOnEventList                    0x08005beb   Thumb Code    48  tasks.o(.text)
    vTaskPlaceOnUnorderedEventList           0x08005c1b   Thumb Code    80  tasks.o(.text)
    vTaskPlaceOnEventListRestricted          0x08005c6b   Thumb Code    56  tasks.o(.text)
    xTaskRemoveFromEventList                 0x08005ca3   Thumb Code   110  tasks.o(.text)
    xTaskRemoveFromUnorderedEventList        0x08005d11   Thumb Code   118  tasks.o(.text)
    vTaskSetTimeOutState                     0x08005d87   Thumb Code    36  tasks.o(.text)
    xTaskCheckForTimeOut                     0x08005dab   Thumb Code   142  tasks.o(.text)
    vTaskMissedYield                         0x08005e39   Thumb Code     8  tasks.o(.text)
    xTaskGetSchedulerState                   0x08005e41   Thumb Code    24  tasks.o(.text)
    uxTaskResetEventItemValue                0x08005e59   Thumb Code    20  tasks.o(.text)
    ulTaskNotifyTake                         0x08005e6d   Thumb Code    96  tasks.o(.text)
    xTaskNotifyWait                          0x08005ecd   Thumb Code   134  tasks.o(.text)
    xTaskGenericNotify                       0x08005f53   Thumb Code   194  tasks.o(.text)
    xTaskGenericNotifyFromISR                0x08006015   Thumb Code   242  tasks.o(.text)
    vTaskNotifyGiveFromISR                   0x08006107   Thumb Code   174  tasks.o(.text)
    xTaskNotifyStateClear                    0x080061b5   Thumb Code    46  tasks.o(.text)
    xTimerGenericCommand                     0x08006231   Thumb Code   110  timers.o(.text)
    xTimerCreateTimerTask                    0x08006507   Thumb Code    58  timers.o(.text)
    xTimerCreate                             0x08006585   Thumb Code    46  timers.o(.text)
    xTimerGetTimerDaemonTaskHandle           0x080065b3   Thumb Code    26  timers.o(.text)
    xTimerGetPeriod                          0x080065cd   Thumb Code   100  timers.o(.text)
    xTimerGetExpiryTime                      0x08006631   Thumb Code    28  timers.o(.text)
    pcTimerGetName                           0x0800664d   Thumb Code    28  timers.o(.text)
    xTimerIsTimerActive                      0x08006669   Thumb Code    46  timers.o(.text)
    pvTimerGetTimerID                        0x08006697   Thumb Code    38  timers.o(.text)
    vTimerSetTimerID                         0x080066bd   Thumb Code    40  timers.o(.text)
    pvPortMalloc                             0x08006777   Thumb Code   206  heap_4.o(.text)
    vPortFree                                0x08006845   Thumb Code    96  heap_4.o(.text)
    xPortGetFreeHeapSize                     0x080068a5   Thumb Code     8  heap_4.o(.text)
    xPortGetMinimumEverFreeHeapSize          0x080068ad   Thumb Code     8  heap_4.o(.text)
    vPortInitialiseBlocks                    0x080068b5   Thumb Code     2  heap_4.o(.text)
    pxPortInitialiseStack                    0x0800691b   Thumb Code    24  port.o(.text)
    vPortSetupTimerInterrupt                 0x08006933   Thumb Code    26  port.o(.text)
    xPortStartScheduler                      0x0800694d   Thumb Code   104  port.o(.text)
    vPortEndScheduler                        0x080069b5   Thumb Code    24  port.o(.text)
    vPortEnterCritical                       0x080069cd   Thumb Code    52  port.o(.text)
    vPortExitCritical                        0x08006a01   Thumb Code    38  port.o(.text)
    xPortSysTickHandler                      0x08006a27   Thumb Code    40  port.o(.text)
    vPortValidateInterruptPriority           0x08006a4f   Thumb Code    72  port.o(.text)
    __aeabi_memcpy                           0x08006ae5   Thumb Code    36  memcpya.o(.text)
    __aeabi_memcpy4                          0x08006ae5   Thumb Code     0  memcpya.o(.text)
    __aeabi_memcpy8                          0x08006ae5   Thumb Code     0  memcpya.o(.text)
    __aeabi_memset                           0x08006b09   Thumb Code    14  memseta.o(.text)
    __aeabi_memset4                          0x08006b09   Thumb Code     0  memseta.o(.text)
    __aeabi_memset8                          0x08006b09   Thumb Code     0  memseta.o(.text)
    __aeabi_memclr                           0x08006b17   Thumb Code     4  memseta.o(.text)
    __aeabi_memclr4                          0x08006b17   Thumb Code     0  memseta.o(.text)
    __aeabi_memclr8                          0x08006b17   Thumb Code     0  memseta.o(.text)
    _memset$wrapper                          0x08006b1b   Thumb Code    18  memseta.o(.text)
    strstr                                   0x08006b2d   Thumb Code    36  strstr.o(.text)
    __aeabi_fadd                             0x08006b51   Thumb Code   164  fadd.o(.text)
    __aeabi_fsub                             0x08006bf5   Thumb Code     6  fadd.o(.text)
    __aeabi_frsub                            0x08006bfb   Thumb Code     6  fadd.o(.text)
    __aeabi_fmul                             0x08006c01   Thumb Code   100  fmul.o(.text)
    __aeabi_fdiv                             0x08006c65   Thumb Code   124  fdiv.o(.text)
    __aeabi_dadd                             0x08006ce1   Thumb Code   322  dadd.o(.text)
    __aeabi_dsub                             0x08006e23   Thumb Code     6  dadd.o(.text)
    __aeabi_drsub                            0x08006e29   Thumb Code     6  dadd.o(.text)
    __aeabi_ddiv                             0x08006e2f   Thumb Code   222  ddiv.o(.text)
    __aeabi_ui2f                             0x08006f0d   Thumb Code    10  ffltui.o(.text)
    __aeabi_i2d                              0x08006f17   Thumb Code    34  dflti.o(.text)
    __aeabi_f2iz                             0x08006f39   Thumb Code    50  ffixi.o(.text)
    __aeabi_d2uiz                            0x08006f6b   Thumb Code    50  dfixui.o(.text)
    __aeabi_d2f                              0x08006f9d   Thumb Code    56  d2f.o(.text)
    __aeabi_uldivmod                         0x08006fd5   Thumb Code    98  uldiv.o(.text)
    __aeabi_llsl                             0x08007037   Thumb Code    30  llshl.o(.text)
    _ll_shift_l                              0x08007037   Thumb Code     0  llshl.o(.text)
    __aeabi_llsr                             0x08007055   Thumb Code    32  llushr.o(.text)
    _ll_ushift_r                             0x08007055   Thumb Code     0  llushr.o(.text)
    __aeabi_lasr                             0x08007075   Thumb Code    36  llsshr.o(.text)
    _ll_sshift_r                             0x08007075   Thumb Code     0  llsshr.o(.text)
    __I$use$fp                               0x08007099   Thumb Code     0  iusefp.o(.text)
    _float_round                             0x08007099   Thumb Code    18  fepilogue.o(.text)
    _float_epilogue                          0x080070ab   Thumb Code    92  fepilogue.o(.text)
    _double_round                            0x08007107   Thumb Code    30  depilogue.o(.text)
    _double_epilogue                         0x08007125   Thumb Code   156  depilogue.o(.text)
    _dsqrt                                   0x080071c1   Thumb Code   162  dsqrt.o(.text)
    __scatterload                            0x08007265   Thumb Code    28  init.o(.text)
    __scatterload_rt2                        0x08007265   Thumb Code     0  init.o(.text)
    __decompress                             0x08007289   Thumb Code     0  __dczerorl2.o(.text)
    __decompress1                            0x08007289   Thumb Code    86  __dczerorl2.o(.text)
    __0printf$8                              0x080072e1   Thumb Code    22  printf8.o(i.__0printf$8)
    __1printf$8                              0x080072e1   Thumb Code     0  printf8.o(i.__0printf$8)
    __2printf                                0x080072e1   Thumb Code     0  printf8.o(i.__0printf$8)
    __0sprintf$8                             0x08007301   Thumb Code    34  printf8.o(i.__0sprintf$8)
    __1sprintf$8                             0x08007301   Thumb Code     0  printf8.o(i.__0sprintf$8)
    __2sprintf                               0x08007301   Thumb Code     0  printf8.o(i.__0sprintf$8)
    __scatterload_copy                       0x08007329   Thumb Code    14  handlers.o(i.__scatterload_copy)
    __scatterload_null                       0x08007337   Thumb Code     2  handlers.o(i.__scatterload_null)
    __scatterload_zeroinit                   0x08007339   Thumb Code    14  handlers.o(i.__scatterload_zeroinit)
    __set_errno                              0x08007349   Thumb Code     6  errno.o(i.__set_errno)
    sqrt                                     0x080077b5   Thumb Code    76  sqrt.o(i.sqrt)
    ASCII8x16_Table                          0x08007800   Data        1520  fonts.o(.constdata)
    uch_spo2_table                           0x08007df0   Data         184  max30102_math.o(.constdata)
    Region$$Table$$Base                      0x080082f4   Number         0  anon$$obj.o(Region$$Table)
    Region$$Table$$Limit                     0x08008314   Number         0  anon$$obj.o(Region$$Table)
    SystemCoreClock                          0x20000000   Data           4  system_stm32f10x.o(.data)
    AHBPrescTable                            0x20000004   Data          16  system_stm32f10x.o(.data)
    SVM                                      0x20000028   Data           2  main.o(.data)
    flag                                     0x2000002a   Data           2  main.o(.data)
    onlie_flag                               0x2000002c   Data           2  main.o(.data)
    ACC                                      0x2000002e   Data           6  main.o(.data)
    LCD_SCAN_MODE                            0x20000038   Data           1  bsp_ili9341_lcd.o(.data)
    LCD_X_LENGTH                             0x2000003a   Data           2  bsp_ili9341_lcd.o(.data)
    LCD_Y_LENGTH                             0x2000003c   Data           2  bsp_ili9341_lcd.o(.data)
    lcdid                                    0x2000003e   Data           2  bsp_ili9341_lcd.o(.data)
    Font8x16                                 0x20000048   Data           8  fonts.o(.data)
    ucTcpClosedFlag                          0x20000050   Data           1  bsp_esp8266.o(.data)
    ledCmd                                   0x20000054   Data          32  bsp_esp8266.o(.data)
    ch_spo2_valid                            0x20000074   Data           1  max30102.o(.data)
    ch_hr_valid                              0x20000075   Data           1  max30102.o(.data)
    uch_dummy                                0x20000076   Data           1  max30102.o(.data)
    n_ir_buffer_length                       0x20000078   Data           4  max30102.o(.data)
    un_min                                   0x2000007c   Data           4  max30102.o(.data)
    un_max                                   0x20000080   Data           4  max30102.o(.data)
    hrTimeout                                0x20000084   Data           4  max30102.o(.data)
    hrValidCnt                               0x20000088   Data           4  max30102.o(.data)
    hrThrowOutSamp                           0x2000008c   Data           4  max30102.o(.data)
    spo2Timeout                              0x20000090   Data           4  max30102.o(.data)
    spo2ValidCnt                             0x20000094   Data           4  max30102.o(.data)
    spo2ThrowOutSamp                         0x20000098   Data           4  max30102.o(.data)
    i                                        0x2000009c   Data           4  max30102.o(.data)
    a                                        0x200000a0   Data           4  max30102.o(.data)
    un_prev_data                             0x200000a4   Data           4  max30102.o(.data)
    un_brightness                            0x200000a8   Data           4  max30102.o(.data)
    n_spo2                                   0x200000ac   Data           4  max30102.o(.data)
    n_heart_rate                             0x200000b0   Data           4  max30102.o(.data)
    f_temp                                   0x200000b4   Data           4  max30102.o(.data)
    hrBuffFilled                             0x200000b8   Data           4  max30102.o(.data)
    hrSum                                    0x200000bc   Data           4  max30102.o(.data)
    hrAvg                                    0x200000c0   Data           4  max30102.o(.data)
    spo2Sum                                  0x200000c4   Data           4  max30102.o(.data)
    spo2Avg                                  0x200000c8   Data           4  max30102.o(.data)
    spo2BuffFilled                           0x200000cc   Data           4  max30102.o(.data)
    pxCurrentTCB                             0x200000d0   Data           4  tasks.o(.data)
    __stdout                                 0x20000144   Data           4  stdout.o(.data)
    ptr10                                    0x2000014c   Data         200  main.o(.bss)
    strEsp8266_Fram_Record                   0x20000214   Data        1502  bsp_esp8266.o(.bss)
    strUSART_Fram_Record                     0x200007f2   Data        1502  bsp_esp8266.o(.bss)
    ptr                                      0x20000dd0   Data         250  bsp_esp8266.o(.bss)
    ptr1                                     0x20000eca   Data         250  bsp_esp8266.o(.bss)
    ptr2                                     0x20000fc4   Data         250  bsp_esp8266.o(.bss)
    temp2                                    0x200010c0   Data         200  max30102.o(.bss)
    temp1                                    0x20001188   Data         200  max30102.o(.bss)
    aun_ir_buffer                            0x20001250   Data         600  max30102.o(.bss)
    aun_red_buffer                           0x200014a8   Data         600  max30102.o(.bss)
    hr_buf                                   0x20001700   Data          64  max30102.o(.bss)
    spo2_buf                                 0x20001740   Data          64  max30102.o(.bss)
    xQueueRegistry                           0x20001c30   Data          80  queue.o(.bss)
    __initial_sp                             0x2000b390   Data           0  startup_stm32f10x_hd.o(STACK)



==============================================================================

Memory Map of the image

  Image Entry point : 0x08000131

  Load Region LR_IROM1 (Base: 0x08000000, Size: 0x00008460, Max: 0x00080000, ABSOLUTE, COMPRESSED[0x00008368])

    Execution Region ER_IROM1 (Exec base: 0x08000000, Load base: 0x08000000, Size: 0x00008314, Max: 0x00080000, ABSOLUTE)

    Exec Addr    Load Addr    Size         Type   Attr      Idx    E Section Name        Object

    0x08000000   0x08000000   0x00000130   Data   RO            3    RESET               startup_stm32f10x_hd.o
    0x08000130   0x08000130   0x00000000   Code   RO         1057  * .ARM.Collect$$$$00000000  mc_w.l(entry.o)
    0x08000130   0x08000130   0x00000004   Code   RO         1392    .ARM.Collect$$$$00000001  mc_w.l(entry2.o)
    0x08000134   0x08000134   0x00000004   Code   RO         1395    .ARM.Collect$$$$00000004  mc_w.l(entry5.o)
    0x08000138   0x08000138   0x00000000   Code   RO         1397    .ARM.Collect$$$$00000008  mc_w.l(entry7b.o)
    0x08000138   0x08000138   0x00000000   Code   RO         1399    .ARM.Collect$$$$0000000A  mc_w.l(entry8b.o)
    0x08000138   0x08000138   0x00000008   Code   RO         1400    .ARM.Collect$$$$0000000B  mc_w.l(entry9a.o)
    0x08000140   0x08000140   0x00000004   Code   RO         1407    .ARM.Collect$$$$0000000E  mc_w.l(entry12b.o)
    0x08000144   0x08000144   0x00000000   Code   RO         1402    .ARM.Collect$$$$0000000F  mc_w.l(entry10a.o)
    0x08000144   0x08000144   0x00000000   Code   RO         1404    .ARM.Collect$$$$00000011  mc_w.l(entry11a.o)
    0x08000144   0x08000144   0x00000004   Code   RO         1393    .ARM.Collect$$$$00002712  mc_w.l(entry2.o)
    0x08000148   0x08000148   0x00000096   Code   RO         1001    .emb_text           port.o
    0x080001de   0x080001de   0x00000002   PAD
    0x080001e0   0x080001e0   0x00000024   Code   RO            4    .text               startup_stm32f10x_hd.o
    0x08000204   0x08000204   0x00000174   Code   RO           24    .text               system_stm32f10x.o
    0x08000378   0x08000378   0x000000b8   Code   RO          121    .text               misc.o
    0x08000430   0x08000430   0x000000ec   Code   RO          233    .text               stm32f10x_exti.o
    0x0800051c   0x0800051c   0x000004b6   Code   RO          257    .text               stm32f10x_fsmc.o
    0x080009d2   0x080009d2   0x00000002   PAD
    0x080009d4   0x080009d4   0x00000298   Code   RO          269    .text               stm32f10x_gpio.o
    0x08000c6c   0x08000c6c   0x000002f4   Code   RO          317    .text               stm32f10x_rcc.o
    0x08000f60   0x08000f60   0x0000039c   Code   RO          379    .text               stm32f10x_usart.o
    0x080012fc   0x080012fc   0x000002a0   Code   RO          403    .text               main.o
    0x0800159c   0x0800159c   0x00000124   Code   RO          507    .text               stm32f10x_it.o
    0x080016c0   0x080016c0   0x00000134   Code   RO          537    .text               bsp_key.o
    0x080017f4   0x080017f4   0x000000e0   Code   RO          549    .text               bsp_systick.o
    0x080018d4   0x080018d4   0x00000168   Code   RO          570    .text               bsp_usart.o
    0x08001a3c   0x08001a3c   0x0000006c   Code   RO          586    .text               bsp_led.o
    0x08001aa8   0x08001aa8   0x00000ab8   Code   RO          598    .text               bsp_ili9341_lcd.o
    0x08002560   0x08002560   0x00000c58   Code   RO          646    .text               bsp_esp8266.o
    0x080031b8   0x080031b8   0x000001ec   Code   RO          681    .text               bsp_mpu6050.o
    0x080033a4   0x080033a4   0x000002c0   Code   RO          697    .text               iic.o
    0x08003664   0x08003664   0x00000142   Code   RO          768    .text               common.o
    0x080037a6   0x080037a6   0x00000002   PAD
    0x080037a8   0x080037a8   0x0000006c   Code   RO          783    .text               core_delay.o
    0x08003814   0x08003814   0x000001bc   Code   RO          795    .text               iicstart.o
    0x080039d0   0x080039d0   0x00000958   Code   RO          810    .text               max30102.o
    0x08004328   0x08004328   0x000003f0   Code   RO          839    .text               max30102_math.o
    0x08004718   0x08004718   0x00000088   Code   RO          910    .text               list.o
    0x080047a0   0x080047a0   0x00000a24   Code   RO          922    .text               queue.o
    0x080051c4   0x080051c4   0x00001030   Code   RO          940    .text               tasks.o
    0x080061f4   0x080061f4   0x000004f0   Code   RO          971    .text               timers.o
    0x080066e4   0x080066e4   0x00000214   Code   RO          986    .text               heap_4.o
    0x080068f8   0x080068f8   0x000001ec   Code   RO         1002    .text               port.o
    0x08006ae4   0x08006ae4   0x00000024   Code   RO         1062    .text               mc_w.l(memcpya.o)
    0x08006b08   0x08006b08   0x00000024   Code   RO         1064    .text               mc_w.l(memseta.o)
    0x08006b2c   0x08006b2c   0x00000024   Code   RO         1066    .text               mc_w.l(strstr.o)
    0x08006b50   0x08006b50   0x000000b0   Code   RO         1333    .text               mf_w.l(fadd.o)
    0x08006c00   0x08006c00   0x00000064   Code   RO         1335    .text               mf_w.l(fmul.o)
    0x08006c64   0x08006c64   0x0000007c   Code   RO         1337    .text               mf_w.l(fdiv.o)
    0x08006ce0   0x08006ce0   0x0000014e   Code   RO         1341    .text               mf_w.l(dadd.o)
    0x08006e2e   0x08006e2e   0x000000de   Code   RO         1345    .text               mf_w.l(ddiv.o)
    0x08006f0c   0x08006f0c   0x0000000a   Code   RO         1349    .text               mf_w.l(ffltui.o)
    0x08006f16   0x08006f16   0x00000022   Code   RO         1351    .text               mf_w.l(dflti.o)
    0x08006f38   0x08006f38   0x00000032   Code   RO         1353    .text               mf_w.l(ffixi.o)
    0x08006f6a   0x08006f6a   0x00000032   Code   RO         1357    .text               mf_w.l(dfixui.o)
    0x08006f9c   0x08006f9c   0x00000038   Code   RO         1361    .text               mf_w.l(d2f.o)
    0x08006fd4   0x08006fd4   0x00000062   Code   RO         1411    .text               mc_w.l(uldiv.o)
    0x08007036   0x08007036   0x0000001e   Code   RO         1413    .text               mc_w.l(llshl.o)
    0x08007054   0x08007054   0x00000020   Code   RO         1415    .text               mc_w.l(llushr.o)
    0x08007074   0x08007074   0x00000024   Code   RO         1417    .text               mc_w.l(llsshr.o)
    0x08007098   0x08007098   0x00000000   Code   RO         1426    .text               mc_w.l(iusefp.o)
    0x08007098   0x08007098   0x0000006e   Code   RO         1427    .text               mf_w.l(fepilogue.o)
    0x08007106   0x08007106   0x000000ba   Code   RO         1429    .text               mf_w.l(depilogue.o)
    0x080071c0   0x080071c0   0x000000a2   Code   RO         1433    .text               mf_w.l(dsqrt.o)
    0x08007262   0x08007262   0x00000002   PAD
    0x08007264   0x08007264   0x00000024   Code   RO         1441    .text               mc_w.l(init.o)
    0x08007288   0x08007288   0x00000056   Code   RO         1451    .text               mc_w.l(__dczerorl2.o)
    0x080072de   0x080072de   0x00000002   PAD
    0x080072e0   0x080072e0   0x00000020   Code   RO         1279    i.__0printf$8       mc_w.l(printf8.o)
    0x08007300   0x08007300   0x00000028   Code   RO         1281    i.__0sprintf$8      mc_w.l(printf8.o)
    0x08007328   0x08007328   0x0000000e   Code   RO         1445    i.__scatterload_copy  mc_w.l(handlers.o)
    0x08007336   0x08007336   0x00000002   Code   RO         1446    i.__scatterload_null  mc_w.l(handlers.o)
    0x08007338   0x08007338   0x0000000e   Code   RO         1447    i.__scatterload_zeroinit  mc_w.l(handlers.o)
    0x08007346   0x08007346   0x00000002   PAD
    0x08007348   0x08007348   0x0000000c   Code   RO         1421    i.__set_errno       mc_w.l(errno.o)
    0x08007354   0x08007354   0x00000404   Code   RO         1286    i._printf_core      mc_w.l(printf8.o)
    0x08007758   0x08007758   0x00000024   Code   RO         1287    i._printf_post_padding  mc_w.l(printf8.o)
    0x0800777c   0x0800777c   0x0000002e   Code   RO         1288    i._printf_pre_padding  mc_w.l(printf8.o)
    0x080077aa   0x080077aa   0x0000000a   Code   RO         1290    i._sputc            mc_w.l(printf8.o)
    0x080077b4   0x080077b4   0x0000004c   Code   RO         1050    i.sqrt              m_ws.l(sqrt.o)
    0x08007800   0x08007800   0x000005f0   Data   RO          629    .constdata          fonts.o
    0x08007df0   0x08007df0   0x000000b8   Data   RO          841    .constdata          max30102_math.o
    0x08007ea8   0x08007ea8   0x0000013f   Data   RO          407    .conststring        main.o
    0x08007fe7   0x08007fe7   0x00000001   PAD
    0x08007fe8   0x08007fe8   0x00000145   Data   RO          648    .conststring        bsp_esp8266.o
    0x0800812d   0x0800812d   0x00000003   PAD
    0x08008130   0x08008130   0x00000047   Data   RO          682    .conststring        bsp_mpu6050.o
    0x08008177   0x08008177   0x00000001   PAD
    0x08008178   0x08008178   0x00000179   Data   RO          812    .conststring        max30102.o
    0x080082f1   0x080082f1   0x00000003   PAD
    0x080082f4   0x080082f4   0x00000020   Data   RO         1443    Region$$Table       anon$$obj.o


    Execution Region RW_IRAM1 (Exec base: 0x20000000, Load base: 0x08008314, Size: 0x0000b390, Max: 0x00010000, ABSOLUTE, COMPRESSED[0x00000054])

    Exec Addr    Load Addr    Size         Type   Attr      Idx    E Section Name        Object

    0x20000000   COMPRESSED   0x00000014   Data   RW           25    .data               system_stm32f10x.o
    0x20000014   COMPRESSED   0x00000014   Data   RW          318    .data               stm32f10x_rcc.o
    0x20000028   COMPRESSED   0x0000000c   Data   RW          408    .data               main.o
    0x20000034   COMPRESSED   0x00000004   Data   RW          550    .data               bsp_systick.o
    0x20000038   COMPRESSED   0x00000010   Data   RW          599    .data               bsp_ili9341_lcd.o
    0x20000048   COMPRESSED   0x00000008   Data   RW          632    .data               fonts.o
    0x20000050   COMPRESSED   0x00000024   Data   RW          649    .data               bsp_esp8266.o
    0x20000074   COMPRESSED   0x0000005c   Data   RW          813    .data               max30102.o
    0x200000d0   COMPRESSED   0x0000003c   Data   RW          942    .data               tasks.o
    0x2000010c   COMPRESSED   0x00000014   Data   RW          973    .data               timers.o
    0x20000120   COMPRESSED   0x00000018   Data   RW          988    .data               heap_4.o
    0x20000138   COMPRESSED   0x0000000c   Data   RW         1003    .data               port.o
    0x20000144   COMPRESSED   0x00000004   Data   RW         1408    .data               mc_w.l(stdout.o)
    0x20000148   COMPRESSED   0x00000004   Data   RW         1422    .data               mc_w.l(errno.o)
    0x2000014c        -       0x000000c8   Zero   RW          406    .bss                main.o
    0x20000214        -       0x00000eaa   Zero   RW          647    .bss                bsp_esp8266.o
    0x200010be   COMPRESSED   0x00000002   PAD
    0x200010c0        -       0x000006c0   Zero   RW          811    .bss                max30102.o
    0x20001780        -       0x000004b0   Zero   RW          840    .bss                max30102_math.o
    0x20001c30        -       0x00000050   Zero   RW          923    .bss                queue.o
    0x20001c80        -       0x000002e4   Zero   RW          941    .bss                tasks.o
    0x20001f64        -       0x00000028   Zero   RW          972    .bss                timers.o
    0x20001f8c        -       0x00009000   Zero   RW          987    .bss                heap_4.o
    0x2000af8c   COMPRESSED   0x00000004   PAD
    0x2000af90        -       0x00000400   Zero   RW            1    STACK               startup_stm32f10x_hd.o


==============================================================================

Image component sizes


      Code (inc. data)   RO Data    RW Data    ZI Data      Debug   Object Name

      3160       1174        325         36       3754      11307   bsp_esp8266.o
      2744         34          0         16          0      23451   bsp_ili9341_lcd.o
       308         10          0          0          0       1591   bsp_key.o
       108          6          0          0          0       1100   bsp_led.o
       492         36         71          0          0       2389   bsp_mpu6050.o
       224         22          0          4          0      17306   bsp_systick.o
       360          8          0          0          0       3647   bsp_usart.o
       322          0          0          0          0       2471   common.o
         0          0          0          0          0       4508   core_cm3.o
       108         18          0          0          0        970   core_delay.o
         0          0          0          0          0      11920   event_groups.o
         0          0       1520          8          0       1397   fonts.o
       532         66          0         24      36864       3532   heap_4.o
       704          4          0          0          0       3327   iic.o
       444          6          0          0          0       2268   iicstart.o
       136          0          0          0          0       1926   list.o
       672        108        319         12        200       7014   main.o
      2392        458        377         92       1728       5800   max30102.o
      1008         16        184          0       1200       6098   max30102_math.o
       184         12          0          0          0       2017   misc.o
       642         90          0         12          0       7795   port.o
      2596         60          0          0         80      15305   queue.o
        36          8        304          0       1024        880   startup_stm32f10x_hd.o
       236         10          0          0          0       2503   stm32f10x_exti.o
      1206         10          0          0          0       6091   stm32f10x_fsmc.o
       664         36          0          0          0       6301   stm32f10x_gpio.o
       292         32          0          0          0       9583   stm32f10x_it.o
       756         32          0         20          0       9460   stm32f10x_rcc.o
       924         20          0          0          0       9264   stm32f10x_usart.o
       372         34          0         20          0     240367   system_stm32f10x.o
      4144        138          0         60        740      29604   tasks.o
      1264         86          0         20         40       8287   timers.o

    ----------------------------------------------------------------------
     27036       2534       3140        324      45636     459479   Object Totals
         0          0         32          0          0          0   (incl. Generated)
         6          0          8          0          6          0   (incl. Padding)

    ----------------------------------------------------------------------

      Code (inc. data)   RO Data    RW Data    ZI Data      Debug   Library Member Name

        76          0          0          0          0         84   sqrt.o
        86          0          0          0          0          0   __dczerorl2.o
         0          0          0          0          0          0   entry.o
         0          0          0          0          0          0   entry10a.o
         0          0          0          0          0          0   entry11a.o
         4          0          0          0          0          0   entry12b.o
         8          4          0          0          0          0   entry2.o
         4          0          0          0          0          0   entry5.o
         0          0          0          0          0          0   entry7b.o
         0          0          0          0          0          0   entry8b.o
         8          4          0          0          0          0   entry9a.o
        12          6          0          4          0         68   errno.o
        30          0          0          0          0          0   handlers.o
        36          8          0          0          0         68   init.o
         0          0          0          0          0          0   iusefp.o
        30          0          0          0          0         68   llshl.o
        36          0          0          0          0         68   llsshr.o
        32          0          0          0          0         68   llushr.o
        36          0          0          0          0         68   memcpya.o
        36          0          0          0          0        108   memseta.o
      1192         60          0          0          0        504   printf8.o
         0          0          0          4          0          0   stdout.o
        36          0          0          0          0         80   strstr.o
        98          0          0          0          0         92   uldiv.o
        56          0          0          0          0         88   d2f.o
       334          0          0          0          0        148   dadd.o
       222          0          0          0          0        100   ddiv.o
       186          0          0          0          0        176   depilogue.o
        50          0          0          0          0         76   dfixui.o
        34          0          0          0          0         76   dflti.o
       162          0          0          0          0        100   dsqrt.o
       176          0          0          0          0        140   fadd.o
       124          0          0          0          0         88   fdiv.o
       110          0          0          0          0        168   fepilogue.o
        50          0          0          0          0         68   ffixi.o
        10          0          0          0          0         68   ffltui.o
       100          0          0          0          0         76   fmul.o

    ----------------------------------------------------------------------
      3380         82          0          8          0       2648   Library Totals
         6          0          0          0          0          0   (incl. Padding)

    ----------------------------------------------------------------------

      Code (inc. data)   RO Data    RW Data    ZI Data      Debug   Library Name

        76          0          0          0          0         84   m_ws.l
      1684         82          0          8          0       1192   mc_w.l
      1614          0          0          0          0       1372   mf_w.l

    ----------------------------------------------------------------------
      3380         82          0          8          0       2648   Library Totals

    ----------------------------------------------------------------------

==============================================================================


      Code (inc. data)   RO Data    RW Data    ZI Data      Debug   

     30416       2616       3140        332      45636     458095   Grand Totals
     30416       2616       3140         84      45636     458095   ELF Image Totals (compressed)
     30416       2616       3140         84          0          0   ROM Totals

==============================================================================

    Total RO  Size (Code + RO Data)                33556 (  32.77kB)
    Total RW  Size (RW Data + ZI Data)             45968 (  44.89kB)
    Total ROM Size (Code + RO Data + RW Data)      33640 (  32.85kB)

==============================================================================

